Component: ARM Compiler 5.05 update 1 (build 106) Tool: armlink [4d0efa]

==============================================================================

Section Cross References

    bsp.o(i.BSP_Accelerometer_Init) refers to bsp.o(i.adcinit) for adcinit
    bsp.o(i.BSP_Buzzer_Init) refers to bsp.o(.data) for SubsystemFrequency
    bsp.o(i.BSP_Buzzer_Set) refers to bsp.o(.data) for PWMCycles
    bsp.o(i.BSP_Clock_GetFreq) refers to bsp.o(.data) for ClockFrequency
    bsp.o(i.BSP_Clock_InitFastest) refers to bsp.o(.data) for Prewait
    bsp.o(i.BSP_Delay1ms) refers to bsp.o(.emb_text) for parrotdelay
    bsp.o(i.BSP_Joystick_Init) refers to bsp.o(i.adcinit) for adcinit
    bsp.o(i.BSP_LCD_DrawBitmap) refers to bsp.o(i.setAddrWindow) for setAddrWindow
    bsp.o(i.BSP_LCD_DrawBitmap) refers to bsp.o(i.writedata) for writedata
    bsp.o(i.BSP_LCD_DrawBitmap) refers to bsp.o(.data) for _width
    bsp.o(i.BSP_LCD_DrawChar) refers to bsp.o(i.setAddrWindow) for setAddrWindow
    bsp.o(i.BSP_LCD_DrawChar) refers to bsp.o(i.pushColor) for pushColor
    bsp.o(i.BSP_LCD_DrawChar) refers to bsp.o(.data) for _width
    bsp.o(i.BSP_LCD_DrawChar) refers to bsp.o(.constdata) for Font
    bsp.o(i.BSP_LCD_DrawCharS) refers to bsp.o(i.BSP_LCD_DrawPixel) for BSP_LCD_DrawPixel
    bsp.o(i.BSP_LCD_DrawCharS) refers to bsp.o(i.BSP_LCD_FillRect) for BSP_LCD_FillRect
    bsp.o(i.BSP_LCD_DrawCharS) refers to bsp.o(.data) for _width
    bsp.o(i.BSP_LCD_DrawCharS) refers to bsp.o(.constdata) for Font
    bsp.o(i.BSP_LCD_DrawFastHLine) refers to bsp.o(i.setAddrWindow) for setAddrWindow
    bsp.o(i.BSP_LCD_DrawFastHLine) refers to bsp.o(i.writedata) for writedata
    bsp.o(i.BSP_LCD_DrawFastHLine) refers to bsp.o(.data) for _width
    bsp.o(i.BSP_LCD_DrawFastVLine) refers to bsp.o(i.setAddrWindow) for setAddrWindow
    bsp.o(i.BSP_LCD_DrawFastVLine) refers to bsp.o(i.writedata) for writedata
    bsp.o(i.BSP_LCD_DrawFastVLine) refers to bsp.o(.data) for _width
    bsp.o(i.BSP_LCD_DrawPixel) refers to bsp.o(i.setAddrWindow) for setAddrWindow
    bsp.o(i.BSP_LCD_DrawPixel) refers to bsp.o(i.pushColor) for pushColor
    bsp.o(i.BSP_LCD_DrawPixel) refers to bsp.o(.data) for _width
    bsp.o(i.BSP_LCD_DrawString) refers to bsp.o(i.BSP_LCD_DrawChar) for BSP_LCD_DrawChar
    bsp.o(i.BSP_LCD_Drawaxes) refers to bsp.o(i.BSP_LCD_FillRect) for BSP_LCD_FillRect
    bsp.o(i.BSP_LCD_Drawaxes) refers to bsp.o(i.BSP_LCD_DrawFastHLine) for BSP_LCD_DrawFastHLine
    bsp.o(i.BSP_LCD_Drawaxes) refers to bsp.o(i.BSP_LCD_DrawFastVLine) for BSP_LCD_DrawFastVLine
    bsp.o(i.BSP_LCD_Drawaxes) refers to bsp.o(i.BSP_LCD_DrawPixel) for BSP_LCD_DrawPixel
    bsp.o(i.BSP_LCD_Drawaxes) refers to bsp.o(i.BSP_LCD_DrawChar) for BSP_LCD_DrawChar
    bsp.o(i.BSP_LCD_Drawaxes) refers to bsp.o(.data) for Ymax
    bsp.o(i.BSP_LCD_FillRect) refers to bsp.o(i.setAddrWindow) for setAddrWindow
    bsp.o(i.BSP_LCD_FillRect) refers to bsp.o(i.writedata) for writedata
    bsp.o(i.BSP_LCD_FillRect) refers to bsp.o(.data) for _width
    bsp.o(i.BSP_LCD_FillScreen) refers to bsp.o(i.BSP_LCD_FillRect) for BSP_LCD_FillRect
    bsp.o(i.BSP_LCD_FillScreen) refers to bsp.o(.data) for _height
    bsp.o(i.BSP_LCD_Init) refers to bsp.o(i.ST7735_InitR) for ST7735_InitR
    bsp.o(i.BSP_LCD_OutUDec) refers to bsp.o(i.fillmessage) for fillmessage
    bsp.o(i.BSP_LCD_OutUDec) refers to bsp.o(i.BSP_LCD_DrawString) for BSP_LCD_DrawString
    bsp.o(i.BSP_LCD_OutUDec) refers to bsp.o(i.BSP_LCD_DrawChar) for BSP_LCD_DrawChar
    bsp.o(i.BSP_LCD_OutUDec) refers to bsp.o(.data) for StTextColor
    bsp.o(i.BSP_LCD_OutUDec) refers to bsp.o(.bss) for Message
    bsp.o(i.BSP_LCD_OutUDec4) refers to bsp.o(i.fillmessage4) for fillmessage4
    bsp.o(i.BSP_LCD_OutUDec4) refers to bsp.o(i.BSP_LCD_DrawString) for BSP_LCD_DrawString
    bsp.o(i.BSP_LCD_OutUDec4) refers to bsp.o(i.BSP_LCD_DrawChar) for BSP_LCD_DrawChar
    bsp.o(i.BSP_LCD_OutUDec4) refers to bsp.o(.data) for Messageindex
    bsp.o(i.BSP_LCD_OutUDec4) refers to bsp.o(.bss) for Message
    bsp.o(i.BSP_LCD_OutUDec5) refers to bsp.o(i.fillmessage5) for fillmessage5
    bsp.o(i.BSP_LCD_OutUDec5) refers to bsp.o(i.BSP_LCD_DrawString) for BSP_LCD_DrawString
    bsp.o(i.BSP_LCD_OutUDec5) refers to bsp.o(i.BSP_LCD_DrawChar) for BSP_LCD_DrawChar
    bsp.o(i.BSP_LCD_OutUDec5) refers to bsp.o(.data) for Messageindex
    bsp.o(i.BSP_LCD_OutUDec5) refers to bsp.o(.bss) for Message
    bsp.o(i.BSP_LCD_OutUFix2_1) refers to bsp.o(i.fillmessage2_1) for fillmessage2_1
    bsp.o(i.BSP_LCD_OutUFix2_1) refers to bsp.o(i.BSP_LCD_DrawString) for BSP_LCD_DrawString
    bsp.o(i.BSP_LCD_OutUFix2_1) refers to bsp.o(i.BSP_LCD_DrawChar) for BSP_LCD_DrawChar
    bsp.o(i.BSP_LCD_OutUFix2_1) refers to bsp.o(.data) for StY
    bsp.o(i.BSP_LCD_OutUFix2_1) refers to bsp.o(.bss) for Message
    bsp.o(i.BSP_LCD_OutUHex2) refers to bsp.o(i.fillmessage2_Hex) for fillmessage2_Hex
    bsp.o(i.BSP_LCD_OutUHex2) refers to bsp.o(i.BSP_LCD_DrawString) for BSP_LCD_DrawString
[...]
    bsp.o(i.fillmessage4) refers to bsp.o(i.fillmessage) for fillmessage
    bsp.o(i.fillmessage4) refers to bsp.o(.data) for Messageindex
    bsp.o(i.fillmessage4) refers to bsp.o(.bss) for Message
    bsp.o(i.fillmessage5) refers to bsp.o(i.fillmessage) for fillmessage
    bsp.o(i.fillmessage5) refers to bsp.o(.data) for Messageindex
    bsp.o(i.fillmessage5) refers to bsp.o(.bss) for Message
    bsp.o(i.lightsensorend) refers to bsp.o(i.I2C_Send1) for I2C_Send1
    bsp.o(i.lightsensorend) refers to bsp.o(i.I2C_Recv2) for I2C_Recv2
    bsp.o(i.lightsensorend) refers to bsp.o(i.I2C_Send3) for I2C_Send3
    bsp.o(i.lightsensorstart) refers to bsp.o(i.I2C_Send3) for I2C_Send3
    bsp.o(i.lightsensorstart) refers to bsp.o(i.I2C_Recv2) for I2C_Recv2
    bsp.o(i.pushColor) refers to bsp.o(i.writedata) for writedata
    bsp.o(i.setAddrWindow) refers to bsp.o(i.writecommand) for writecommand
    bsp.o(i.setAddrWindow) refers to bsp.o(i.writedata) for writedata
    bsp.o(i.setAddrWindow) refers to bsp.o(.data) for ColStart
    bsp.o(i.tempsensorend) refers to bsp.o(i.I2C_Send1) for I2C_Send1
    bsp.o(i.tempsensorend) refers to bsp.o(i.I2C_Recv2) for I2C_Recv2
    bsp.o(i.tempsensorstart) refers to bsp.o(i.I2C_Send3) for I2C_Send3
    cortexm.o(i.Clock_Delay1ms) refers to cortexm.o(.emb_text) for delay
    edisk.o(i.eDisk_Format) refers to flashprogram.o(i.Flash_Erase) for Flash_Erase
    edisk.o(i.eDisk_WriteSector) refers to flashprogram.o(i.Flash_WriteArray) for Flash_WriteArray
    flashprogram.o(i.Flash_Erase) refers to flashprogram.o(i.IsInBank0) for IsInBank0
    flashprogram.o(i.Flash_Erase) refers to flashprogram.o(i.IsInBank1) for IsInBank1
    flashprogram.o(i.Flash_Erase) refers to flashprogram.o(i.EraseAddrValid) for EraseAddrValid
    flashprogram.o(i.Flash_FastWrite) refers to flashprogram.o(i.IsInBank0) for IsInBank0
    flashprogram.o(i.Flash_FastWrite) refers to flashprogram.o(i.IsInBank1) for IsInBank1
    flashprogram.o(i.Flash_FastWrite) refers to flashprogram.o(i.MassWriteAddrValid) for MassWriteAddrValid
    flashprogram.o(i.Flash_Write) refers to flashprogram.o(i.IsInBank0) for IsInBank0
    flashprogram.o(i.Flash_Write) refers to flashprogram.o(i.IsInBank1) for IsInBank1
    flashprogram.o(i.Flash_Write) refers to flashprogram.o(i.WriteAddrValid) for WriteAddrValid
    flashprogram.o(i.Flash_WriteArray) refers to flashprogram.o(i.Flash_Write) for Flash_Write
    lab5.o(i.DisplayDirectory) refers to bsp.o(i.BSP_LCD_FillScreen) for BSP_LCD_FillScreen
    lab5.o(i.DisplayDirectory) refers to bsp.o(i.BSP_LCD_DrawString) for BSP_LCD_DrawString
    lab5.o(i.DisplayDirectory) refers to bsp.o(i.BSP_LCD_SetCursor) for BSP_LCD_SetCursor
    lab5.o(i.DisplayDirectory) refers to bsp.o(i.BSP_LCD_OutUDec4) for BSP_LCD_OutUDec4
    lab5.o(i.DisplayDirectory) refers to lab5.o(.constdata) for ColorArray
    lab5.o(i.FillBuff) refers to efile.o(.bss) for Buff
    lab5.o(i.main) refers to startup_msp432.o(.text) for DisableInterrupts
    lab5.o(i.main) refers to bsp.o(i.BSP_Clock_InitFastest) for BSP_Clock_InitFastest
    lab5.o(i.main) refers to profile.o(i.Profile_Init) for Profile_Init
    lab5.o(i.main) refers to bsp.o(i.BSP_Button1_Init) for BSP_Button1_Init
    lab5.o(i.main) refers to bsp.o(i.BSP_Button2_Init) for BSP_Button2_Init
    lab5.o(i.main) refers to bsp.o(i.BSP_LCD_Init) for BSP_LCD_Init
    lab5.o(i.main) refers to bsp.o(i.BSP_LCD_FillScreen) for BSP_LCD_FillScreen
    lab5.o(i.main) refers to bsp.o(i.BSP_Button1_Input) for BSP_Button1_Input
    lab5.o(i.main) refers to bsp.o(i.BSP_LCD_DrawString) for BSP_LCD_DrawString
    lab5.o(i.main) refers to texas.o(i.TExaS_Init) for TExaS_Init
    lab5.o(i.main) refers to bsp.o(i.BSP_Button2_Input) for BSP_Button2_Input
    lab5.o(i.main) refers to efile.o(i.OS_File_Format) for OS_File_Format
    lab5.o(i.main) refers to efile.o(i.OS_File_New) for OS_File_New
    lab5.o(i.main) refers to lab5.o(i.testbuildbuff) for testbuildbuff
    lab5.o(i.main) refers to efile.o(i.OS_File_Append) for OS_File_Append
    lab5.o(i.main) refers to efile.o(i.OS_File_Size) for OS_File_Size
    lab5.o(i.main) refers to efile.o(i.OS_File_Flush) for OS_File_Flush
    lab5.o(i.main) refers to lab5.o(i.DisplayDirectory) for DisplayDirectory
    lab5.o(i.main) refers to efile.o(.bss) for Buff
    lab5.o(i.testbuildbuff) refers to efile.o(.bss) for Buff
    efile.o(i.MountDirectory) refers to edisk.o(i.eDisk_ReadSector) for eDisk_ReadSector
    efile.o(i.MountDirectory) refers to efile.o(.data) for bDirectoryLoaded
    efile.o(i.MountDirectory) refers to efile.o(.bss) for Buff
    efile.o(i.OS_File_Append) refers to efile.o(i.MountDirectory) for MountDirectory
    efile.o(i.OS_File_Append) refers to efile.o(i.findfreesector) for findfreesector
    efile.o(i.OS_File_Append) refers to edisk.o(i.eDisk_WriteSector) for eDisk_WriteSector
    efile.o(i.OS_File_Append) refers to efile.o(i.appendfat) for appendfat
    efile.o(i.OS_File_Append) refers to efile.o(.data) for bDirectoryLoaded
    efile.o(i.OS_File_Flush) refers to edisk.o(i.eDisk_WriteSector) for eDisk_WriteSector
    efile.o(i.OS_File_Flush) refers to efile.o(.data) for bDirectoryLoaded
    efile.o(i.OS_File_Flush) refers to efile.o(.bss) for Directory
    efile.o(i.OS_File_Format) refers to edisk.o(i.eDisk_Format) for eDisk_Format
    efile.o(i.OS_File_Format) refers to efile.o(.bss) for Directory
    efile.o(i.OS_File_Format) refers to efile.o(.data) for bDirectoryLoaded
    efile.o(i.OS_File_New) refers to efile.o(i.MountDirectory) for MountDirectory
    efile.o(i.OS_File_New) refers to efile.o(.data) for bDirectoryLoaded
    efile.o(i.OS_File_New) refers to efile.o(.bss) for Directory
    efile.o(i.OS_File_Read) refers to edisk.o(i.eDisk_ReadSector) for eDisk_ReadSector
    efile.o(i.OS_File_Read) refers to efile.o(.bss) for Directory
    efile.o(i.OS_File_Size) refers to efile.o(.bss) for Directory
    efile.o(i.appendfat) refers to efile.o(.bss) for Directory
    efile.o(i.findfreesector) refers to efile.o(i.lastsector) for lastsector
    efile.o(i.findfreesector) refers to efile.o(i.max) for max
    efile.o(i.findfreesector) refers to efile.o(.bss) for Directory
    efile.o(i.lastsector) refers to efile.o(.bss) for FAT
    texas.o(i.Encrypt) refers to texas.o(.bss) for MagicCode
    texas.o(i.Encrypt) refers to texas.o(.constdata) for Key
    texas.o(i.LogicAnalyzer) refers to texas.o(.data) for LogicData
    texas.o(i.PeriodicTask2_Init) refers to startup_msp432.o(.text) for StartCritical
    texas.o(i.PeriodicTask2_Init) refers to texas.o(.data) for PeriodicTask2
    texas.o(i.SetGrade) refers to texas.o(i.Encrypt) for Encrypt
    texas.o(i.SetGrade) refers to texas.o(.bss) for MagicCode
    texas.o(i.TA3_0_IRQHandler) refers to texas.o(.data) for PeriodicTask2
    texas.o(i.TExaS_Init) refers to bsp.o(i.BSP_Time_Init) for BSP_Time_Init
    texas.o(i.TExaS_Init) refers to texas.o(i.UART_Init) for UART_Init
    texas.o(i.TExaS_Init) refers to texas.o(i.PeriodicTask2_Init) for PeriodicTask2_Init
    texas.o(i.TExaS_Init) refers to texas.o(i.UART_OutString) for UART_OutString
    texas.o(i.TExaS_Init) refers to texas.o(i.UART_OutUHex) for UART_OutUHex
    texas.o(i.TExaS_Init) refers to flashprogram.o(i.Flash_Erase) for Flash_Erase
    texas.o(i.TExaS_Init) refers to texas.o(i.UART_OutUDec) for UART_OutUDec
    texas.o(i.TExaS_Init) refers to flashprogram.o(i.Flash_Write) for Flash_Write
    texas.o(i.TExaS_Init) refers to flashprogram.o(i.Flash_WriteArray) for Flash_WriteArray
    texas.o(i.TExaS_Init) refers to flashprogram.o(i.Flash_FastWrite) for Flash_FastWrite
    texas.o(i.TExaS_Init) refers to edisk.o(i.eDisk_Init) for eDisk_Init
    texas.o(i.TExaS_Init) refers to edisk.o(i.eDisk_Format) for eDisk_Format
    texas.o(i.TExaS_Init) refers to edisk.o(i.eDisk_WriteSector) for eDisk_WriteSector
    texas.o(i.TExaS_Init) refers to texas.o(.data) for Id
    texas.o(i.TExaS_Init) refers to texas.o(i.LogicAnalyzer) for LogicAnalyzer
    texas.o(i.TExaS_Init) refers to texas.o(.bss) for blockBuffer
    texas.o(i.TExaS_Init) refers to texas.o(.conststring) for .conststring
    texas.o(i.TExaS_Init) refers to edisk.o(i.eDisk_ReadSector) for eDisk_ReadSector
    texas.o(i.TExaS_Init) refers to efile.o(i.OS_File_Format) for OS_File_Format
    texas.o(i.TExaS_Init) refers to efile.o(i.OS_File_New) for OS_File_New
    texas.o(i.TExaS_Init) refers to texas.o(i.texasbuildbuff) for texasbuildbuff
    texas.o(i.TExaS_Init) refers to efile.o(i.OS_File_Append) for OS_File_Append
    texas.o(i.TExaS_Init) refers to efile.o(i.OS_File_Flush) for OS_File_Flush
    texas.o(i.TExaS_Init) refers to efile.o(i.OS_File_Size) for OS_File_Size
    texas.o(i.TExaS_Init) refers to efile.o(i.OS_File_Read) for OS_File_Read
    texas.o(i.TExaS_Init) refers to texas.o(i.texascompare) for texascompare
    texas.o(i.TExaS_Init) refers to texas.o(i.SetGrade) for SetGrade
    texas.o(i.TExaS_Stop) refers to texas.o(i.PeriodicTask2_Stop) for PeriodicTask2_Stop
    texas.o(i.TExaS_Task0) refers to texas.o(.data) for LogicData
    texas.o(i.TExaS_Task1) refers to texas.o(.data) for LogicData
    texas.o(i.TExaS_Task2) refers to texas.o(.data) for LogicData
    texas.o(i.TExaS_Task3) refers to texas.o(.data) for LogicData
    texas.o(i.TExaS_Task4) refers to texas.o(.data) for LogicData
    texas.o(i.TExaS_Task5) refers to texas.o(.data) for LogicData
    texas.o(i.TExaS_Task6) refers to texas.o(.data) for LogicData
    texas.o(i.UART_InString) refers to texas.o(i.UART_InChar) for UART_InChar
    texas.o(i.UART_InString) refers to texas.o(i.UART_OutChar) for UART_OutChar
    texas.o(i.UART_InUDec) refers to texas.o(i.UART_InChar) for UART_InChar
    texas.o(i.UART_InUDec) refers to texas.o(i.UART_OutChar) for UART_OutChar
    texas.o(i.UART_InUHex) refers to texas.o(i.UART_InChar) for UART_InChar
    texas.o(i.UART_InUHex) refers to texas.o(i.UART_OutChar) for UART_OutChar
    texas.o(i.UART_OutString) refers to texas.o(i.UART_OutChar) for UART_OutChar
    texas.o(i.UART_OutUDec) refers to texas.o(i.UART_OutChar) for UART_OutChar
    texas.o(i.UART_OutUDec4) refers to texas.o(i.UART_OutString) for UART_OutString
    texas.o(i.UART_OutUDec4) refers to texas.o(i.fillmessage4b) for fillmessage4b
    texas.o(i.UART_OutUDec4) refers to texas.o(.data) for Messageindexb
    texas.o(i.UART_OutUDec5) refers to texas.o(i.UART_OutString) for UART_OutString
    texas.o(i.UART_OutUDec5) refers to texas.o(i.fillmessage5b) for fillmessage5b
    texas.o(i.UART_OutUDec5) refers to texas.o(.data) for Messageindexb
    texas.o(i.UART_OutUFix1) refers to texas.o(i.UART_OutUDec) for UART_OutUDec
    texas.o(i.UART_OutUFix1) refers to texas.o(i.UART_OutChar) for UART_OutChar
    texas.o(i.UART_OutUHex) refers to texas.o(i.UART_OutChar) for UART_OutChar
    texas.o(i.fillmessage4b) refers to texas.o(i.fillmessageb) for fillmessageb
    texas.o(i.fillmessage4b) refers to texas.o(.data) for Messageindexb
    texas.o(i.fillmessage5b) refers to texas.o(i.fillmessageb) for fillmessageb
    texas.o(i.fillmessage5b) refers to texas.o(.data) for Messageindexb
    texas.o(i.fillmessageb) refers to texas.o(.data) for Messageb
    startup_msp432.o(STACK) refers (Special) to heapauxi.o(.text) for __use_two_region_memory
    startup_msp432.o(HEAP) refers (Special) to heapauxi.o(.text) for __use_two_region_memory
    startup_msp432.o(RESET) refers (Special) to heapauxi.o(.text) for __use_two_region_memory
    startup_msp432.o(RESET) refers to startup_msp432.o(STACK) for __initial_sp
    startup_msp432.o(RESET) refers to startup_msp432.o(.text) for Reset_Handler
    startup_msp432.o(RESET) refers to bsp.o(i.TA1_0_IRQHandler) for TA1_0_IRQHandler
    startup_msp432.o(RESET) refers to bsp.o(i.TA2_0_IRQHandler) for TA2_0_IRQHandler
    startup_msp432.o(RESET) refers to texas.o(i.TA3_0_IRQHandler) for TA3_0_IRQHandler
    startup_msp432.o(RESET) refers to bsp.o(i.T32_INT1_IRQHandler) for T32_INT1_IRQHandler
    startup_msp432.o(.text) refers (Special) to heapauxi.o(.text) for __use_two_region_memory
    startup_msp432.o(.text) refers to system_msp432.o(i.SystemInit) for SystemInit
    startup_msp432.o(.text) refers to __main.o(!!!main) for __main
    startup_msp432.o(.text) refers to startup_msp432.o(HEAP) for Heap_Mem
    startup_msp432.o(.text) refers to startup_msp432.o(STACK) for Stack_Mem
    system_msp432.o(i.SystemCoreClockUpdate) refers to system_msp432.o(.data) for SystemCoreClock
    system_msp432.o(i.SystemInit) refers to system_msp432.o(.data) for SystemCoreClock
    __main.o(!!!main) refers to __rtentry.o(.ARM.Collect$$rtentry$$00000000) for __rt_entry
    __rtentry.o(.ARM.Collect$$rtentry$$00000000) refers (Special) to __rtentry2.o(.ARM.Collect$$rtentry$$0000000A) for __rt_entry_li
    __rtentry.o(.ARM.Collect$$rtentry$$00000000) refers (Special) to __rtentry2.o(.ARM.Collect$$rtentry$$0000000D) for __rt_entry_main
    __rtentry.o(.ARM.Collect$$rtentry$$00000000) refers (Special) to __rtentry2.o(.ARM.Collect$$rtentry$$0000000C) for __rt_entry_postli_1
    __rtentry.o(.ARM.Collect$$rtentry$$00000000) refers (Special) to __rtentry2.o(.ARM.Collect$$rtentry$$00000009) for __rt_entry_postsh_1
    __rtentry.o(.ARM.Collect$$rtentry$$00000000) refers (Special) to __rtentry2.o(.ARM.Collect$$rtentry$$00000002) for __rt_entry_presh_1
    __rtentry.o(.ARM.Collect$$rtentry$$00000000) refers (Special) to __rtentry4.o(.ARM.Collect$$rtentry$$00000004) for __rt_entry_sh
    __rtentry2.o(.ARM.Collect$$rtentry$$00000008) refers to boardinit2.o(.text) for _platform_post_stackheap_init
    __rtentry2.o(.ARM.Collect$$rtentry$$0000000A) refers to libinit.o(.ARM.Collect$$libinit$$00000000) for __rt_lib_init
    __rtentry2.o(.ARM.Collect$$rtentry$$0000000B) refers to boardinit3.o(.text) for _platform_post_lib_init
    __rtentry2.o(.ARM.Collect$$rtentry$$0000000D) refers to lab5.o(i.main) for main
    __rtentry2.o(.ARM.Collect$$rtentry$$0000000D) refers to exit.o(.text) for exit
    __rtentry2.o(.ARM.exidx) refers to __rtentry2.o(.ARM.Collect$$rtentry$$00000001) for .ARM.Collect$$rtentry$$00000001
    __rtentry2.o(.ARM.exidx) refers to __rtentry2.o(.ARM.Collect$$rtentry$$00000008) for .ARM.Collect$$rtentry$$00000008
    __rtentry2.o(.ARM.exidx) refers to __rtentry2.o(.ARM.Collect$$rtentry$$0000000A) for .ARM.Collect$$rtentry$$0000000A
    __rtentry2.o(.ARM.exidx) refers to __rtentry2.o(.ARM.Collect$$rtentry$$0000000B) for .ARM.Collect$$rtentry$$0000000B
    __rtentry2.o(.ARM.exidx) refers to __rtentry2.o(.ARM.Collect$$rtentry$$0000000D) for .ARM.Collect$$rtentry$$0000000D
    __rtentry4.o(.ARM.Collect$$rtentry$$00000004) refers to sys_stackheap_outer.o(.text) for __user_setup_stackheap
    __rtentry4.o(.ARM.exidx) refers to __rtentry4.o(.ARM.Collect$$rtentry$$00000004) for .ARM.Collect$$rtentry$$00000004
    sys_stackheap_outer.o(.text) refers to libspace.o(.text) for __user_perproc_libspace
    sys_stackheap_outer.o(.text) refers to startup_msp432.o(.text) for __user_initial_stackheap
    exit.o(.text) refers to rtexit.o(.ARM.Collect$$rtexit$$00000000) for __rt_exit
    libinit.o(.ARM.Collect$$libinit$$00000000) refers (Special) to libinit2.o(.ARM.Collect$$libinit$$0000002E) for __rt_lib_init_alloca_1
    libinit.o(.ARM.Collect$$libinit$$00000000) refers (Special) to libinit2.o(.ARM.Collect$$libinit$$0000002C) for __rt_lib_init_argv_1
    libinit.o(.ARM.Collect$$libinit$$00000000) refers (Special) to libinit2.o(.ARM.Collect$$libinit$$0000001B) for __rt_lib_init_atexit_1
    libinit.o(.ARM.Collect$$libinit$$00000000) refers (Special) to libinit2.o(.ARM.Collect$$libinit$$00000021) for __rt_lib_init_clock_1
    libinit.o(.ARM.Collect$$libinit$$00000000) refers (Special) to libinit2.o(.ARM.Collect$$libinit$$00000032) for __rt_lib_init_cpp_1
    libinit.o(.ARM.Collect$$libinit$$00000000) refers (Special) to libinit2.o(.ARM.Collect$$libinit$$00000030) for __rt_lib_init_exceptions_1
    libinit.o(.ARM.Collect$$libinit$$00000000) refers (Special) to libinit2.o(.ARM.Collect$$libinit$$00000002) for __rt_lib_init_fp_1
    libinit.o(.ARM.Collect$$libinit$$00000000) refers (Special) to libinit2.o(.ARM.Collect$$libinit$$0000001F) for __rt_lib_init_fp_trap_1
    libinit.o(.ARM.Collect$$libinit$$00000000) refers (Special) to libinit2.o(.ARM.Collect$$libinit$$00000023) for __rt_lib_init_getenv_1
    libinit.o(.ARM.Collect$$libinit$$00000000) refers (Special) to libinit2.o(.ARM.Collect$$libinit$$0000000A) for __rt_lib_init_heap_1
    libinit.o(.ARM.Collect$$libinit$$00000000) refers (Special) to libinit2.o(.ARM.Collect$$libinit$$00000011) for __rt_lib_init_lc_collate_1
    libinit.o(.ARM.Collect$$libinit$$00000000) refers (Special) to libinit2.o(.ARM.Collect$$libinit$$00000013) for __rt_lib_init_lc_ctype_1
    libinit.o(.ARM.Collect$$libinit$$00000000) refers (Special) to libinit2.o(.ARM.Collect$$libinit$$00000015) for __rt_lib_init_lc_monetary_1
    libinit.o(.ARM.Collect$$libinit$$00000000) refers (Special) to libinit2.o(.ARM.Collect$$libinit$$00000017) for __rt_lib_init_lc_numeric_1
    libinit.o(.ARM.Collect$$libinit$$00000000) refers (Special) to libinit2.o(.ARM.Collect$$libinit$$00000019) for __rt_lib_init_lc_time_1
    libinit.o(.ARM.Collect$$libinit$$00000000) refers (Special) to libinit2.o(.ARM.Collect$$libinit$$00000004) for __rt_lib_init_preinit_1
    libinit.o(.ARM.Collect$$libinit$$00000000) refers (Special) to libinit2.o(.ARM.Collect$$libinit$$0000000E) for __rt_lib_init_rand_1
    libinit.o(.ARM.Collect$$libinit$$00000000) refers (Special) to libinit2.o(.ARM.Collect$$libinit$$00000033) for __rt_lib_init_return
    libinit.o(.ARM.Collect$$libinit$$00000000) refers (Special) to libinit2.o(.ARM.Collect$$libinit$$0000001D) for __rt_lib_init_signal_1
    libinit.o(.ARM.Collect$$libinit$$00000000) refers (Special) to libinit2.o(.ARM.Collect$$libinit$$00000025) for __rt_lib_init_stdio_1
    libinit.o(.ARM.Collect$$libinit$$00000000) refers (Special) to libinit2.o(.ARM.Collect$$libinit$$0000000C) for __rt_lib_init_user_alloc_1
    libspace.o(.text) refers to libspace.o(.bss) for __libspace_start
    rtexit.o(.ARM.Collect$$rtexit$$00000000) refers (Special) to rtexit2.o(.ARM.Collect$$rtexit$$00000004) for __rt_exit_exit
    rtexit.o(.ARM.Collect$$rtexit$$00000000) refers (Special) to rtexit2.o(.ARM.Collect$$rtexit$$00000003) for __rt_exit_ls
    rtexit.o(.ARM.Collect$$rtexit$$00000000) refers (Special) to rtexit2.o(.ARM.Collect$$rtexit$$00000002) for __rt_exit_prels_1
    rtexit.o(.ARM.exidx) refers (Special) to rtexit2.o(.ARM.Collect$$rtexit$$00000004) for __rt_exit_exit
    rtexit.o(.ARM.exidx) refers (Special) to rtexit2.o(.ARM.Collect$$rtexit$$00000003) for __rt_exit_ls
    rtexit.o(.ARM.exidx) refers (Special) to rtexit2.o(.ARM.Collect$$rtexit$$00000002) for __rt_exit_prels_1
    rtexit.o(.ARM.exidx) refers to rtexit.o(.ARM.Collect$$rtexit$$00000000) for .ARM.Collect$$rtexit$$00000000
    libinit2.o(.ARM.Collect$$libinit$$00000010) refers to libinit2.o(.ARM.Collect$$libinit$$0000000F) for .ARM.Collect$$libinit$$0000000F
    libinit2.o(.ARM.Collect$$libinit$$00000012) refers to libinit2.o(.ARM.Collect$$libinit$$0000000F) for .ARM.Collect$$libinit$$0000000F
    libinit2.o(.ARM.Collect$$libinit$$00000014) refers to libinit2.o(.ARM.Collect$$libinit$$0000000F) for .ARM.Collect$$libinit$$0000000F
    libinit2.o(.ARM.Collect$$libinit$$00000016) refers to libinit2.o(.ARM.Collect$$libinit$$0000000F) for .ARM.Collect$$libinit$$0000000F
    libinit2.o(.ARM.Collect$$libinit$$00000018) refers to libinit2.o(.ARM.Collect$$libinit$$0000000F) for .ARM.Collect$$libinit$$0000000F
    libinit2.o(.ARM.Collect$$libinit$$00000026) refers to argv_veneer.o(.emb_text) for __ARM_argv_veneer
    libinit2.o(.ARM.Collect$$libinit$$00000027) refers to argv_veneer.o(.emb_text) for __ARM_argv_veneer
    rtexit2.o(.ARM.Collect$$rtexit$$00000003) refers to libshutdown.o(.ARM.Collect$$libshutdown$$00000000) for __rt_lib_shutdown
    rtexit2.o(.ARM.Collect$$rtexit$$00000004) refers to sys_exit.o(.text) for _sys_exit
    rtexit2.o(.ARM.exidx) refers to rtexit2.o(.ARM.Collect$$rtexit$$00000001) for .ARM.Collect$$rtexit$$00000001
    rtexit2.o(.ARM.exidx) refers to rtexit2.o(.ARM.Collect$$rtexit$$00000003) for .ARM.Collect$$rtexit$$00000003
    rtexit2.o(.ARM.exidx) refers to rtexit2.o(.ARM.Collect$$rtexit$$00000004) for .ARM.Collect$$rtexit$$00000004
    argv_veneer.o(.emb_text) refers to no_argv.o(.text) for __ARM_get_argv
    sys_exit.o(.text) refers (Special) to use_no_semi.o(.text) for __I$use$semihosting
    sys_exit.o(.text) refers (Special) to indicate_semi.o(.text) for __semihosting_library_function
    _get_argv_nomalloc.o(.text) refers (Special) to hrguard.o(.text) for __heap_region$guard
    _get_argv_nomalloc.o(.text) refers to defsig_rtmem_outer.o(.text) for __rt_SIGRTMEM
    _get_argv_nomalloc.o(.text) refers to sys_command.o(.text) for _sys_command_string
    libshutdown.o(.ARM.Collect$$libshutdown$$00000000) refers (Special) to libshutdown2.o(.ARM.Collect$$libshutdown$$00000006) for __rt_lib_shutdown_fp_trap_1
    libshutdown.o(.ARM.Collect$$libshutdown$$00000000) refers (Special) to libshutdown2.o(.ARM.Collect$$libshutdown$$0000000E) for __rt_lib_shutdown_heap_1
    libshutdown.o(.ARM.Collect$$libshutdown$$00000000) refers (Special) to libshutdown2.o(.ARM.Collect$$libshutdown$$0000000F) for __rt_lib_shutdown_return
    libshutdown.o(.ARM.Collect$$libshutdown$$00000000) refers (Special) to libshutdown2.o(.ARM.Collect$$libshutdown$$00000009) for __rt_lib_shutdown_signal_1
    libshutdown.o(.ARM.Collect$$libshutdown$$00000000) refers (Special) to libshutdown2.o(.ARM.Collect$$libshutdown$$00000003) for __rt_lib_shutdown_stdio_1
    libshutdown.o(.ARM.Collect$$libshutdown$$00000000) refers (Special) to libshutdown2.o(.ARM.Collect$$libshutdown$$0000000B) for __rt_lib_shutdown_user_alloc_1
    sys_command.o(.text) refers (Special) to use_no_semi.o(.text) for __I$use$semihosting
    sys_command.o(.text) refers (Special) to indicate_semi.o(.text) for __semihosting_library_function
    defsig_rtmem_outer.o(.text) refers to defsig_rtmem_inner.o(.text) for __rt_SIGRTMEM_inner
    defsig_rtmem_outer.o(.text) refers to defsig_exit.o(.text) for __sig_exit
    defsig_rtmem_formal.o(.text) refers to rt_raise.o(.text) for __rt_raise
    rt_raise.o(.text) refers to __raise.o(.text) for __raise
    rt_raise.o(.text) refers to sys_exit.o(.text) for _sys_exit
    defsig_exit.o(.text) refers to sys_exit.o(.text) for _sys_exit
    defsig_rtmem_inner.o(.text) refers to defsig_general.o(.text) for __default_signal_display
    __raise.o(.text) refers to defsig.o(CL$$defsig) for __default_signal_handler
    defsig_general.o(.text) refers to sys_wrch.o(.text) for _ttywrch
    sys_wrch.o(.text) refers (Special) to use_no_semi.o(.text) for __I$use$semihosting
    sys_wrch.o(.text) refers (Special) to indicate_semi.o(.text) for __semihosting_library_function
    defsig.o(CL$$defsig) refers to defsig_rtmem_inner.o(.text) for __rt_SIGRTMEM_inner
    defsig_abrt_inner.o(.text) refers to defsig_general.o(.text) for __default_signal_display
    defsig_fpe_inner.o(.text) refers to defsig_general.o(.text) for __default_signal_display
    defsig_rtred_inner.o(.text) refers to defsig_general.o(.text) for __default_signal_display
    defsig_stak_inner.o(.text) refers to defsig_general.o(.text) for __default_signal_display
    defsig_pvfn_inner.o(.text) refers to defsig_general.o(.text) for __default_signal_display
    defsig_cppl_inner.o(.text) refers to defsig_general.o(.text) for __default_signal_display
    defsig_segv_inner.o(.text) refers to defsig_general.o(.text) for __default_signal_display
    defsig_other.o(.text) refers to defsig_general.o(.text) for __default_signal_display


==============================================================================

Removing Unused input sections from the image.

    Removing bsp.o(.rev16_text), (4 bytes).
    Removing bsp.o(.revsh_text), (4 bytes).
    Removing bsp.o(.rrx_text), (6 bytes).
    Removing bsp.o(i.BSP_Accelerometer_Init), (96 bytes).
    Removing bsp.o(i.BSP_Accelerometer_Input), (140 bytes).
    Removing bsp.o(i.BSP_Buzzer_Init), (144 bytes).
    Removing bsp.o(i.BSP_Buzzer_Set), (32 bytes).
    Removing bsp.o(i.BSP_Clock_GetFreq), (12 bytes).
    Removing bsp.o(i.BSP_Joystick_Init), (148 bytes).
    Removing bsp.o(i.BSP_Joystick_Input), (136 bytes).
    Removing bsp.o(i.BSP_LCD_Color565), (24 bytes).
    Removing bsp.o(i.BSP_LCD_DrawBitmap), (288 bytes).
    Removing bsp.o(i.BSP_LCD_DrawCharS), (248 bytes).
    Removing bsp.o(i.BSP_LCD_DrawFastHLine), (124 bytes).
    Removing bsp.o(i.BSP_LCD_DrawFastVLine), (124 bytes).
    Removing bsp.o(i.BSP_LCD_DrawPixel), (72 bytes).
    Removing bsp.o(i.BSP_LCD_Drawaxes), (292 bytes).
    Removing bsp.o(i.BSP_LCD_OutUDec), (144 bytes).
    Removing bsp.o(i.BSP_LCD_OutUDec5), (136 bytes).
    Removing bsp.o(i.BSP_LCD_OutUFix2_1), (112 bytes).
    Removing bsp.o(i.BSP_LCD_OutUHex2), (112 bytes).
    Removing bsp.o(i.BSP_LCD_PlotIncrement), (56 bytes).
    Removing bsp.o(i.BSP_LCD_PlotPoint), (100 bytes).
    Removing bsp.o(i.BSP_LCD_SwapColor), (18 bytes).
    Removing bsp.o(i.BSP_LightSensor_End), (68 bytes).
    Removing bsp.o(i.BSP_LightSensor_Init), (64 bytes).
    Removing bsp.o(i.BSP_LightSensor_Input), (52 bytes).
    Removing bsp.o(i.BSP_LightSensor_Start), (28 bytes).
    Removing bsp.o(i.BSP_Microphone_Init), (60 bytes).
    Removing bsp.o(i.BSP_Microphone_Input), (116 bytes).
    Removing bsp.o(i.BSP_PeriodicTask_Init), (112 bytes).
    Removing bsp.o(i.BSP_PeriodicTask_InitB), (160 bytes).
    Removing bsp.o(i.BSP_PeriodicTask_InitC), (160 bytes).
    Removing bsp.o(i.BSP_PeriodicTask_Stop), (24 bytes).
    Removing bsp.o(i.BSP_PeriodicTask_StopB), (28 bytes).
    Removing bsp.o(i.BSP_PeriodicTask_StopC), (28 bytes).
    Removing bsp.o(i.BSP_RGB_D_Init), (152 bytes).
    Removing bsp.o(i.BSP_RGB_D_Set), (64 bytes).
    Removing bsp.o(i.BSP_RGB_D_Toggle), (64 bytes).
    Removing bsp.o(i.BSP_RGB_Init), (292 bytes).
    Removing bsp.o(i.BSP_RGB_Set), (76 bytes).
    Removing bsp.o(i.BSP_TempSensor_End), (76 bytes).
    Removing bsp.o(i.BSP_TempSensor_Init), (64 bytes).
    Removing bsp.o(i.BSP_TempSensor_Input), (64 bytes).
    Removing bsp.o(i.BSP_TempSensor_Start), (28 bytes).
    Removing bsp.o(i.BSP_Time_Get), (20 bytes).
    Removing bsp.o(i.I2C_Recv2), (188 bytes).
    Removing bsp.o(i.I2C_Send1), (160 bytes).
    Removing bsp.o(i.I2C_Send3), (272 bytes).
    Removing bsp.o(i.adcinit), (64 bytes).
    Removing bsp.o(i.fillmessage2_1), (96 bytes).
    Removing bsp.o(i.fillmessage2_Hex), (84 bytes).
    Removing bsp.o(i.fillmessage5), (128 bytes).
    Removing bsp.o(i.i2cinit), (88 bytes).
    Removing bsp.o(i.lightsensorend), (80 bytes).
    Removing bsp.o(i.lightsensorstart), (36 bytes).
    Removing bsp.o(i.tempsensorend), (68 bytes).
    Removing bsp.o(i.tempsensorstart), (18 bytes).
    Removing cortexm.o(.emb_text), (32 bytes).
    Removing cortexm.o(i.Clock_Delay1ms), (22 bytes).
    Removing flashprogram.o(i.Flash_Init), (2 bytes).
    Removing lab5.o(i.FillBuff), (24 bytes).
    Removing profile.o(.rev16_text), (4 bytes).
    Removing profile.o(.revsh_text), (4 bytes).
    Removing profile.o(.rrx_text), (6 bytes).
    Removing profile.o(i.Profile_Get), (88 bytes).
    Removing texas.o(.rev16_text), (4 bytes).
    Removing texas.o(.revsh_text), (4 bytes).
    Removing texas.o(.rrx_text), (6 bytes).
    Removing texas.o(i.PeriodicTask2_Stop), (28 bytes).
    Removing texas.o(i.TExaS_Stop), (8 bytes).
    Removing texas.o(i.TExaS_Task0), (20 bytes).
    Removing texas.o(i.TExaS_Task1), (20 bytes).
    Removing texas.o(i.TExaS_Task2), (20 bytes).
    Removing texas.o(i.TExaS_Task3), (20 bytes).
    Removing texas.o(i.TExaS_Task4), (20 bytes).
    Removing texas.o(i.TExaS_Task5), (20 bytes).
    Removing texas.o(i.TExaS_Task6), (20 bytes).
    Removing texas.o(i.UART_InChar), (28 bytes).
    Removing texas.o(i.UART_InString), (66 bytes).
    Removing texas.o(i.UART_InUDec), (76 bytes).
    Removing texas.o(i.UART_InUHex), (104 bytes).
    Removing texas.o(i.UART_OutUDec4), (68 bytes).
    Removing texas.o(i.UART_OutUDec5), (68 bytes).
    Removing texas.o(i.UART_OutUFix1), (46 bytes).
    Removing texas.o(i.fillmessage4b), (88 bytes).
    Removing texas.o(i.fillmessage5b), (128 bytes).
    Removing texas.o(i.fillmessageb), (72 bytes).
    Removing system_msp432.o(.rev16_text), (4 bytes).
    Removing system_msp432.o(.revsh_text), (4 bytes).
    Removing system_msp432.o(.rrx_text), (6 bytes).
    Removing system_msp432.o(i.SystemCoreClockUpdate), (16 bytes).

92 unused section(s) (total 6800 bytes) removed from the image.

==============================================================================

Image Symbol Table

    Local Symbols

    Symbol Name                              Value     Ov Type        Size  Object(Section)

    RESET                                    0x00000000   Section      324  startup_msp432.o(RESET)
    ../clib/angel/boardlib.s                 0x00000000   Number         0  boardshut.o ABSOLUTE
    ../clib/angel/boardlib.s                 0x00000000   Number         0  boardinit1.o ABSOLUTE
    ../clib/angel/boardlib.s                 0x00000000   Number         0  boardinit2.o ABSOLUTE
    ../clib/angel/boardlib.s                 0x00000000   Number         0  boardinit3.o ABSOLUTE
    ../clib/angel/handlers.s                 0x00000000   Number         0  __scatter_zi.o ABSOLUTE
    ../clib/angel/handlers.s                 0x00000000   Number         0  __scatter_copy.o ABSOLUTE
    ../clib/angel/kernel.s                   0x00000000   Number         0  __rtentry2.o ABSOLUTE
    ../clib/angel/kernel.s                   0x00000000   Number         0  rtexit.o ABSOLUTE
    ../clib/angel/kernel.s                   0x00000000   Number         0  __rtentry.o ABSOLUTE
    ../clib/angel/kernel.s                   0x00000000   Number         0  __rtentry4.o ABSOLUTE
    ../clib/angel/kernel.s                   0x00000000   Number         0  rtexit2.o ABSOLUTE
    ../clib/angel/rt.s                       0x00000000   Number         0  rt_raise.o ABSOLUTE
    ../clib/angel/scatter.s                  0x00000000   Number         0  __scatter.o ABSOLUTE
    ../clib/angel/startup.s                  0x00000000   Number         0  __main.o ABSOLUTE
    ../clib/angel/sys.s                      0x00000000   Number         0  use_no_semi.o ABSOLUTE
    ../clib/angel/sys.s                      0x00000000   Number         0  indicate_semi.o ABSOLUTE
    ../clib/angel/sys.s                      0x00000000   Number         0  sys_stackheap_outer.o ABSOLUTE
    ../clib/angel/sys.s                      0x00000000   Number         0  libspace.o ABSOLUTE
    ../clib/angel/sysapp.c                   0x00000000   Number         0  sys_wrch.o ABSOLUTE
    ../clib/angel/sysapp.c                   0x00000000   Number         0  sys_exit.o ABSOLUTE
    ../clib/angel/sysapp.c                   0x00000000   Number         0  sys_command.o ABSOLUTE
    ../clib/armsys.c                         0x00000000   Number         0  _get_argv_nomalloc.o ABSOLUTE
    ../clib/armsys.c                         0x00000000   Number         0  no_argv.o ABSOLUTE
    ../clib/armsys.c                         0x00000000   Number         0  argv_veneer.o ABSOLUTE
    ../clib/armsys.c                         0x00000000   Number         0  argv_veneer.o ABSOLUTE
    ../clib/heapalloc.c                      0x00000000   Number         0  hrguard.o ABSOLUTE
    ../clib/heapaux.c                        0x00000000   Number         0  heapauxi.o ABSOLUTE
    ../clib/libinit.s                        0x00000000   Number         0  libshutdown.o ABSOLUTE
    ../clib/libinit.s                        0x00000000   Number         0  libinit2.o ABSOLUTE
    ../clib/libinit.s                        0x00000000   Number         0  libshutdown2.o ABSOLUTE
    ../clib/libinit.s                        0x00000000   Number         0  libinit.o ABSOLUTE
    ../clib/signal.c                         0x00000000   Number         0  defsig_exit.o ABSOLUTE
    ../clib/signal.c                         0x00000000   Number         0  defsig_rtmem_formal.o ABSOLUTE
    ../clib/signal.c                         0x00000000   Number         0  defsig_rtmem_inner.o ABSOLUTE
    ../clib/signal.c                         0x00000000   Number         0  defsig_general.o ABSOLUTE
    ../clib/signal.c                         0x00000000   Number         0  __raise.o ABSOLUTE
    ../clib/signal.c                         0x00000000   Number         0  defsig_other.o ABSOLUTE
    ../clib/signal.c                         0x00000000   Number         0  defsig_rtmem_outer.o ABSOLUTE
    ../clib/signal.c                         0x00000000   Number         0  defsig_segv_inner.o ABSOLUTE
    ../clib/signal.c                         0x00000000   Number         0  defsig_cppl_inner.o ABSOLUTE
    ../clib/signal.c                         0x00000000   Number         0  defsig_pvfn_inner.o ABSOLUTE
    ../clib/signal.c                         0x00000000   Number         0  defsig_stak_inner.o ABSOLUTE
    ../clib/signal.c                         0x00000000   Number         0  defsig_rtred_inner.o ABSOLUTE
    ../clib/signal.c                         0x00000000   Number         0  defsig_fpe_inner.o ABSOLUTE
    ../clib/signal.c                         0x00000000   Number         0  defsig_abrt_inner.o ABSOLUTE
    ../clib/signal.s                         0x00000000   Number         0  defsig.o ABSOLUTE
    ../clib/stdlib.c                         0x00000000   Number         0  exit.o ABSOLUTE
    ../fplib/fpinit.s                        0x00000000   Number         0  fpinit.o ABSOLUTE
    ..\\inc\\BSP.c                           0x00000000   Number         0  bsp.o ABSOLUTE
    ..\\inc\\CortexM.c                       0x00000000   Number         0  cortexm.o ABSOLUTE
    ..\\inc\\Profile.c                       0x00000000   Number         0  profile.o ABSOLUTE
    ..\inc\BSP.c                             0x00000000   Number         0  bsp.o ABSOLUTE
    ..\inc\CortexM.c                         0x00000000   Number         0  cortexm.o ABSOLUTE
    ..\inc\Profile.c                         0x00000000   Number         0  profile.o ABSOLUTE
    FlashProgram.c                           0x00000000   Number         0  flashprogram.o ABSOLUTE
    Lab5.c                                   0x00000000   Number         0  lab5.o ABSOLUTE
    RTE\Device\MSP432P401R\startup_msp432.s  0x00000000   Number         0  startup_msp432.o ABSOLUTE
    RTE\Device\MSP432P401R\system_msp432.c   0x00000000   Number         0  system_msp432.o ABSOLUTE
    RTE\\Device\\MSP432P401R\\system_msp432.c 0x00000000   Number         0  system_msp432.o ABSOLUTE
    Texas.c                                  0x00000000   Number         0  texas.o ABSOLUTE
    Texas.c                                  0x00000000   Number         0  texas.o ABSOLUTE
    dc.s                                     0x00000000   Number         0  dc.o ABSOLUTE
    eDisk.c                                  0x00000000   Number         0  edisk.o ABSOLUTE
    eFile.c                                  0x00000000   Number         0  efile.o ABSOLUTE
    !!!main                                  0x00000144   Section        8  __main.o(!!!main)
    !!!scatter                               0x0000014c   Section       52  __scatter.o(!!!scatter)
    !!handler_copy                           0x00000180   Section       26  __scatter_copy.o(!!handler_copy)
    !!handler_zi                             0x0000019c   Section       28  __scatter_zi.o(!!handler_zi)
    .ARM.Collect$$libinit$$00000000          0x000001b8   Section        2  libinit.o(.ARM.Collect$$libinit$$00000000)
    .ARM.Collect$$libinit$$00000002          0x000001ba   Section        0  libinit2.o(.ARM.Collect$$libinit$$00000002)
    .ARM.Collect$$libinit$$00000004          0x000001ba   Section        0  libinit2.o(.ARM.Collect$$libinit$$00000004)
    .ARM.Collect$$libinit$$0000000A          0x000001ba   Section        0  libinit2.o(.ARM.Collect$$libinit$$0000000A)
    .ARM.Collect$$libinit$$0000000C          0x000001ba   Section        0  libinit2.o(.ARM.Collect$$libinit$$0000000C)
    .ARM.Collect$$libinit$$0000000E          0x000001ba   Section        0  libinit2.o(.ARM.Collect$$libinit$$0000000E)
    .ARM.Collect$$libinit$$00000011          0x000001ba   Section        0  libinit2.o(.ARM.Collect$$libinit$$00000011)
    .ARM.Collect$$libinit$$00000013          0x000001ba   Section        0  libinit2.o(.ARM.Collect$$libinit$$00000013)
    .ARM.Collect$$libinit$$00000015          0x000001ba   Section        0  libinit2.o(.ARM.Collect$$libinit$$00000015)
    .ARM.Collect$$libinit$$00000017          0x000001ba   Section        0  libinit2.o(.ARM.Collect$$libinit$$00000017)
    .ARM.Collect$$libinit$$00000019          0x000001ba   Section        0  libinit2.o(.ARM.Collect$$libinit$$00000019)
    .ARM.Collect$$libinit$$0000001B          0x000001ba   Section        0  libinit2.o(.ARM.Collect$$libinit$$0000001B)
    .ARM.Collect$$libinit$$0000001D          0x000001ba   Section        0  libinit2.o(.ARM.Collect$$libinit$$0000001D)
    .ARM.Collect$$libinit$$0000001F          0x000001ba   Section        0  libinit2.o(.ARM.Collect$$libinit$$0000001F)
    .ARM.Collect$$libinit$$00000021          0x000001ba   Section        0  libinit2.o(.ARM.Collect$$libinit$$00000021)
    .ARM.Collect$$libinit$$00000023          0x000001ba   Section        0  libinit2.o(.ARM.Collect$$libinit$$00000023)
    .ARM.Collect$$libinit$$00000025          0x000001ba   Section        0  libinit2.o(.ARM.Collect$$libinit$$00000025)
    .ARM.Collect$$libinit$$0000002C          0x000001ba   Section        0  libinit2.o(.ARM.Collect$$libinit$$0000002C)
    .ARM.Collect$$libinit$$0000002E          0x000001ba   Section        0  libinit2.o(.ARM.Collect$$libinit$$0000002E)
    .ARM.Collect$$libinit$$00000030          0x000001ba   Section        0  libinit2.o(.ARM.Collect$$libinit$$00000030)
    .ARM.Collect$$libinit$$00000032          0x000001ba   Section        0  libinit2.o(.ARM.Collect$$libinit$$00000032)
    .ARM.Collect$$libinit$$00000033          0x000001ba   Section        2  libinit2.o(.ARM.Collect$$libinit$$00000033)
    .ARM.Collect$$libshutdown$$00000000      0x000001bc   Section        2  libshutdown.o(.ARM.Collect$$libshutdown$$00000000)
    .ARM.Collect$$libshutdown$$00000003      0x000001be   Section        0  libshutdown2.o(.ARM.Collect$$libshutdown$$00000003)
    .ARM.Collect$$libshutdown$$00000006      0x000001be   Section        0  libshutdown2.o(.ARM.Collect$$libshutdown$$00000006)
    .ARM.Collect$$libshutdown$$00000009      0x000001be   Section        0  libshutdown2.o(.ARM.Collect$$libshutdown$$00000009)
    .ARM.Collect$$libshutdown$$0000000B      0x000001be   Section        0  libshutdown2.o(.ARM.Collect$$libshutdown$$0000000B)
    .ARM.Collect$$libshutdown$$0000000E      0x000001be   Section        0  libshutdown2.o(.ARM.Collect$$libshutdown$$0000000E)
    .ARM.Collect$$libshutdown$$0000000F      0x000001be   Section        2  libshutdown2.o(.ARM.Collect$$libshutdown$$0000000F)
    .ARM.Collect$$rtentry$$00000000          0x000001c0   Section        0  __rtentry.o(.ARM.Collect$$rtentry$$00000000)
    .ARM.Collect$$rtentry$$00000002          0x000001c0   Section        0  __rtentry2.o(.ARM.Collect$$rtentry$$00000002)
    .ARM.Collect$$rtentry$$00000004          0x000001c0   Section        6  __rtentry4.o(.ARM.Collect$$rtentry$$00000004)
    .ARM.Collect$$rtentry$$00000009          0x000001c6   Section        0  __rtentry2.o(.ARM.Collect$$rtentry$$00000009)
    .ARM.Collect$$rtentry$$0000000A          0x000001c6   Section        4  __rtentry2.o(.ARM.Collect$$rtentry$$0000000A)
    .ARM.Collect$$rtentry$$0000000C          0x000001ca   Section        0  __rtentry2.o(.ARM.Collect$$rtentry$$0000000C)
    .ARM.Collect$$rtentry$$0000000D          0x000001ca   Section        8  __rtentry2.o(.ARM.Collect$$rtentry$$0000000D)
    .ARM.Collect$$rtexit$$00000000           0x000001d2   Section        2  rtexit.o(.ARM.Collect$$rtexit$$00000000)
    .ARM.Collect$$rtexit$$00000002           0x000001d4   Section        0  rtexit2.o(.ARM.Collect$$rtexit$$00000002)
    .ARM.Collect$$rtexit$$00000003           0x000001d4   Section        4  rtexit2.o(.ARM.Collect$$rtexit$$00000003)
    .ARM.Collect$$rtexit$$00000004           0x000001d8   Section        6  rtexit2.o(.ARM.Collect$$rtexit$$00000004)
    .emb_text                                0x000001e0   Section        6  bsp.o(.emb_text)
    .text                                    0x000001e8   Section       84  startup_msp432.o(.text)
    .text                                    0x0000023c   Section        0  heapauxi.o(.text)
    .text                                    0x00000242   Section       74  sys_stackheap_outer.o(.text)
    .text                                    0x0000028c   Section        0  exit.o(.text)
    .text                                    0x00000298   Section        8  libspace.o(.text)
    .text                                    0x000002a0   Section        0  sys_exit.o(.text)
    .text                                    0x000002ac   Section        2  use_no_semi.o(.text)
    .text                                    0x000002ae   Section        0  indicate_semi.o(.text)
    i.BSP_Button1_Init                       0x000002b0   Section        0  bsp.o(i.BSP_Button1_Init)
    i.BSP_Button1_Input                      0x000002ec   Section        0  bsp.o(i.BSP_Button1_Input)
    i.BSP_Button2_Init                       0x000002f8   Section        0  bsp.o(i.BSP_Button2_Init)
    i.BSP_Button2_Input                      0x00000334   Section        0  bsp.o(i.BSP_Button2_Input)
    i.BSP_Clock_InitFastest                  0x00000340   Section        0  bsp.o(i.BSP_Clock_InitFastest)
    i.BSP_Delay1ms                           0x000004c8   Section        0  bsp.o(i.BSP_Delay1ms)
    i.BSP_LCD_DrawChar                       0x000004e0   Section        0  bsp.o(i.BSP_LCD_DrawChar)
    i.BSP_LCD_DrawString                     0x000005f0   Section        0  bsp.o(i.BSP_LCD_DrawString)
    i.BSP_LCD_FillRect                       0x00000648   Section        0  bsp.o(i.BSP_LCD_FillRect)
    i.BSP_LCD_FillScreen                     0x000006f4   Section        0  bsp.o(i.BSP_LCD_FillScreen)
    i.BSP_LCD_Init                           0x00000718   Section        0  bsp.o(i.BSP_LCD_Init)
    i.BSP_LCD_OutUDec4                       0x00000724   Section        0  bsp.o(i.BSP_LCD_OutUDec4)
    i.BSP_LCD_SetCursor                      0x000007ac   Section        0  bsp.o(i.BSP_LCD_SetCursor)
    i.BSP_Time_Init                          0x000007cc   Section        0  bsp.o(i.BSP_Time_Init)
    i.DisplayDirectory                       0x000007f0   Section        0  lab5.o(i.DisplayDirectory)
    i.Encrypt                                0x00000908   Section        0  texas.o(i.Encrypt)
    Encrypt                                  0x00000909   Thumb Code    86  texas.o(i.Encrypt)
    i.EraseAddrValid                         0x00000970   Section        0  flashprogram.o(i.EraseAddrValid)
    EraseAddrValid                           0x00000971   Thumb Code    22  flashprogram.o(i.EraseAddrValid)
    i.Flash_Erase                            0x00000988   Section        0  flashprogram.o(i.Flash_Erase)
    i.Flash_FastWrite                        0x00000bc0   Section        0  flashprogram.o(i.Flash_FastWrite)
    i.Flash_Write                            0x00001008   Section        0  flashprogram.o(i.Flash_Write)
    i.Flash_WriteArray                       0x00001270   Section        0  flashprogram.o(i.Flash_WriteArray)
    i.IsInBank0                              0x0000129e   Section        0  flashprogram.o(i.IsInBank0)
    IsInBank0                                0x0000129f   Thumb Code    16  flashprogram.o(i.IsInBank0)
    i.IsInBank1                              0x000012ae   Section        0  flashprogram.o(i.IsInBank1)
    IsInBank1                                0x000012af   Thumb Code    22  flashprogram.o(i.IsInBank1)
    i.LogicAnalyzer                          0x000012c4   Section        0  texas.o(i.LogicAnalyzer)
    i.MassWriteAddrValid                     0x000012d8   Section        0  flashprogram.o(i.MassWriteAddrValid)
    MassWriteAddrValid                       0x000012d9   Thumb Code    36  flashprogram.o(i.MassWriteAddrValid)
    i.MountDirectory                         0x000012fc   Section        0  efile.o(i.MountDirectory)
    i.OS_File_Append                         0x00001350   Section        0  efile.o(i.OS_File_Append)
    i.OS_File_Flush                          0x0000138c   Section        0  efile.o(i.OS_File_Flush)
    i.OS_File_Format                         0x000013d8   Section        0  efile.o(i.OS_File_Format)
    i.OS_File_New                            0x00001418   Section        0  efile.o(i.OS_File_New)
    i.OS_File_Read                           0x00001448   Section        0  efile.o(i.OS_File_Read)
    i.OS_File_Size                           0x0000149c   Section        0  efile.o(i.OS_File_Size)
    i.PeriodicTask2_Init                     0x000014d0   Section        0  texas.o(i.PeriodicTask2_Init)
    i.Profile_Init                           0x0000156c   Section        0  profile.o(i.Profile_Init)
    i.ST7735_InitR                           0x000016c4   Section        0  bsp.o(i.ST7735_InitR)
    ST7735_InitR                             0x000016c5   Thumb Code    86  bsp.o(i.ST7735_InitR)
    i.SetGrade                               0x00001738   Section        0  texas.o(i.SetGrade)
    SetGrade                                 0x00001739   Thumb Code   196  texas.o(i.SetGrade)
    i.SystemInit                             0x00001804   Section        0  system_msp432.o(i.SystemInit)
    i.T32_INT1_IRQHandler                    0x00001820   Section        0  bsp.o(i.T32_INT1_IRQHandler)
    i.TA1_0_IRQHandler                       0x00001838   Section        0  bsp.o(i.TA1_0_IRQHandler)
    i.TA2_0_IRQHandler                       0x00001858   Section        0  bsp.o(i.TA2_0_IRQHandler)
    i.TA3_0_IRQHandler                       0x00001878   Section        0  texas.o(i.TA3_0_IRQHandler)
    i.TExaS_Init                             0x00001898   Section        0  texas.o(i.TExaS_Init)
    i.UART_Init                              0x00002fd4   Section        0  texas.o(i.UART_Init)
    i.UART_OutChar                           0x00003040   Section        0  texas.o(i.UART_OutChar)
    i.UART_OutString                         0x00003058   Section        0  texas.o(i.UART_OutString)
    i.UART_OutUDec                           0x00003070   Section        0  texas.o(i.UART_OutUDec)
    i.UART_OutUHex                           0x0000309a   Section        0  texas.o(i.UART_OutUHex)
    i.WriteAddrValid                         0x000030ce   Section        0  flashprogram.o(i.WriteAddrValid)
    WriteAddrValid                           0x000030cf   Thumb Code    22  flashprogram.o(i.WriteAddrValid)
    i.appendfat                              0x000030e4   Section        0  efile.o(i.appendfat)
    i.commandList                            0x00003124   Section        0  bsp.o(i.commandList)
    commandList                              0x00003125   Thumb Code    86  bsp.o(i.commandList)
    i.commonInit                             0x0000317c   Section        0  bsp.o(i.commonInit)
    commonInit                               0x0000317d   Thumb Code   232  bsp.o(i.commonInit)
    i.eDisk_Format                           0x00003278   Section        0  edisk.o(i.eDisk_Format)
    i.eDisk_Init                             0x000032a0   Section        0  edisk.o(i.eDisk_Init)
    i.eDisk_ReadSector                       0x000032ac   Section        0  edisk.o(i.eDisk_ReadSector)
    i.eDisk_WriteSector                      0x000032de   Section        0  edisk.o(i.eDisk_WriteSector)
    i.fillmessage                            0x00003310   Section        0  bsp.o(i.fillmessage)
    fillmessage                              0x00003311   Thumb Code    64  bsp.o(i.fillmessage)
    i.fillmessage4                           0x00003358   Section        0  bsp.o(i.fillmessage4)
    fillmessage4                             0x00003359   Thumb Code    90  bsp.o(i.fillmessage4)
    i.findfreesector                         0x000033bc   Section        0  efile.o(i.findfreesector)
    i.lastsector                             0x000033f8   Section        0  efile.o(i.lastsector)
    i.main                                   0x00003418   Section        0  lab5.o(i.main)
    i.max                                    0x00003714   Section        0  efile.o(i.max)
    i.pushColor                              0x00003722   Section        0  bsp.o(i.pushColor)
    pushColor                                0x00003723   Thumb Code    18  bsp.o(i.pushColor)
    i.setAddrWindow                          0x00003734   Section        0  bsp.o(i.setAddrWindow)
    setAddrWindow                            0x00003735   Thumb Code   106  bsp.o(i.setAddrWindow)
    i.testbuildbuff                          0x000037a8   Section        0  lab5.o(i.testbuildbuff)
    i.texasbuildbuff                         0x000037d8   Section        0  texas.o(i.texasbuildbuff)
    texasbuildbuff                           0x000037d9   Thumb Code    40  texas.o(i.texasbuildbuff)
    i.texascompare                           0x00003800   Section        0  texas.o(i.texascompare)
    texascompare                             0x00003801   Thumb Code    34  texas.o(i.texascompare)
    i.writecommand                           0x00003824   Section        0  bsp.o(i.writecommand)
    writecommand                             0x00003825   Thumb Code    58  bsp.o(i.writecommand)
    i.writedata                              0x0000386c   Section        0  bsp.o(i.writedata)
    writedata                                0x0000386d   Thumb Code    60  bsp.o(i.writedata)
    .constdata                               0x000038b4   Section     1403  bsp.o(.constdata)
    Font                                     0x000038b4   Data        1275  bsp.o(.constdata)
    Rcmd1                                    0x00003daf   Data          59  bsp.o(.constdata)
    Rcmd2green                               0x00003dea   Data          13  bsp.o(.constdata)
    Rcmd2red                                 0x00003df7   Data          13  bsp.o(.constdata)
    Rcmd3                                    0x00003e04   Data          43  bsp.o(.constdata)
    .constdata                               0x00003e30   Section       18  lab5.o(.constdata)
    .constdata                               0x00003e44   Section       72  texas.o(.constdata)
    .conststring                             0x00003e8c   Section     1146  texas.o(.conststring)
    .data                                    0x20000000   Section       92  bsp.o(.data)
    ClockFrequency                           0x20000000   Data           4  bsp.o(.data)
    SubsystemFrequency                       0x20000004   Data           4  bsp.o(.data)
    PWMCycles                                0x20000008   Data           2  bsp.o(.data)
    ColStart                                 0x20000016   Data           1  bsp.o(.data)
    RowStart                                 0x20000017   Data           1  bsp.o(.data)
    _width                                   0x20000018   Data           2  bsp.o(.data)
    _height                                  0x2000001a   Data           2  bsp.o(.data)
    .data                                    0x2000005c   Section        4  efile.o(.data)
    .data                                    0x20000060   Section       24  texas.o(.data)
    .data                                    0x20000078   Section        4  system_msp432.o(.data)
    .bss                                     0x2000007c   Section       12  bsp.o(.bss)
    .bss                                     0x20000088   Section     1024  efile.o(.bss)
    .bss                                     0x20000488   Section     1044  texas.o(.bss)
    .bss                                     0x2000089c   Section       96  libspace.o(.bss)
    HEAP                                     0x20000900   Section        0  startup_msp432.o(HEAP)
    STACK                                    0x20000900   Section     1536  startup_msp432.o(STACK)
    Heap_Mem                                 0x20000900   Data           0  startup_msp432.o(HEAP)
    Stack_Mem                                0x20000900   Data        1536  startup_msp432.o(STACK)
    __initial_sp                             0x20000f00   Data           0  startup_msp432.o(STACK)

    Global Symbols

    Symbol Name                              Value     Ov Type        Size  Object(Section)

    BuildAttributes$$THM_ISAv4$E$P$D$K$B$S$7EM$PE$A:L22UL41UL21$X:L11$S22US41US21$IEEE1$IW$USESV6$~STKCKD$USESV7$~SHL$OSPACE$ROPI$EBA8$UX$STANDARDLIB$REQ8$PRES8$EABIv2 0x00000000   Number         0  anon$$obj.o ABSOLUTE
    __ARM_use_no_argv                        0x00000000   Number         0  lab5.o ABSOLUTE
    __Vectors                                0x00000000   Data           4  startup_msp432.o(RESET)
    __ARM_exceptions_init                     - Undefined Weak Reference
    __alloca_initialize                       - Undefined Weak Reference
    __arm_preinit_                            - Undefined Weak Reference
    __cpp_initialize__aeabi_                  - Undefined Weak Reference
    __cxa_finalize                            - Undefined Weak Reference
    __rt_locale                               - Undefined Weak Reference
    __sigvec_lookup                           - Undefined Weak Reference
    _atexit_init                              - Undefined Weak Reference
    _call_atexit_fns                          - Undefined Weak Reference
    _clock_init                               - Undefined Weak Reference
    _fp_trap_init                             - Undefined Weak Reference
    _fp_trap_shutdown                         - Undefined Weak Reference
    _get_lc_collate                           - Undefined Weak Reference
    _get_lc_ctype                             - Undefined Weak Reference
    _get_lc_monetary                          - Undefined Weak Reference
    _get_lc_numeric                           - Undefined Weak Reference
    _get_lc_time                              - Undefined Weak Reference
    _getenv_init                              - Undefined Weak Reference
    _handle_redirection                       - Undefined Weak Reference
    _init_alloc                               - Undefined Weak Reference
    _init_user_alloc                          - Undefined Weak Reference
    _initio                                   - Undefined Weak Reference
    _rand_init                                - Undefined Weak Reference
    _signal_finish                            - Undefined Weak Reference
    _signal_init                              - Undefined Weak Reference
    _terminate_alloc                          - Undefined Weak Reference
    _terminate_user_alloc                     - Undefined Weak Reference
    _terminateio                              - Undefined Weak Reference
    __Vectors_End                            0x00000144   Data           0  startup_msp432.o(RESET)
    __Vectors_Size                           0x00000144   Number         0  startup_msp432.o ABSOLUTE
    __main                                   0x00000145   Thumb Code     8  __main.o(!!!main)
    __scatterload                            0x0000014d   Thumb Code     0  __scatter.o(!!!scatter)
    __scatterload_rt2                        0x0000014d   Thumb Code    44  __scatter.o(!!!scatter)
    __scatterload_rt2_thumb_only             0x0000014d   Thumb Code     0  __scatter.o(!!!scatter)
    __scatterload_null                       0x0000015b   Thumb Code     0  __scatter.o(!!!scatter)
    __scatterload_copy                       0x00000181   Thumb Code    26  __scatter_copy.o(!!handler_copy)
    __scatterload_zeroinit                   0x0000019d   Thumb Code    28  __scatter_zi.o(!!handler_zi)
    __rt_lib_init                            0x000001b9   Thumb Code     0  libinit.o(.ARM.Collect$$libinit$$00000000)
    __rt_lib_init_alloca_1                   0x000001bb   Thumb Code     0  libinit2.o(.ARM.Collect$$libinit$$0000002E)
    __rt_lib_init_argv_1                     0x000001bb   Thumb Code     0  libinit2.o(.ARM.Collect$$libinit$$0000002C)
    __rt_lib_init_atexit_1                   0x000001bb   Thumb Code     0  libinit2.o(.ARM.Collect$$libinit$$0000001B)
    __rt_lib_init_clock_1                    0x000001bb   Thumb Code     0  libinit2.o(.ARM.Collect$$libinit$$00000021)
    __rt_lib_init_cpp_1                      0x000001bb   Thumb Code     0  libinit2.o(.ARM.Collect$$libinit$$00000032)
    __rt_lib_init_exceptions_1               0x000001bb   Thumb Code     0  libinit2.o(.ARM.Collect$$libinit$$00000030)
    __rt_lib_init_fp_1                       0x000001bb   Thumb Code     0  libinit2.o(.ARM.Collect$$libinit$$00000002)
    __rt_lib_init_fp_trap_1                  0x000001bb   Thumb Code     0  libinit2.o(.ARM.Collect$$libinit$$0000001F)
    __rt_lib_init_getenv_1                   0x000001bb   Thumb Code     0  libinit2.o(.ARM.Collect$$libinit$$00000023)
    __rt_lib_init_heap_1                     0x000001bb   Thumb Code     0  libinit2.o(.ARM.Collect$$libinit$$0000000A)
    __rt_lib_init_lc_collate_1               0x000001bb   Thumb Code     0  libinit2.o(.ARM.Collect$$libinit$$00000011)
    __rt_lib_init_lc_ctype_1                 0x000001bb   Thumb Code     0  libinit2.o(.ARM.Collect$$libinit$$00000013)
    __rt_lib_init_lc_monetary_1              0x000001bb   Thumb Code     0  libinit2.o(.ARM.Collect$$libinit$$00000015)
    __rt_lib_init_lc_numeric_1               0x000001bb   Thumb Code     0  libinit2.o(.ARM.Collect$$libinit$$00000017)
    __rt_lib_init_lc_time_1                  0x000001bb   Thumb Code     0  libinit2.o(.ARM.Collect$$libinit$$00000019)
    __rt_lib_init_preinit_1                  0x000001bb   Thumb Code     0  libinit2.o(.ARM.Collect$$libinit$$00000004)
    __rt_lib_init_rand_1                     0x000001bb   Thumb Code     0  libinit2.o(.ARM.Collect$$libinit$$0000000E)
    __rt_lib_init_return                     0x000001bb   Thumb Code     0  libinit2.o(.ARM.Collect$$libinit$$00000033)
    __rt_lib_init_signal_1                   0x000001bb   Thumb Code     0  libinit2.o(.ARM.Collect$$libinit$$0000001D)
    __rt_lib_init_stdio_1                    0x000001bb   Thumb Code     0  libinit2.o(.ARM.Collect$$libinit$$00000025)
    __rt_lib_init_user_alloc_1               0x000001bb   Thumb Code     0  libinit2.o(.ARM.Collect$$libinit$$0000000C)
    __rt_lib_shutdown                        0x000001bd   Thumb Code     0  libshutdown.o(.ARM.Collect$$libshutdown$$00000000)
    __rt_lib_shutdown_fp_trap_1              0x000001bf   Thumb Code     0  libshutdown2.o(.ARM.Collect$$libshutdown$$00000006)
    __rt_lib_shutdown_heap_1                 0x000001bf   Thumb Code     0  libshutdown2.o(.ARM.Collect$$libshutdown$$0000000E)
    __rt_lib_shutdown_return                 0x000001bf   Thumb Code     0  libshutdown2.o(.ARM.Collect$$libshutdown$$0000000F)
    __rt_lib_shutdown_signal_1               0x000001bf   Thumb Code     0  libshutdown2.o(.ARM.Collect$$libshutdown$$00000009)
    __rt_lib_shutdown_stdio_1                0x000001bf   Thumb Code     0  libshutdown2.o(.ARM.Collect$$libshutdown$$00000003)
    __rt_lib_shutdown_user_alloc_1           0x000001bf   Thumb Code     0  libshutdown2.o(.ARM.Collect$$libshutdown$$0000000B)
    __rt_entry                               0x000001c1   Thumb Code     0  __rtentry.o(.ARM.Collect$$rtentry$$00000000)
    __rt_entry_presh_1                       0x000001c1   Thumb Code     0  __rtentry2.o(.ARM.Collect$$rtentry$$00000002)
    __rt_entry_sh                            0x000001c1   Thumb Code     0  __rtentry4.o(.ARM.Collect$$rtentry$$00000004)
    __rt_entry_li                            0x000001c7   Thumb Code     0  __rtentry2.o(.ARM.Collect$$rtentry$$0000000A)
    __rt_entry_postsh_1                      0x000001c7   Thumb Code     0  __rtentry2.o(.ARM.Collect$$rtentry$$00000009)
    __rt_entry_main                          0x000001cb   Thumb Code     0  __rtentry2.o(.ARM.Collect$$rtentry$$0000000D)
    __rt_entry_postli_1                      0x000001cb   Thumb Code     0  __rtentry2.o(.ARM.Collect$$rtentry$$0000000C)
    __rt_exit                                0x000001d3   Thumb Code     0  rtexit.o(.ARM.Collect$$rtexit$$00000000)
    __rt_exit_ls                             0x000001d5   Thumb Code     0  rtexit2.o(.ARM.Collect$$rtexit$$00000003)
    __rt_exit_prels_1                        0x000001d5   Thumb Code     0  rtexit2.o(.ARM.Collect$$rtexit$$00000002)
    __rt_exit_exit                           0x000001d9   Thumb Code     0  rtexit2.o(.ARM.Collect$$rtexit$$00000004)
    parrotdelay                              0x000001e1   Thumb Code     6  bsp.o(.emb_text)
    Reset_Handler                            0x000001e9   Thumb Code     8  startup_msp432.o(.text)
    NMI_Handler                              0x000001f1   Thumb Code     2  startup_msp432.o(.text)
    HardFault_Handler                        0x000001f3   Thumb Code     2  startup_msp432.o(.text)
    MemManage_Handler                        0x000001f5   Thumb Code     2  startup_msp432.o(.text)
    BusFault_Handler                         0x000001f7   Thumb Code     2  startup_msp432.o(.text)
    UsageFault_Handler                       0x000001f9   Thumb Code     2  startup_msp432.o(.text)
    SVC_Handler                              0x000001fb   Thumb Code     2  startup_msp432.o(.text)
    DebugMon_Handler                         0x000001fd   Thumb Code     2  startup_msp432.o(.text)
    PendSV_Handler                           0x000001ff   Thumb Code     2  startup_msp432.o(.text)
    SysTick_Handler                          0x00000201   Thumb Code     2  startup_msp432.o(.text)
    ADC14_IRQHandler                         0x00000203   Thumb Code     0  startup_msp432.o(.text)
    AES256_IRQHandler                        0x00000203   Thumb Code     0  startup_msp432.o(.text)
    COMP_E0_IRQHandler                       0x00000203   Thumb Code     0  startup_msp432.o(.text)
    COMP_E1_IRQHandler                       0x00000203   Thumb Code     0  startup_msp432.o(.text)
    CS_IRQHandler                            0x00000203   Thumb Code     0  startup_msp432.o(.text)
    DMA_ERR_IRQHandler                       0x00000203   Thumb Code     0  startup_msp432.o(.text)
    DMA_INT0_IRQHandler                      0x00000203   Thumb Code     0  startup_msp432.o(.text)
    DMA_INT1_IRQHandler                      0x00000203   Thumb Code     0  startup_msp432.o(.text)
    DMA_INT2_IRQHandler                      0x00000203   Thumb Code     0  startup_msp432.o(.text)
    DMA_INT3_IRQHandler                      0x00000203   Thumb Code     0  startup_msp432.o(.text)
    EUSCIA0_IRQHandler                       0x00000203   Thumb Code     0  startup_msp432.o(.text)
    EUSCIA1_IRQHandler                       0x00000203   Thumb Code     0  startup_msp432.o(.text)
    EUSCIA2_IRQHandler                       0x00000203   Thumb Code     0  startup_msp432.o(.text)
    EUSCIA3_IRQHandler                       0x00000203   Thumb Code     0  startup_msp432.o(.text)
    EUSCIB0_IRQHandler                       0x00000203   Thumb Code     0  startup_msp432.o(.text)
    EUSCIB1_IRQHandler                       0x00000203   Thumb Code     0  startup_msp432.o(.text)
    EUSCIB2_IRQHandler                       0x00000203   Thumb Code     0  startup_msp432.o(.text)
    EUSCIB3_IRQHandler                       0x00000203   Thumb Code     0  startup_msp432.o(.text)
    FLCTL_IRQHandler                         0x00000203   Thumb Code     0  startup_msp432.o(.text)
    FPU_IRQHandler                           0x00000203   Thumb Code     0  startup_msp432.o(.text)
    PCM_IRQHandler                           0x00000203   Thumb Code     0  startup_msp432.o(.text)
    PORT1_IRQHandler                         0x00000203   Thumb Code     0  startup_msp432.o(.text)
    PORT2_IRQHandler                         0x00000203   Thumb Code     0  startup_msp432.o(.text)
    PORT3_IRQHandler                         0x00000203   Thumb Code     0  startup_msp432.o(.text)
    PORT4_IRQHandler                         0x00000203   Thumb Code     0  startup_msp432.o(.text)
    PORT5_IRQHandler                         0x00000203   Thumb Code     0  startup_msp432.o(.text)
    PORT6_IRQHandler                         0x00000203   Thumb Code     0  startup_msp432.o(.text)
    PSS_IRQHandler                           0x00000203   Thumb Code     0  startup_msp432.o(.text)
    RTC_C_IRQHandler                         0x00000203   Thumb Code     0  startup_msp432.o(.text)
    T32_INT2_IRQHandler                      0x00000203   Thumb Code     0  startup_msp432.o(.text)
    T32_INTC_IRQHandler                      0x00000203   Thumb Code     0  startup_msp432.o(.text)
    TA0_0_IRQHandler                         0x00000203   Thumb Code     0  startup_msp432.o(.text)
    TA0_N_IRQHandler                         0x00000203   Thumb Code     0  startup_msp432.o(.text)
    TA1_N_IRQHandler                         0x00000203   Thumb Code     0  startup_msp432.o(.text)
    TA2_N_IRQHandler                         0x00000203   Thumb Code     0  startup_msp432.o(.text)
    TA3_N_IRQHandler                         0x00000203   Thumb Code     0  startup_msp432.o(.text)
    WDT_A_IRQHandler                         0x00000203   Thumb Code     0  startup_msp432.o(.text)
    DisableInterrupts                        0x0000020d   Thumb Code     0  startup_msp432.o(.text)
    EnableInterrupts                         0x00000211   Thumb Code     0  startup_msp432.o(.text)
    StartCritical                            0x00000215   Thumb Code     0  startup_msp432.o(.text)
    EndCritical                              0x0000021d   Thumb Code     0  startup_msp432.o(.text)
    WaitForInterrupt                         0x00000223   Thumb Code     0  startup_msp432.o(.text)
    __user_initial_stackheap                 0x00000227   Thumb Code    10  startup_msp432.o(.text)
    __use_two_region_memory                  0x0000023d   Thumb Code     2  heapauxi.o(.text)
    __rt_heap_escrow$2region                 0x0000023f   Thumb Code     2  heapauxi.o(.text)
    __rt_heap_expand$2region                 0x00000241   Thumb Code     2  heapauxi.o(.text)
    __user_setup_stackheap                   0x00000243   Thumb Code    74  sys_stackheap_outer.o(.text)
    exit                                     0x0000028d   Thumb Code    12  exit.o(.text)
    __user_libspace                          0x00000299   Thumb Code     8  libspace.o(.text)
    __user_perproc_libspace                  0x00000299   Thumb Code     0  libspace.o(.text)
    __user_perthread_libspace                0x00000299   Thumb Code     0  libspace.o(.text)
    _sys_exit                                0x000002a1   Thumb Code     8  sys_exit.o(.text)
    __I$use$semihosting                      0x000002ad   Thumb Code     0  use_no_semi.o(.text)
    __use_no_semihosting_swi                 0x000002ad   Thumb Code     2  use_no_semi.o(.text)
    __semihosting_library_function           0x000002af   Thumb Code     0  indicate_semi.o(.text)
    BSP_Button1_Init                         0x000002b1   Thumb Code    54  bsp.o(i.BSP_Button1_Init)
    BSP_Button1_Input                        0x000002ed   Thumb Code     6  bsp.o(i.BSP_Button1_Input)
    BSP_Button2_Init                         0x000002f9   Thumb Code    54  bsp.o(i.BSP_Button2_Init)
    BSP_Button2_Input                        0x00000335   Thumb Code     6  bsp.o(i.BSP_Button2_Input)
    BSP_Clock_InitFastest                    0x00000341   Thumb Code   328  bsp.o(i.BSP_Clock_InitFastest)
    BSP_Delay1ms                             0x000004c9   Thumb Code    22  bsp.o(i.BSP_Delay1ms)
    BSP_LCD_DrawChar                         0x000004e1   Thumb Code   260  bsp.o(i.BSP_LCD_DrawChar)
    BSP_LCD_DrawString                       0x000005f1   Thumb Code    86  bsp.o(i.BSP_LCD_DrawString)
    BSP_LCD_FillRect                         0x00000649   Thumb Code   164  bsp.o(i.BSP_LCD_FillRect)
    BSP_LCD_FillScreen                       0x000006f5   Thumb Code    28  bsp.o(i.BSP_LCD_FillScreen)
    BSP_LCD_Init                             0x00000719   Thumb Code    10  bsp.o(i.BSP_LCD_Init)
    BSP_LCD_OutUDec4                         0x00000725   Thumb Code   116  bsp.o(i.BSP_LCD_OutUDec4)
    BSP_LCD_SetCursor                        0x000007ad   Thumb Code    22  bsp.o(i.BSP_LCD_SetCursor)
    BSP_Time_Init                            0x000007cd   Thumb Code    32  bsp.o(i.BSP_Time_Init)
    DisplayDirectory                         0x000007f1   Thumb Code   254  lab5.o(i.DisplayDirectory)
    Flash_Erase                              0x00000989   Thumb Code   564  flashprogram.o(i.Flash_Erase)
    Flash_FastWrite                          0x00000bc1   Thumb Code  1090  flashprogram.o(i.Flash_FastWrite)
    Flash_Write                              0x00001009   Thumb Code   612  flashprogram.o(i.Flash_Write)
    Flash_WriteArray                         0x00001271   Thumb Code    46  flashprogram.o(i.Flash_WriteArray)
    LogicAnalyzer                            0x000012c5   Thumb Code    12  texas.o(i.LogicAnalyzer)
    MountDirectory                           0x000012fd   Thumb Code    60  efile.o(i.MountDirectory)
    OS_File_Append                           0x00001351   Thumb Code    54  efile.o(i.OS_File_Append)
    OS_File_Flush                            0x0000138d   Thumb Code    58  efile.o(i.OS_File_Flush)
    OS_File_Format                           0x000013d9   Thumb Code    50  efile.o(i.OS_File_Format)
    OS_File_New                              0x00001419   Thumb Code    40  efile.o(i.OS_File_New)
    OS_File_Read                             0x00001449   Thumb Code    74  efile.o(i.OS_File_Read)
    OS_File_Size                             0x0000149d   Thumb Code    42  efile.o(i.OS_File_Size)
    PeriodicTask2_Init                       0x000014d1   Thumb Code   140  texas.o(i.PeriodicTask2_Init)
    Profile_Init                             0x0000156d   Thumb Code   338  profile.o(i.Profile_Init)
    SystemInit                               0x00001805   Thumb Code    16  system_msp432.o(i.SystemInit)
    T32_INT1_IRQHandler                      0x00001821   Thumb Code    16  bsp.o(i.T32_INT1_IRQHandler)
    TA1_0_IRQHandler                         0x00001839   Thumb Code    22  bsp.o(i.TA1_0_IRQHandler)
    TA2_0_IRQHandler                         0x00001859   Thumb Code    22  bsp.o(i.TA2_0_IRQHandler)
    TA3_0_IRQHandler                         0x00001879   Thumb Code    22  texas.o(i.TA3_0_IRQHandler)
    TExaS_Init                               0x00001899   Thumb Code  5864  texas.o(i.TExaS_Init)
    UART_Init                                0x00002fd5   Thumb Code   100  texas.o(i.UART_Init)
    UART_OutChar                             0x00003041   Thumb Code    20  texas.o(i.UART_OutChar)
    UART_OutString                           0x00003059   Thumb Code    24  texas.o(i.UART_OutString)
    UART_OutUDec                             0x00003071   Thumb Code    42  texas.o(i.UART_OutUDec)
    UART_OutUHex                             0x0000309b   Thumb Code    52  texas.o(i.UART_OutUHex)
    appendfat                                0x000030e5   Thumb Code    54  efile.o(i.appendfat)
    eDisk_Format                             0x00003279   Thumb Code    34  edisk.o(i.eDisk_Format)
    eDisk_Init                               0x000032a1   Thumb Code    12  edisk.o(i.eDisk_Init)
    eDisk_ReadSector                         0x000032ad   Thumb Code    50  edisk.o(i.eDisk_ReadSector)
    eDisk_WriteSector                        0x000032df   Thumb Code    50  edisk.o(i.eDisk_WriteSector)
    findfreesector                           0x000033bd   Thumb Code    54  efile.o(i.findfreesector)
    lastsector                               0x000033f9   Thumb Code    28  efile.o(i.lastsector)
    main                                     0x00003419   Thumb Code   528  lab5.o(i.main)
    max                                      0x00003715   Thumb Code    14  efile.o(i.max)
    testbuildbuff                            0x000037a9   Thumb Code    44  lab5.o(i.testbuildbuff)
    ColorArray                               0x00003e30   Data          18  lab5.o(.constdata)
    Key                                      0x00003e44   Data           8  texas.o(.constdata)
    Scramble                                 0x00003e4c   Data          32  texas.o(.constdata)
    DeScramble                               0x00003e6c   Data          32  texas.o(.constdata)
    Region$$Table$$Base                      0x00004308   Number         0  anon$$obj.o(Region$$Table)
    Region$$Table$$Limit                     0x00004328   Number         0  anon$$obj.o(Region$$Table)
    StX                                      0x2000000c   Data           4  bsp.o(.data)
    StY                                      0x20000010   Data           4  bsp.o(.data)
    StTextColor                              0x20000014   Data           2  bsp.o(.data)
    Messageindex                             0x2000001c   Data           4  bsp.o(.data)
    TimeIndex                                0x20000020   Data           4  bsp.o(.data)
    Ymax                                     0x20000024   Data           4  bsp.o(.data)
    Ymin                                     0x20000028   Data           4  bsp.o(.data)
    Yrange                                   0x2000002c   Data           4  bsp.o(.data)
    PlotBGColor                              0x20000030   Data           2  bsp.o(.data)
    Prewait                                  0x20000034   Data           4  bsp.o(.data)
    CPMwait                                  0x20000038   Data           4  bsp.o(.data)
    Postwait                                 0x2000003c   Data           4  bsp.o(.data)
    IFlags                                   0x20000040   Data           4  bsp.o(.data)
    Crystalstable                            0x20000044   Data           4  bsp.o(.data)
    PeriodicTask                             0x20000048   Data           4  bsp.o(.data)
    PeriodicTaskB                            0x2000004c   Data           4  bsp.o(.data)
    PeriodicTaskC                            0x20000050   Data           4  bsp.o(.data)
    LightBusy                                0x20000054   Data           4  bsp.o(.data)
    TempBusy                                 0x20000058   Data           4  bsp.o(.data)
    bDirectoryLoaded                         0x2000005c   Data           4  efile.o(.data)
    LogicData                                0x20000060   Data           1  texas.o(.data)
    Id                                       0x20000064   Data           4  texas.o(.data)
    PeriodicTask2                            0x20000068   Data           4  texas.o(.data)
    Messageindexb                            0x2000006c   Data           4  texas.o(.data)
    Messageb                                 0x20000070   Data           8  texas.o(.data)
    SystemCoreClock                          0x20000078   Data           4  system_msp432.o(.data)
    Message                                  0x2000007c   Data          12  bsp.o(.bss)
    Buff                                     0x20000088   Data         512  efile.o(.bss)
    Directory                                0x20000288   Data         256  efile.o(.bss)
    FAT                                      0x20000388   Data         256  efile.o(.bss)
    MagicCode                                0x20000488   Data          10  texas.o(.bss)
    EncriptedMagicCode                       0x20000492   Data          10  texas.o(.bss)
    blockBuffer                              0x2000049c   Data         512  texas.o(.bss)
    readBuffer                               0x2000069c   Data         512  texas.o(.bss)
    __libspace_start                         0x2000089c   Data          96  libspace.o(.bss)
    __temporary_stack_top$libspace           0x200008fc   Data           0  libspace.o(.bss)



==============================================================================

Memory Map of the image

  Image Entry point : 0x000001e9

  Load Region LR_1 (Base: 0x00000000, Size: 0x000043a4, Max: 0xffffffff, ABSOLUTE)

    Execution Region ER_RO (Base: 0x00000000, Size: 0x00004328, Max: 0xffffffff, ABSOLUTE)

    Base Addr    Size         Type   Attr      Idx    E Section Name        Object

    0x00000000   0x00000144   Data   RO         1039    RESET               startup_msp432.o
    0x00000144   0x00000008   Code   RO         1094  * !!!main             c_w.l(__main.o)
    0x0000014c   0x00000034   Code   RO         1250    !!!scatter          c_w.l(__scatter.o)
    0x00000180   0x0000001a   Code   RO         1252    !!handler_copy      c_w.l(__scatter_copy.o)
    0x0000019a   0x00000002   PAD
    0x0000019c   0x0000001c   Code   RO         1254    !!handler_zi        c_w.l(__scatter_zi.o)
    0x000001b8   0x00000002   Code   RO         1121    .ARM.Collect$$libinit$$00000000  c_w.l(libinit.o)
    0x000001ba   0x00000000   Code   RO         1128    .ARM.Collect$$libinit$$00000002  c_w.l(libinit2.o)
    0x000001ba   0x00000000   Code   RO         1130    .ARM.Collect$$libinit$$00000004  c_w.l(libinit2.o)
    0x000001ba   0x00000000   Code   RO         1133    .ARM.Collect$$libinit$$0000000A  c_w.l(libinit2.o)
    0x000001ba   0x00000000   Code   RO         1135    .ARM.Collect$$libinit$$0000000C  c_w.l(libinit2.o)
    0x000001ba   0x00000000   Code   RO         1137    .ARM.Collect$$libinit$$0000000E  c_w.l(libinit2.o)
    0x000001ba   0x00000000   Code   RO         1140    .ARM.Collect$$libinit$$00000011  c_w.l(libinit2.o)
    0x000001ba   0x00000000   Code   RO         1142    .ARM.Collect$$libinit$$00000013  c_w.l(libinit2.o)
    0x000001ba   0x00000000   Code   RO         1144    .ARM.Collect$$libinit$$00000015  c_w.l(libinit2.o)
    0x000001ba   0x00000000   Code   RO         1146    .ARM.Collect$$libinit$$00000017  c_w.l(libinit2.o)
    0x000001ba   0x00000000   Code   RO         1148    .ARM.Collect$$libinit$$00000019  c_w.l(libinit2.o)
    0x000001ba   0x00000000   Code   RO         1150    .ARM.Collect$$libinit$$0000001B  c_w.l(libinit2.o)
    0x000001ba   0x00000000   Code   RO         1152    .ARM.Collect$$libinit$$0000001D  c_w.l(libinit2.o)
    0x000001ba   0x00000000   Code   RO         1154    .ARM.Collect$$libinit$$0000001F  c_w.l(libinit2.o)
    0x000001ba   0x00000000   Code   RO         1156    .ARM.Collect$$libinit$$00000021  c_w.l(libinit2.o)
    0x000001ba   0x00000000   Code   RO         1158    .ARM.Collect$$libinit$$00000023  c_w.l(libinit2.o)
    0x000001ba   0x00000000   Code   RO         1160    .ARM.Collect$$libinit$$00000025  c_w.l(libinit2.o)
    0x000001ba   0x00000000   Code   RO         1164    .ARM.Collect$$libinit$$0000002C  c_w.l(libinit2.o)
    0x000001ba   0x00000000   Code   RO         1166    .ARM.Collect$$libinit$$0000002E  c_w.l(libinit2.o)
    0x000001ba   0x00000000   Code   RO         1168    .ARM.Collect$$libinit$$00000030  c_w.l(libinit2.o)
    0x000001ba   0x00000000   Code   RO         1170    .ARM.Collect$$libinit$$00000032  c_w.l(libinit2.o)
    0x000001ba   0x00000002   Code   RO         1171    .ARM.Collect$$libinit$$00000033  c_w.l(libinit2.o)
    0x000001bc   0x00000002   Code   RO         1191    .ARM.Collect$$libshutdown$$00000000  c_w.l(libshutdown.o)
    0x000001be   0x00000000   Code   RO         1205    .ARM.Collect$$libshutdown$$00000003  c_w.l(libshutdown2.o)
    0x000001be   0x00000000   Code   RO         1208    .ARM.Collect$$libshutdown$$00000006  c_w.l(libshutdown2.o)
    0x000001be   0x00000000   Code   RO         1211    .ARM.Collect$$libshutdown$$00000009  c_w.l(libshutdown2.o)
    0x000001be   0x00000000   Code   RO         1213    .ARM.Collect$$libshutdown$$0000000B  c_w.l(libshutdown2.o)
    0x000001be   0x00000000   Code   RO         1216    .ARM.Collect$$libshutdown$$0000000E  c_w.l(libshutdown2.o)
    0x000001be   0x00000002   Code   RO         1217    .ARM.Collect$$libshutdown$$0000000F  c_w.l(libshutdown2.o)
    0x000001c0   0x00000000   Code   RO         1096    .ARM.Collect$$rtentry$$00000000  c_w.l(__rtentry.o)
    0x000001c0   0x00000000   Code   RO         1098    .ARM.Collect$$rtentry$$00000002  c_w.l(__rtentry2.o)
    0x000001c0   0x00000006   Code   RO         1110    .ARM.Collect$$rtentry$$00000004  c_w.l(__rtentry4.o)
    0x000001c6   0x00000000   Code   RO         1100    .ARM.Collect$$rtentry$$00000009  c_w.l(__rtentry2.o)
    0x000001c6   0x00000004   Code   RO         1101    .ARM.Collect$$rtentry$$0000000A  c_w.l(__rtentry2.o)
    0x000001ca   0x00000000   Code   RO         1103    .ARM.Collect$$rtentry$$0000000C  c_w.l(__rtentry2.o)
    0x000001ca   0x00000008   Code   RO         1104    .ARM.Collect$$rtentry$$0000000D  c_w.l(__rtentry2.o)
    0x000001d2   0x00000002   Code   RO         1125    .ARM.Collect$$rtexit$$00000000  c_w.l(rtexit.o)
    0x000001d4   0x00000000   Code   RO         1173    .ARM.Collect$$rtexit$$00000002  c_w.l(rtexit2.o)
    0x000001d4   0x00000004   Code   RO         1174    .ARM.Collect$$rtexit$$00000003  c_w.l(rtexit2.o)
    0x000001d8   0x00000006   Code   RO         1175    .ARM.Collect$$rtexit$$00000004  c_w.l(rtexit2.o)
    0x000001de   0x00000002   PAD
    0x000001e0   0x00000006   Code   RO            4    .emb_text           bsp.o
    0x000001e6   0x00000002   PAD
    0x000001e8   0x00000054   Code   RO         1040  * .text               startup_msp432.o
    0x0000023c   0x00000006   Code   RO         1092    .text               c_w.l(heapauxi.o)
    0x00000242   0x0000004a   Code   RO         1112    .text               c_w.l(sys_stackheap_outer.o)
    0x0000028c   0x0000000c   Code   RO         1114    .text               c_w.l(exit.o)
    0x00000298   0x00000008   Code   RO         1122    .text               c_w.l(libspace.o)
    0x000002a0   0x0000000c   Code   RO         1183    .text               c_w.l(sys_exit.o)
    0x000002ac   0x00000002   Code   RO         1194    .text               c_w.l(use_no_semi.o)
    0x000002ae   0x00000000   Code   RO         1196    .text               c_w.l(indicate_semi.o)
    0x000002ae   0x00000002   PAD
    0x000002b0   0x0000003c   Code   RO            7    i.BSP_Button1_Init  bsp.o
    0x000002ec   0x0000000c   Code   RO            8    i.BSP_Button1_Input  bsp.o
    0x000002f8   0x0000003c   Code   RO            9    i.BSP_Button2_Init  bsp.o
    0x00000334   0x0000000c   Code   RO           10    i.BSP_Button2_Input  bsp.o
    0x00000340   0x00000188   Code   RO           14    i.BSP_Clock_InitFastest  bsp.o
    0x000004c8   0x00000016   Code   RO           15    i.BSP_Delay1ms      bsp.o
    0x000004de   0x00000002   PAD
    0x000004e0   0x00000110   Code   RO           20    i.BSP_LCD_DrawChar  bsp.o
    0x000005f0   0x00000056   Code   RO           25    i.BSP_LCD_DrawString  bsp.o
    0x00000646   0x00000002   PAD
    0x00000648   0x000000ac   Code   RO           27    i.BSP_LCD_FillRect  bsp.o
    0x000006f4   0x00000024   Code   RO           28    i.BSP_LCD_FillScreen  bsp.o
    0x00000718   0x0000000a   Code   RO           29    i.BSP_LCD_Init      bsp.o
    0x00000722   0x00000002   PAD
    0x00000724   0x00000088   Code   RO           31    i.BSP_LCD_OutUDec4  bsp.o
    0x000007ac   0x00000020   Code   RO           37    i.BSP_LCD_SetCursor  bsp.o
    0x000007cc   0x00000024   Code   RO           61    i.BSP_Time_Init     bsp.o
    0x000007f0   0x00000118   Code   RO          640    i.DisplayDirectory  lab5.o
    0x00000908   0x00000068   Code   RO          793    i.Encrypt           texas.o
    0x00000970   0x00000016   Code   RO          579    i.EraseAddrValid    flashprogram.o
    0x00000986   0x00000002   PAD
    0x00000988   0x00000238   Code   RO          580    i.Flash_Erase       flashprogram.o
    0x00000bc0   0x00000448   Code   RO          581    i.Flash_FastWrite   flashprogram.o
    0x00001008   0x00000268   Code   RO          583    i.Flash_Write       flashprogram.o
    0x00001270   0x0000002e   Code   RO          584    i.Flash_WriteArray  flashprogram.o
    0x0000129e   0x00000010   Code   RO          585    i.IsInBank0         flashprogram.o
    0x000012ae   0x00000016   Code   RO          586    i.IsInBank1         flashprogram.o
    0x000012c4   0x00000014   Code   RO          794    i.LogicAnalyzer     texas.o
    0x000012d8   0x00000024   Code   RO          587    i.MassWriteAddrValid  flashprogram.o
    0x000012fc   0x00000054   Code   RO          714    i.MountDirectory    efile.o
    0x00001350   0x0000003c   Code   RO          715    i.OS_File_Append    efile.o
    0x0000138c   0x0000004c   Code   RO          716    i.OS_File_Flush     efile.o
    0x000013d8   0x00000040   Code   RO          717    i.OS_File_Format    efile.o
    0x00001418   0x00000030   Code   RO          718    i.OS_File_New       efile.o
    0x00001448   0x00000054   Code   RO          719    i.OS_File_Read      efile.o
    0x0000149c   0x00000034   Code   RO          720    i.OS_File_Size      efile.o
    0x000014d0   0x0000009c   Code   RO          795    i.PeriodicTask2_Init  texas.o
    0x0000156c   0x00000158   Code   RO          688    i.Profile_Init      profile.o
    0x000016c4   0x00000074   Code   RO           65    i.ST7735_InitR      bsp.o
    0x00001738   0x000000cc   Code   RO          797    i.SetGrade          texas.o
    0x00001804   0x0000001c   Code   RO         1048    i.SystemInit        system_msp432.o
    0x00001820   0x00000018   Code   RO           66    i.T32_INT1_IRQHandler  bsp.o
    0x00001838   0x00000020   Code   RO           67    i.TA1_0_IRQHandler  bsp.o
    0x00001858   0x00000020   Code   RO           68    i.TA2_0_IRQHandler  bsp.o
    0x00001878   0x00000020   Code   RO          798    i.TA3_0_IRQHandler  texas.o
    0x00001898   0x0000173c   Code   RO          799    i.TExaS_Init        texas.o
    0x00002fd4   0x0000006c   Code   RO          812    i.UART_Init         texas.o
    0x00003040   0x00000018   Code   RO          813    i.UART_OutChar      texas.o
    0x00003058   0x00000018   Code   RO          814    i.UART_OutString    texas.o
    0x00003070   0x0000002a   Code   RO          815    i.UART_OutUDec      texas.o
    0x0000309a   0x00000034   Code   RO          819    i.UART_OutUHex      texas.o
    0x000030ce   0x00000016   Code   RO          588    i.WriteAddrValid    flashprogram.o
    0x000030e4   0x00000040   Code   RO          721    i.appendfat         efile.o
    0x00003124   0x00000056   Code   RO           70    i.commandList       bsp.o
    0x0000317a   0x00000002   PAD
    0x0000317c   0x000000fc   Code   RO           71    i.commonInit        bsp.o
    0x00003278   0x00000028   Code   RO          543    i.eDisk_Format      edisk.o
    0x000032a0   0x0000000c   Code   RO          544    i.eDisk_Init        edisk.o
    0x000032ac   0x00000032   Code   RO          545    i.eDisk_ReadSector  edisk.o
    0x000032de   0x00000032   Code   RO          546    i.eDisk_WriteSector  edisk.o
    0x00003310   0x00000048   Code   RO           72    i.fillmessage       bsp.o
    0x00003358   0x00000064   Code   RO           75    i.fillmessage4      bsp.o
    0x000033bc   0x0000003c   Code   RO          722    i.findfreesector    efile.o
    0x000033f8   0x00000020   Code   RO          723    i.lastsector        efile.o
    0x00003418   0x000002fc   Code   RO          642    i.main              lab5.o
    0x00003714   0x0000000e   Code   RO          724    i.max               efile.o
    0x00003722   0x00000012   Code   RO           80    i.pushColor         bsp.o
    0x00003734   0x00000074   Code   RO           81    i.setAddrWindow     bsp.o
    0x000037a8   0x00000030   Code   RO          643    i.testbuildbuff     lab5.o
    0x000037d8   0x00000028   Code   RO          823    i.texasbuildbuff    texas.o
    0x00003800   0x00000022   Code   RO          824    i.texascompare      texas.o
    0x00003822   0x00000002   PAD
    0x00003824   0x00000048   Code   RO           84    i.writecommand      bsp.o
    0x0000386c   0x00000048   Code   RO           85    i.writedata         bsp.o
    0x000038b4   0x0000057b   Data   RO           87    .constdata          bsp.o
    0x00003e2f   0x00000001   PAD
    0x00003e30   0x00000012   Data   RO          644    .constdata          lab5.o
    0x00003e42   0x00000002   PAD
    0x00003e44   0x00000048   Data   RO          826    .constdata          texas.o
    0x00003e8c   0x0000047a   Data   RO          827    .conststring        texas.o
    0x00004306   0x00000002   PAD
    0x00004308   0x00000020   Data   RO         1248    Region$$Table       anon$$obj.o


    Execution Region ER_RW (Base: 0x20000000, Size: 0x0000007c, Max: 0xffffffff, ABSOLUTE)

    Base Addr    Size         Type   Attr      Idx    E Section Name        Object

    0x20000000   0x0000005c   Data   RW           88    .data               bsp.o
    0x2000005c   0x00000004   Data   RW          726    .data               efile.o
    0x20000060   0x00000018   Data   RW          828    .data               texas.o
    0x20000078   0x00000004   Data   RW         1049    .data               system_msp432.o


    Execution Region ER_ZI (Base: 0x2000007c, Size: 0x00000e84, Max: 0xffffffff, ABSOLUTE)

    Base Addr    Size         Type   Attr      Idx    E Section Name        Object

    0x2000007c   0x0000000c   Zero   RW           86    .bss                bsp.o
    0x20000088   0x00000400   Zero   RW          725    .bss                efile.o
    0x20000488   0x00000414   Zero   RW          825    .bss                texas.o
    0x2000089c   0x00000060   Zero   RW         1123    .bss                c_w.l(libspace.o)
    0x200008fc   0x00000004   PAD
    0x20000900   0x00000000   Zero   RW         1038    HEAP                startup_msp432.o
    0x20000900   0x00000600   Zero   RW         1037    STACK               startup_msp432.o


==============================================================================

Image component sizes


      Code (inc. data)   RO Data    RW Data    ZI Data      Debug   Object Name

      2336        282       1403         92         12      21903   bsp.o
       152          6          0          0          0       3075   edisk.o
       638        110          0          4       1024       6953   efile.o
      2444         18          0          0          0      14193   flashprogram.o
      1092        266         18          0          0       3024   lab5.o
       344          6          0          0          0        507   profile.o
        84         20        324          0       1536        888   startup_msp432.o
        28         12          0          4          0        707   system_msp432.o
      6788       3204       1218         24       1044      13679   texas.o

    ----------------------------------------------------------------------
     13920       3924       3000        124       3616      64929   Object Totals
         0          0         32          0          0          0   (incl. Generated)
        14          0          5          0          0          0   (incl. Padding)

    ----------------------------------------------------------------------

      Code (inc. data)   RO Data    RW Data    ZI Data      Debug   Library Member Name

         8          0          0          0          0         68   __main.o
         0          0          0          0          0          0   __rtentry.o
        12          0          0          0          0          0   __rtentry2.o
         6          0          0          0          0          0   __rtentry4.o
        52          8          0          0          0          0   __scatter.o
        26          0          0          0          0          0   __scatter_copy.o
        28          0          0          0          0          0   __scatter_zi.o
        12          0          0          0          0         72   exit.o
         6          0          0          0          0        152   heapauxi.o
         0          0          0          0          0          0   indicate_semi.o
         2          0          0          0          0          0   libinit.o
         2          0          0          0          0          0   libinit2.o
         2          0          0          0          0          0   libshutdown.o
         2          0          0          0          0          0   libshutdown2.o
         8          4          0          0         96         68   libspace.o
         2          0          0          0          0          0   rtexit.o
        10          0          0          0          0          0   rtexit2.o
        12          4          0          0          0         68   sys_exit.o
        74          0          0          0          0         80   sys_stackheap_outer.o
         2          0          0          0          0         68   use_no_semi.o

    ----------------------------------------------------------------------
       272         16          0          0        100        576   Library Totals
         6          0          0          0          4          0   (incl. Padding)

    ----------------------------------------------------------------------

      Code (inc. data)   RO Data    RW Data    ZI Data      Debug   Library Name

       266         16          0          0         96        576   c_w.l

    ----------------------------------------------------------------------
       272         16          0          0        100        576   Library Totals

    ----------------------------------------------------------------------

==============================================================================


      Code (inc. data)   RO Data    RW Data    ZI Data      Debug   

     14192       3940       3000        124       3716      61965   Grand Totals
     14192       3940       3000        124       3716      61965   ELF Image Totals
     14192       3940       3000        124          0          0   ROM Totals

==============================================================================

    Total RO  Size (Code + RO Data)                17192 (  16.79kB)
    Total RW  Size (RW Data + ZI Data)              3840 (   3.75kB)
    Total ROM Size (Code + RO Data + RW Data)      17316 (  16.91kB)

==============================================================================

