Component: ARM Compiler 5.05 update 1 (build 106) Tool: armlink [4d0efa]

==============================================================================

Section Cross References

    bsp.o(i.BSP_Accelerometer_Init) refers to bsp.o(i.adcinit) for adcinit
    bsp.o(i.BSP_Buzzer_Init) refers to bsp.o(.data) for SubsystemFrequency
    bsp.o(i.BSP_Buzzer_Set) refers to bsp.o(.data) for PWMCycles
    bsp.o(i.BSP_Clock_GetFreq) refers to bsp.o(.data) for ClockFrequency
    bsp.o(i.BSP_Clock_InitFastest) refers to bsp.o(.data) for Prewait
    bsp.o(i.BSP_Delay1ms) refers to bsp.o(.emb_text) for parrotdelay
    bsp.o(i.BSP_Joystick_Init) refers to bsp.o(i.adcinit) for adcinit
    bsp.o(i.BSP_LCD_DrawBitmap) refers to bsp.o(i.setAddrWindow) for setAddrWindow
    bsp.o(i.BSP_LCD_DrawBitmap) refers to bsp.o(i.writedata) for writedata
    bsp.o(i.BSP_LCD_DrawBitmap) refers to bsp.o(.data) for _width
    bsp.o(i.BSP_LCD_DrawChar) refers to bsp.o(i.setAddrWindow) for setAddrWindow
    bsp.o(i.BSP_LCD_DrawChar) refers to bsp.o(i.pushColor) for pushColor
    bsp.o(i.BSP_LCD_DrawChar) refers to bsp.o(.data) for _width
    bsp.o(i.BSP_LCD_DrawChar) refers to bsp.o(.constdata) for Font
    bsp.o(i.BSP_LCD_DrawCharS) refers to bsp.o(i.BSP_LCD_DrawPixel) for BSP_LCD_DrawPixel
    bsp.o(i.BSP_LCD_DrawCharS) refers to bsp.o(i.BSP_LCD_FillRect) for BSP_LCD_FillRect
    bsp.o(i.BSP_LCD_DrawCharS) refers to bsp.o(.data) for _width
    bsp.o(i.BSP_LCD_DrawCharS) refers to bsp.o(.constdata) for Font
    bsp.o(i.BSP_LCD_DrawFastHLine) refers to bsp.o(i.setAddrWindow) for setAddrWindow
    bsp.o(i.BSP_LCD_DrawFastHLine) refers to bsp.o(i.writedata) for writedata
    bsp.o(i.BSP_LCD_DrawFastHLine) refers to bsp.o(.data) for _width
    bsp.o(i.BSP_LCD_DrawFastVLine) refers to bsp.o(i.setAddrWindow) for setAddrWindow
    bsp.o(i.BSP_LCD_DrawFastVLine) refers to bsp.o(i.writedata) for writedata
    bsp.o(i.BSP_LCD_DrawFastVLine) refers to bsp.o(.data) for _width
    bsp.o(i.BSP_LCD_DrawPixel) refers to bsp.o(i.setAddrWindow) for setAddrWindow
    bsp.o(i.BSP_LCD_DrawPixel) refers to bsp.o(i.pushColor) for pushColor
    bsp.o(i.BSP_LCD_DrawPixel) refers to bsp.o(.data) for _width
    bsp.o(i.BSP_LCD_DrawString) refers to bsp.o(i.BSP_LCD_DrawChar) for BSP_LCD_DrawChar
    bsp.o(i.BSP_LCD_Drawaxes) refers to bsp.o(i.BSP_LCD_FillRect) for BSP_LCD_FillRect
    bsp.o(i.BSP_LCD_Drawaxes) refers to bsp.o(i.BSP_LCD_DrawFastHLine) for BSP_LCD_DrawFastHLine
    bsp.o(i.BSP_LCD_Drawaxes) refers to bsp.o(i.BSP_LCD_DrawFastVLine) for BSP_LCD_DrawFastVLine
    bsp.o(i.BSP_LCD_Drawaxes) refers to bsp.o(i.BSP_LCD_DrawPixel) for BSP_LCD_DrawPixel
    bsp.o(i.BSP_LCD_Drawaxes) refers to bsp.o(i.BSP_LCD_DrawChar) for BSP_LCD_DrawChar
    bsp.o(i.BSP_LCD_Drawaxes) refers to bsp.o(.data) for Ymax
    bsp.o(i.BSP_LCD_FillRect) refers to bsp.o(i.setAddrWindow) for setAddrWindow
    bsp.o(i.BSP_LCD_FillRect) refers to bsp.o(i.writedata) for writedata
    bsp.o(i.BSP_LCD_FillRect) refers to bsp.o(.data) for _width
    bsp.o(i.BSP_LCD_FillScreen) refers to bsp.o(i.BSP_LCD_FillRect) for BSP_LCD_FillRect
    bsp.o(i.BSP_LCD_FillScreen) refers to bsp.o(.data) for _height
    bsp.o(i.BSP_LCD_Init) refers to bsp.o(i.ST7735_InitR) for ST7735_InitR
    bsp.o(i.BSP_LCD_OutUDec) refers to bsp.o(i.fillmessage) for fillmessage
    bsp.o(i.BSP_LCD_OutUDec) refers to bsp.o(i.BSP_LCD_DrawString) for BSP_LCD_DrawString
    bsp.o(i.BSP_LCD_OutUDec) refers to bsp.o(i.BSP_LCD_DrawChar) for BSP_LCD_DrawChar
    bsp.o(i.BSP_LCD_OutUDec) refers to bsp.o(.data) for StTextColor
    bsp.o(i.BSP_LCD_OutUDec) refers to bsp.o(.bss) for Message
    bsp.o(i.BSP_LCD_OutUDec4) refers to bsp.o(i.fillmessage4) for fillmessage4
    bsp.o(i.BSP_LCD_OutUDec4) refers to bsp.o(i.BSP_LCD_DrawString) for BSP_LCD_DrawString
    bsp.o(i.BSP_LCD_OutUDec4) refers to bsp.o(i.BSP_LCD_DrawChar) for BSP_LCD_DrawChar
    bsp.o(i.BSP_LCD_OutUDec4) refers to bsp.o(.data) for Messageindex
    bsp.o(i.BSP_LCD_OutUDec4) refers to bsp.o(.bss) for Message
    bsp.o(i.BSP_LCD_OutUDec5) refers to bsp.o(i.fillmessage5) for fillmessage5
    bsp.o(i.BSP_LCD_OutUDec5) refers to bsp.o(i.BSP_LCD_DrawString) for BSP_LCD_DrawString
    bsp.o(i.BSP_LCD_OutUDec5) refers to bsp.o(i.BSP_LCD_DrawChar) for BSP_LCD_DrawChar
    bsp.o(i.BSP_LCD_OutUDec5) refers to bsp.o(.data) for Messageindex
    bsp.o(i.BSP_LCD_OutUDec5) refers to bsp.o(.bss) for Message
    bsp.o(i.BSP_LCD_OutUFix2_1) refers to bsp.o(i.fillmessage2_1) for fillmessage2_1
    bsp.o(i.BSP_LCD_OutUFix2_1) refers to bsp.o(i.BSP_LCD_DrawString) for BSP_LCD_DrawString
    bsp.o(i.BSP_LCD_OutUFix2_1) refers to bsp.o(i.BSP_LCD_DrawChar) for BSP_LCD_DrawChar
    bsp.o(i.BSP_LCD_OutUFix2_1) refers to bsp.o(.data) for StY
    bsp.o(i.BSP_LCD_OutUFix2_1) refers to bsp.o(.bss) for Message
    bsp.o(i.BSP_LCD_OutUHex2) refers to bsp.o(i.fillmessage2_Hex) for fillmessage2_Hex
    bsp.o(i.BSP_LCD_OutUHex2) refers to bsp.o(i.BSP_LCD_DrawString) for BSP_LCD_DrawString
[...]
    texas.o(i.UART_OutUDec7) refers to texas.o(.data) for Messageindexb
    texas.o(i.UART_OutUFix1) refers to texas.o(i.UART_OutUDec) for UART_OutUDec
    texas.o(i.UART_OutUFix1) refers to texas.o(i.UART_OutChar) for UART_OutChar
    texas.o(i.UART_OutUHex) refers to texas.o(i.UART_OutChar) for UART_OutChar
    texas.o(i.fillmessage4b) refers to texas.o(i.fillmessageb) for fillmessageb
    texas.o(i.fillmessage4b) refers to texas.o(.data) for Messageindexb
    texas.o(i.fillmessage5b) refers to texas.o(i.fillmessageb) for fillmessageb
    texas.o(i.fillmessage5b) refers to texas.o(.data) for Messageindexb
    texas.o(i.fillmessage7b) refers to texas.o(i.fillmessageb) for fillmessageb
    texas.o(i.fillmessage7b) refers to texas.o(.data) for Messageindexb
    texas.o(i.fillmessageb) refers to texas.o(.data) for Messageb
    startup_msp432.o(STACK) refers (Special) to heapauxi.o(.text) for __use_two_region_memory
    startup_msp432.o(HEAP) refers (Special) to heapauxi.o(.text) for __use_two_region_memory
    startup_msp432.o(RESET) refers (Special) to heapauxi.o(.text) for __use_two_region_memory
    startup_msp432.o(RESET) refers to startup_msp432.o(STACK) for __initial_sp
    startup_msp432.o(RESET) refers to startup_msp432.o(.text) for Reset_Handler
    startup_msp432.o(RESET) refers to bsp.o(i.TA1_0_IRQHandler) for TA1_0_IRQHandler
    startup_msp432.o(RESET) refers to bsp.o(i.TA2_0_IRQHandler) for TA2_0_IRQHandler
    startup_msp432.o(RESET) refers to texas.o(i.TA3_0_IRQHandler) for TA3_0_IRQHandler
    startup_msp432.o(RESET) refers to bsp.o(i.T32_INT1_IRQHandler) for T32_INT1_IRQHandler
    startup_msp432.o(.text) refers (Special) to heapauxi.o(.text) for __use_two_region_memory
    startup_msp432.o(.text) refers to system_msp432.o(i.SystemInit) for SystemInit
    startup_msp432.o(.text) refers to __main.o(!!!main) for __main
    startup_msp432.o(.text) refers to startup_msp432.o(HEAP) for Heap_Mem
    startup_msp432.o(.text) refers to startup_msp432.o(STACK) for Stack_Mem
    system_msp432.o(i.SystemCoreClockUpdate) refers to system_msp432.o(.data) for SystemCoreClock
    system_msp432.o(i.SystemInit) refers to system_msp432.o(.data) for SystemCoreClock
    __main.o(!!!main) refers to __rtentry.o(.ARM.Collect$$rtentry$$00000000) for __rt_entry
    __rtentry.o(.ARM.Collect$$rtentry$$00000000) refers (Special) to __rtentry2.o(.ARM.Collect$$rtentry$$0000000A) for __rt_entry_li
    __rtentry.o(.ARM.Collect$$rtentry$$00000000) refers (Special) to __rtentry2.o(.ARM.Collect$$rtentry$$0000000D) for __rt_entry_main
    __rtentry.o(.ARM.Collect$$rtentry$$00000000) refers (Special) to __rtentry2.o(.ARM.Collect$$rtentry$$0000000C) for __rt_entry_postli_1
    __rtentry.o(.ARM.Collect$$rtentry$$00000000) refers (Special) to __rtentry2.o(.ARM.Collect$$rtentry$$00000009) for __rt_entry_postsh_1
    __rtentry.o(.ARM.Collect$$rtentry$$00000000) refers (Special) to __rtentry2.o(.ARM.Collect$$rtentry$$00000002) for __rt_entry_presh_1
    __rtentry.o(.ARM.Collect$$rtentry$$00000000) refers (Special) to __rtentry4.o(.ARM.Collect$$rtentry$$00000004) for __rt_entry_sh
    __rtentry2.o(.ARM.Collect$$rtentry$$00000008) refers to boardinit2.o(.text) for _platform_post_stackheap_init
    __rtentry2.o(.ARM.Collect$$rtentry$$0000000A) refers to libinit.o(.ARM.Collect$$libinit$$00000000) for __rt_lib_init
    __rtentry2.o(.ARM.Collect$$rtentry$$0000000B) refers to boardinit3.o(.text) for _platform_post_lib_init
    __rtentry2.o(.ARM.Collect$$rtentry$$0000000D) refers to lab1.o(i.main) for main
    __rtentry2.o(.ARM.Collect$$rtentry$$0000000D) refers to exit.o(.text) for exit
    __rtentry2.o(.ARM.exidx) refers to __rtentry2.o(.ARM.Collect$$rtentry$$00000001) for .ARM.Collect$$rtentry$$00000001
    __rtentry2.o(.ARM.exidx) refers to __rtentry2.o(.ARM.Collect$$rtentry$$00000008) for .ARM.Collect$$rtentry$$00000008
    __rtentry2.o(.ARM.exidx) refers to __rtentry2.o(.ARM.Collect$$rtentry$$0000000A) for .ARM.Collect$$rtentry$$0000000A
    __rtentry2.o(.ARM.exidx) refers to __rtentry2.o(.ARM.Collect$$rtentry$$0000000B) for .ARM.Collect$$rtentry$$0000000B
    __rtentry2.o(.ARM.exidx) refers to __rtentry2.o(.ARM.Collect$$rtentry$$0000000D) for .ARM.Collect$$rtentry$$0000000D
    __rtentry4.o(.ARM.Collect$$rtentry$$00000004) refers to sys_stackheap_outer.o(.text) for __user_setup_stackheap
    __rtentry4.o(.ARM.exidx) refers to __rtentry4.o(.ARM.Collect$$rtentry$$00000004) for .ARM.Collect$$rtentry$$00000004
    sys_stackheap_outer.o(.text) refers to libspace.o(.text) for __user_perproc_libspace
    sys_stackheap_outer.o(.text) refers to startup_msp432.o(.text) for __user_initial_stackheap
    exit.o(.text) refers to rtexit.o(.ARM.Collect$$rtexit$$00000000) for __rt_exit
    libinit.o(.ARM.Collect$$libinit$$00000000) refers (Special) to libinit2.o(.ARM.Collect$$libinit$$0000002E) for __rt_lib_init_alloca_1
    libinit.o(.ARM.Collect$$libinit$$00000000) refers (Special) to libinit2.o(.ARM.Collect$$libinit$$0000002C) for __rt_lib_init_argv_1
    libinit.o(.ARM.Collect$$libinit$$00000000) refers (Special) to libinit2.o(.ARM.Collect$$libinit$$0000001B) for __rt_lib_init_atexit_1
    libinit.o(.ARM.Collect$$libinit$$00000000) refers (Special) to libinit2.o(.ARM.Collect$$libinit$$00000021) for __rt_lib_init_clock_1
    libinit.o(.ARM.Collect$$libinit$$00000000) refers (Special) to libinit2.o(.ARM.Collect$$libinit$$00000032) for __rt_lib_init_cpp_1
    libinit.o(.ARM.Collect$$libinit$$00000000) refers (Special) to libinit2.o(.ARM.Collect$$libinit$$00000030) for __rt_lib_init_exceptions_1
    libinit.o(.ARM.Collect$$libinit$$00000000) refers (Special) to libinit2.o(.ARM.Collect$$libinit$$00000001) for __rt_lib_init_fp_1
    libinit.o(.ARM.Collect$$libinit$$00000000) refers (Special) to libinit2.o(.ARM.Collect$$libinit$$0000001F) for __rt_lib_init_fp_trap_1
    libinit.o(.ARM.Collect$$libinit$$00000000) refers (Special) to libinit2.o(.ARM.Collect$$libinit$$00000023) for __rt_lib_init_getenv_1
    libinit.o(.ARM.Collect$$libinit$$00000000) refers (Special) to libinit2.o(.ARM.Collect$$libinit$$0000000A) for __rt_lib_init_heap_1
    libinit.o(.ARM.Collect$$libinit$$00000000) refers (Special) to libinit2.o(.ARM.Collect$$libinit$$00000011) for __rt_lib_init_lc_collate_1
    libinit.o(.ARM.Collect$$libinit$$00000000) refers (Special) to libinit2.o(.ARM.Collect$$libinit$$00000013) for __rt_lib_init_lc_ctype_1
    libinit.o(.ARM.Collect$$libinit$$00000000) refers (Special) to libinit2.o(.ARM.Collect$$libinit$$00000015) for __rt_lib_init_lc_monetary_1
    libinit.o(.ARM.Collect$$libinit$$00000000) refers (Special) to libinit2.o(.ARM.Collect$$libinit$$00000017) for __rt_lib_init_lc_numeric_1
    libinit.o(.ARM.Collect$$libinit$$00000000) refers (Special) to libinit2.o(.ARM.Collect$$libinit$$00000019) for __rt_lib_init_lc_time_1
    libinit.o(.ARM.Collect$$libinit$$00000000) refers (Special) to libinit2.o(.ARM.Collect$$libinit$$00000004) for __rt_lib_init_preinit_1
    libinit.o(.ARM.Collect$$libinit$$00000000) refers (Special) to libinit2.o(.ARM.Collect$$libinit$$0000000E) for __rt_lib_init_rand_1
    libinit.o(.ARM.Collect$$libinit$$00000000) refers (Special) to libinit2.o(.ARM.Collect$$libinit$$00000033) for __rt_lib_init_return
    libinit.o(.ARM.Collect$$libinit$$00000000) refers (Special) to libinit2.o(.ARM.Collect$$libinit$$0000001D) for __rt_lib_init_signal_1
    libinit.o(.ARM.Collect$$libinit$$00000000) refers (Special) to libinit2.o(.ARM.Collect$$libinit$$00000025) for __rt_lib_init_stdio_1
    libinit.o(.ARM.Collect$$libinit$$00000000) refers (Special) to libinit2.o(.ARM.Collect$$libinit$$0000000C) for __rt_lib_init_user_alloc_1
    libspace.o(.text) refers to libspace.o(.bss) for __libspace_start
    rtexit.o(.ARM.Collect$$rtexit$$00000000) refers (Special) to rtexit2.o(.ARM.Collect$$rtexit$$00000004) for __rt_exit_exit
    rtexit.o(.ARM.Collect$$rtexit$$00000000) refers (Special) to rtexit2.o(.ARM.Collect$$rtexit$$00000003) for __rt_exit_ls
    rtexit.o(.ARM.Collect$$rtexit$$00000000) refers (Special) to rtexit2.o(.ARM.Collect$$rtexit$$00000002) for __rt_exit_prels_1
    rtexit.o(.ARM.exidx) refers (Special) to rtexit2.o(.ARM.Collect$$rtexit$$00000004) for __rt_exit_exit
    rtexit.o(.ARM.exidx) refers (Special) to rtexit2.o(.ARM.Collect$$rtexit$$00000003) for __rt_exit_ls
    rtexit.o(.ARM.exidx) refers (Special) to rtexit2.o(.ARM.Collect$$rtexit$$00000002) for __rt_exit_prels_1
    rtexit.o(.ARM.exidx) refers to rtexit.o(.ARM.Collect$$rtexit$$00000000) for .ARM.Collect$$rtexit$$00000000
    libinit2.o(.ARM.Collect$$libinit$$00000001) refers to fpinit.o(x$fpl$fpinit) for _fp_init
    libinit2.o(.ARM.Collect$$libinit$$00000010) refers to libinit2.o(.ARM.Collect$$libinit$$0000000F) for .ARM.Collect$$libinit$$0000000F
    libinit2.o(.ARM.Collect$$libinit$$00000012) refers to libinit2.o(.ARM.Collect$$libinit$$0000000F) for .ARM.Collect$$libinit$$0000000F
    libinit2.o(.ARM.Collect$$libinit$$00000014) refers to libinit2.o(.ARM.Collect$$libinit$$0000000F) for .ARM.Collect$$libinit$$0000000F
    libinit2.o(.ARM.Collect$$libinit$$00000016) refers to libinit2.o(.ARM.Collect$$libinit$$0000000F) for .ARM.Collect$$libinit$$0000000F
    libinit2.o(.ARM.Collect$$libinit$$00000018) refers to libinit2.o(.ARM.Collect$$libinit$$0000000F) for .ARM.Collect$$libinit$$0000000F
    libinit2.o(.ARM.Collect$$libinit$$00000026) refers to argv_veneer.o(.emb_text) for __ARM_argv_veneer
    libinit2.o(.ARM.Collect$$libinit$$00000027) refers to argv_veneer.o(.emb_text) for __ARM_argv_veneer
    rtexit2.o(.ARM.Collect$$rtexit$$00000003) refers to libshutdown.o(.ARM.Collect$$libshutdown$$00000000) for __rt_lib_shutdown
    rtexit2.o(.ARM.Collect$$rtexit$$00000004) refers to sys_exit.o(.text) for _sys_exit
    rtexit2.o(.ARM.exidx) refers to rtexit2.o(.ARM.Collect$$rtexit$$00000001) for .ARM.Collect$$rtexit$$00000001
    rtexit2.o(.ARM.exidx) refers to rtexit2.o(.ARM.Collect$$rtexit$$00000003) for .ARM.Collect$$rtexit$$00000003
    rtexit2.o(.ARM.exidx) refers to rtexit2.o(.ARM.Collect$$rtexit$$00000004) for .ARM.Collect$$rtexit$$00000004
    argv_veneer.o(.emb_text) refers to no_argv.o(.text) for __ARM_get_argv
    sys_exit.o(.text) refers (Special) to use_no_semi.o(.text) for __I$use$semihosting
    sys_exit.o(.text) refers (Special) to indicate_semi.o(.text) for __semihosting_library_function
    _get_argv_nomalloc.o(.text) refers (Special) to hrguard.o(.text) for __heap_region$guard
    _get_argv_nomalloc.o(.text) refers to defsig_rtmem_outer.o(.text) for __rt_SIGRTMEM
    _get_argv_nomalloc.o(.text) refers to sys_command.o(.text) for _sys_command_string
    libshutdown.o(.ARM.Collect$$libshutdown$$00000000) refers (Special) to libshutdown2.o(.ARM.Collect$$libshutdown$$00000006) for __rt_lib_shutdown_fp_trap_1
    libshutdown.o(.ARM.Collect$$libshutdown$$00000000) refers (Special) to libshutdown2.o(.ARM.Collect$$libshutdown$$0000000E) for __rt_lib_shutdown_heap_1
    libshutdown.o(.ARM.Collect$$libshutdown$$00000000) refers (Special) to libshutdown2.o(.ARM.Collect$$libshutdown$$0000000F) for __rt_lib_shutdown_return
    libshutdown.o(.ARM.Collect$$libshutdown$$00000000) refers (Special) to libshutdown2.o(.ARM.Collect$$libshutdown$$00000009) for __rt_lib_shutdown_signal_1
    libshutdown.o(.ARM.Collect$$libshutdown$$00000000) refers (Special) to libshutdown2.o(.ARM.Collect$$libshutdown$$00000003) for __rt_lib_shutdown_stdio_1
    libshutdown.o(.ARM.Collect$$libshutdown$$00000000) refers (Special) to libshutdown2.o(.ARM.Collect$$libshutdown$$0000000B) for __rt_lib_shutdown_user_alloc_1
    sys_command.o(.text) refers (Special) to use_no_semi.o(.text) for __I$use$semihosting
    sys_command.o(.text) refers (Special) to indicate_semi.o(.text) for __semihosting_library_function
    defsig_rtmem_outer.o(.text) refers to defsig_rtmem_inner.o(.text) for __rt_SIGRTMEM_inner
    defsig_rtmem_outer.o(.text) refers to defsig_exit.o(.text) for __sig_exit
    defsig_rtmem_formal.o(.text) refers to rt_raise.o(.text) for __rt_raise
    rt_raise.o(.text) refers to __raise.o(.text) for __raise
    rt_raise.o(.text) refers to sys_exit.o(.text) for _sys_exit
    defsig_exit.o(.text) refers to sys_exit.o(.text) for _sys_exit
    defsig_rtmem_inner.o(.text) refers to defsig_general.o(.text) for __default_signal_display
    __raise.o(.text) refers to defsig.o(CL$$defsig) for __default_signal_handler
    defsig_general.o(.text) refers to sys_wrch.o(.text) for _ttywrch
    sys_wrch.o(.text) refers (Special) to use_no_semi.o(.text) for __I$use$semihosting
    sys_wrch.o(.text) refers (Special) to indicate_semi.o(.text) for __semihosting_library_function
    defsig.o(CL$$defsig) refers to defsig_rtmem_inner.o(.text) for __rt_SIGRTMEM_inner
    defsig_abrt_inner.o(.text) refers to defsig_general.o(.text) for __default_signal_display
    defsig_fpe_inner.o(.text) refers to defsig_general.o(.text) for __default_signal_display
    defsig_rtred_inner.o(.text) refers to defsig_general.o(.text) for __default_signal_display
    defsig_stak_inner.o(.text) refers to defsig_general.o(.text) for __default_signal_display
    defsig_pvfn_inner.o(.text) refers to defsig_general.o(.text) for __default_signal_display
    defsig_cppl_inner.o(.text) refers to defsig_general.o(.text) for __default_signal_display
    defsig_segv_inner.o(.text) refers to defsig_general.o(.text) for __default_signal_display
    defsig_other.o(.text) refers to defsig_general.o(.text) for __default_signal_display


==============================================================================

Removing Unused input sections from the image.

    Removing bsp.o(.rev16_text), (4 bytes).
    Removing bsp.o(.revsh_text), (4 bytes).
    Removing bsp.o(.rrx_text), (6 bytes).
    Removing bsp.o(i.BSP_Clock_GetFreq), (12 bytes).
    Removing bsp.o(i.BSP_Joystick_Init), (148 bytes).
    Removing bsp.o(i.BSP_Joystick_Input), (136 bytes).
    Removing bsp.o(i.BSP_LCD_DrawBitmap), (288 bytes).
    Removing bsp.o(i.BSP_LCD_DrawCharS), (248 bytes).
    Removing bsp.o(i.BSP_LCD_OutUDec), (144 bytes).
    Removing bsp.o(i.BSP_LCD_OutUDec5), (136 bytes).
    Removing bsp.o(i.BSP_LCD_OutUFix2_1), (112 bytes).
    Removing bsp.o(i.BSP_LCD_OutUHex2), (112 bytes).
    Removing bsp.o(i.BSP_LCD_SwapColor), (18 bytes).
    Removing bsp.o(i.BSP_PeriodicTask_Init), (112 bytes).
    Removing bsp.o(i.BSP_PeriodicTask_InitB), (160 bytes).
    Removing bsp.o(i.BSP_PeriodicTask_InitC), (160 bytes).
    Removing bsp.o(i.BSP_PeriodicTask_Stop), (24 bytes).
    Removing bsp.o(i.BSP_PeriodicTask_StopB), (28 bytes).
    Removing bsp.o(i.BSP_PeriodicTask_StopC), (28 bytes).
    Removing bsp.o(i.BSP_RGB_D_Init), (152 bytes).
    Removing bsp.o(i.BSP_RGB_D_Set), (64 bytes).
    Removing bsp.o(i.BSP_RGB_D_Toggle), (64 bytes).
    Removing bsp.o(i.BSP_TempSensor_End), (76 bytes).
    Removing bsp.o(i.BSP_TempSensor_Init), (64 bytes).
    Removing bsp.o(i.BSP_TempSensor_Input), (64 bytes).
    Removing bsp.o(i.BSP_TempSensor_Start), (28 bytes).
    Removing bsp.o(i.fillmessage2_1), (96 bytes).
    Removing bsp.o(i.fillmessage2_Hex), (84 bytes).
    Removing bsp.o(i.fillmessage5), (128 bytes).
    Removing bsp.o(i.tempsensorend), (68 bytes).
    Removing bsp.o(i.tempsensorstart), (18 bytes).
    Removing cortexm.o(.emb_text), (32 bytes).
    Removing cortexm.o(i.Clock_Delay1ms), (22 bytes).
    Removing lab1.o(i.numlength), (116 bytes).
    Removing profile.o(.rev16_text), (4 bytes).
    Removing profile.o(.revsh_text), (4 bytes).
    Removing profile.o(.rrx_text), (6 bytes).
    Removing profile.o(i.Profile_Get), (88 bytes).
    Removing texas.o(.rev16_text), (4 bytes).
    Removing texas.o(.revsh_text), (4 bytes).
    Removing texas.o(.rrx_text), (6 bytes).
    Removing texas.o(i.UART_InChar), (28 bytes).
    Removing texas.o(i.UART_InString), (66 bytes).
    Removing texas.o(i.UART_InUDec), (76 bytes).
    Removing texas.o(i.UART_InUHex), (104 bytes).
    Removing texas.o(i.UART_OutUDec4), (68 bytes).
    Removing texas.o(i.UART_OutUHex), (52 bytes).
    Removing texas.o(i.fillmessage4b), (88 bytes).
    Removing system_msp432.o(.rev16_text), (4 bytes).
    Removing system_msp432.o(.revsh_text), (4 bytes).
    Removing system_msp432.o(.rrx_text), (6 bytes).
    Removing system_msp432.o(i.SystemCoreClockUpdate), (16 bytes).

52 unused section(s) (total 3584 bytes) removed from the image.

==============================================================================

Image Symbol Table

    Local Symbols

    Symbol Name                              Value     Ov Type        Size  Object(Section)

    RESET                                    0x00000000   Section      324  startup_msp432.o(RESET)
    ../clib/angel/boardlib.s                 0x00000000   Number         0  boardshut.o ABSOLUTE
    ../clib/angel/boardlib.s                 0x00000000   Number         0  boardinit3.o ABSOLUTE
    ../clib/angel/boardlib.s                 0x00000000   Number         0  boardinit2.o ABSOLUTE
    ../clib/angel/boardlib.s                 0x00000000   Number         0  boardinit1.o ABSOLUTE
    ../clib/angel/dczerorl.s                 0x00000000   Number         0  __dczerorl.o ABSOLUTE
    ../clib/angel/handlers.s                 0x00000000   Number         0  __scatter_zi.o ABSOLUTE
    ../clib/angel/kernel.s                   0x00000000   Number         0  rtexit2.o ABSOLUTE
    ../clib/angel/kernel.s                   0x00000000   Number         0  rtexit.o ABSOLUTE
    ../clib/angel/kernel.s                   0x00000000   Number         0  __rtentry.o ABSOLUTE
    ../clib/angel/kernel.s                   0x00000000   Number         0  __rtentry2.o ABSOLUTE
    ../clib/angel/kernel.s                   0x00000000   Number         0  __rtentry4.o ABSOLUTE
    ../clib/angel/rt.s                       0x00000000   Number         0  rt_raise.o ABSOLUTE
    ../clib/angel/scatter.s                  0x00000000   Number         0  __scatter.o ABSOLUTE
    ../clib/angel/startup.s                  0x00000000   Number         0  __main.o ABSOLUTE
    ../clib/angel/sys.s                      0x00000000   Number         0  sys_stackheap_outer.o ABSOLUTE
    ../clib/angel/sys.s                      0x00000000   Number         0  use_no_semi.o ABSOLUTE
    ../clib/angel/sys.s                      0x00000000   Number         0  indicate_semi.o ABSOLUTE
    ../clib/angel/sys.s                      0x00000000   Number         0  libspace.o ABSOLUTE
    ../clib/angel/sysapp.c                   0x00000000   Number         0  sys_wrch.o ABSOLUTE
    ../clib/angel/sysapp.c                   0x00000000   Number         0  sys_command.o ABSOLUTE
    ../clib/angel/sysapp.c                   0x00000000   Number         0  sys_exit.o ABSOLUTE
    ../clib/armsys.c                         0x00000000   Number         0  _get_argv_nomalloc.o ABSOLUTE
    ../clib/armsys.c                         0x00000000   Number         0  no_argv.o ABSOLUTE
    ../clib/armsys.c                         0x00000000   Number         0  argv_veneer.o ABSOLUTE
    ../clib/armsys.c                         0x00000000   Number         0  argv_veneer.o ABSOLUTE
    ../clib/heapalloc.c                      0x00000000   Number         0  hrguard.o ABSOLUTE
    ../clib/heapaux.c                        0x00000000   Number         0  heapauxi.o ABSOLUTE
    ../clib/libinit.s                        0x00000000   Number         0  libshutdown.o ABSOLUTE
    ../clib/libinit.s                        0x00000000   Number         0  libshutdown2.o ABSOLUTE
    ../clib/libinit.s                        0x00000000   Number         0  libinit.o ABSOLUTE
    ../clib/libinit.s                        0x00000000   Number         0  libinit2.o ABSOLUTE
    ../clib/signal.c                         0x00000000   Number         0  defsig_stak_inner.o ABSOLUTE
    ../clib/signal.c                         0x00000000   Number         0  defsig_abrt_inner.o ABSOLUTE
    ../clib/signal.c                         0x00000000   Number         0  defsig_rtmem_outer.o ABSOLUTE
    ../clib/signal.c                         0x00000000   Number         0  defsig_other.o ABSOLUTE
    ../clib/signal.c                         0x00000000   Number         0  defsig_segv_inner.o ABSOLUTE
    ../clib/signal.c                         0x00000000   Number         0  defsig_cppl_inner.o ABSOLUTE
    ../clib/signal.c                         0x00000000   Number         0  defsig_pvfn_inner.o ABSOLUTE
    ../clib/signal.c                         0x00000000   Number         0  defsig_rtred_inner.o ABSOLUTE
    ../clib/signal.c                         0x00000000   Number         0  defsig_fpe_inner.o ABSOLUTE
    ../clib/signal.c                         0x00000000   Number         0  defsig_general.o ABSOLUTE
    ../clib/signal.c                         0x00000000   Number         0  __raise.o ABSOLUTE
    ../clib/signal.c                         0x00000000   Number         0  defsig_rtmem_inner.o ABSOLUTE
    ../clib/signal.c                         0x00000000   Number         0  defsig_exit.o ABSOLUTE
    ../clib/signal.c                         0x00000000   Number         0  defsig_rtmem_formal.o ABSOLUTE
    ../clib/signal.s                         0x00000000   Number         0  defsig.o ABSOLUTE
    ../clib/stdlib.c                         0x00000000   Number         0  exit.o ABSOLUTE
    ../fplib/fpinit.s                        0x00000000   Number         0  fpinit.o ABSOLUTE
    ..\\inc\\BSP.c                           0x00000000   Number         0  bsp.o ABSOLUTE
    ..\\inc\\CortexM.c                       0x00000000   Number         0  cortexm.o ABSOLUTE
    ..\\inc\\Profile.c                       0x00000000   Number         0  profile.o ABSOLUTE
    ..\inc\BSP.c                             0x00000000   Number         0  bsp.o ABSOLUTE
    ..\inc\CortexM.c                         0x00000000   Number         0  cortexm.o ABSOLUTE
    ..\inc\Profile.c                         0x00000000   Number         0  profile.o ABSOLUTE
    Lab1.c                                   0x00000000   Number         0  lab1.o ABSOLUTE
    RTE\Device\MSP432P401R\startup_msp432.s  0x00000000   Number         0  startup_msp432.o ABSOLUTE
    RTE\Device\MSP432P401R\system_msp432.c   0x00000000   Number         0  system_msp432.o ABSOLUTE
    RTE\\Device\\MSP432P401R\\system_msp432.c 0x00000000   Number         0  system_msp432.o ABSOLUTE
    Texas.c                                  0x00000000   Number         0  texas.o ABSOLUTE
    Texas.c                                  0x00000000   Number         0  texas.o ABSOLUTE
    dc.s                                     0x00000000   Number         0  dc.o ABSOLUTE
    !!!main                                  0x00000144   Section        8  __main.o(!!!main)
    !!!scatter                               0x0000014c   Section       52  __scatter.o(!!!scatter)
    !!dczerorl                               0x00000180   Section       58  __dczerorl.o(!!dczerorl)
    !!handler_zi                             0x000001bc   Section       28  __scatter_zi.o(!!handler_zi)
    .ARM.Collect$$libinit$$00000000          0x000001d8   Section        2  libinit.o(.ARM.Collect$$libinit$$00000000)
    .ARM.Collect$$libinit$$00000001          0x000001da   Section        4  libinit2.o(.ARM.Collect$$libinit$$00000001)
    .ARM.Collect$$libinit$$00000004          0x000001de   Section        0  libinit2.o(.ARM.Collect$$libinit$$00000004)
    .ARM.Collect$$libinit$$0000000A          0x000001de   Section        0  libinit2.o(.ARM.Collect$$libinit$$0000000A)
    .ARM.Collect$$libinit$$0000000C          0x000001de   Section        0  libinit2.o(.ARM.Collect$$libinit$$0000000C)
    .ARM.Collect$$libinit$$0000000E          0x000001de   Section        0  libinit2.o(.ARM.Collect$$libinit$$0000000E)
    .ARM.Collect$$libinit$$00000011          0x000001de   Section        0  libinit2.o(.ARM.Collect$$libinit$$00000011)
    .ARM.Collect$$libinit$$00000013          0x000001de   Section        0  libinit2.o(.ARM.Collect$$libinit$$00000013)
    .ARM.Collect$$libinit$$00000015          0x000001de   Section        0  libinit2.o(.ARM.Collect$$libinit$$00000015)
    .ARM.Collect$$libinit$$00000017          0x000001de   Section        0  libinit2.o(.ARM.Collect$$libinit$$00000017)
    .ARM.Collect$$libinit$$00000019          0x000001de   Section        0  libinit2.o(.ARM.Collect$$libinit$$00000019)
    .ARM.Collect$$libinit$$0000001B          0x000001de   Section        0  libinit2.o(.ARM.Collect$$libinit$$0000001B)
    .ARM.Collect$$libinit$$0000001D          0x000001de   Section        0  libinit2.o(.ARM.Collect$$libinit$$0000001D)
    .ARM.Collect$$libinit$$0000001F          0x000001de   Section        0  libinit2.o(.ARM.Collect$$libinit$$0000001F)
    .ARM.Collect$$libinit$$00000021          0x000001de   Section        0  libinit2.o(.ARM.Collect$$libinit$$00000021)
    .ARM.Collect$$libinit$$00000023          0x000001de   Section        0  libinit2.o(.ARM.Collect$$libinit$$00000023)
    .ARM.Collect$$libinit$$00000025          0x000001de   Section        0  libinit2.o(.ARM.Collect$$libinit$$00000025)
    .ARM.Collect$$libinit$$0000002C          0x000001de   Section        0  libinit2.o(.ARM.Collect$$libinit$$0000002C)
    .ARM.Collect$$libinit$$0000002E          0x000001de   Section        0  libinit2.o(.ARM.Collect$$libinit$$0000002E)
    .ARM.Collect$$libinit$$00000030          0x000001de   Section        0  libinit2.o(.ARM.Collect$$libinit$$00000030)
    .ARM.Collect$$libinit$$00000032          0x000001de   Section        0  libinit2.o(.ARM.Collect$$libinit$$00000032)
    .ARM.Collect$$libinit$$00000033          0x000001de   Section        2  libinit2.o(.ARM.Collect$$libinit$$00000033)
    .ARM.Collect$$libshutdown$$00000000      0x000001e0   Section        2  libshutdown.o(.ARM.Collect$$libshutdown$$00000000)
    .ARM.Collect$$libshutdown$$00000003      0x000001e2   Section        0  libshutdown2.o(.ARM.Collect$$libshutdown$$00000003)
    .ARM.Collect$$libshutdown$$00000006      0x000001e2   Section        0  libshutdown2.o(.ARM.Collect$$libshutdown$$00000006)
    .ARM.Collect$$libshutdown$$00000009      0x000001e2   Section        0  libshutdown2.o(.ARM.Collect$$libshutdown$$00000009)
    .ARM.Collect$$libshutdown$$0000000B      0x000001e2   Section        0  libshutdown2.o(.ARM.Collect$$libshutdown$$0000000B)
    .ARM.Collect$$libshutdown$$0000000E      0x000001e2   Section        0  libshutdown2.o(.ARM.Collect$$libshutdown$$0000000E)
    .ARM.Collect$$libshutdown$$0000000F      0x000001e2   Section        2  libshutdown2.o(.ARM.Collect$$libshutdown$$0000000F)
    .ARM.Collect$$rtentry$$00000000          0x000001e4   Section        0  __rtentry.o(.ARM.Collect$$rtentry$$00000000)
    .ARM.Collect$$rtentry$$00000002          0x000001e4   Section        0  __rtentry2.o(.ARM.Collect$$rtentry$$00000002)
    .ARM.Collect$$rtentry$$00000004          0x000001e4   Section        6  __rtentry4.o(.ARM.Collect$$rtentry$$00000004)
    .ARM.Collect$$rtentry$$00000009          0x000001ea   Section        0  __rtentry2.o(.ARM.Collect$$rtentry$$00000009)
    .ARM.Collect$$rtentry$$0000000A          0x000001ea   Section        4  __rtentry2.o(.ARM.Collect$$rtentry$$0000000A)
    .ARM.Collect$$rtentry$$0000000C          0x000001ee   Section        0  __rtentry2.o(.ARM.Collect$$rtentry$$0000000C)
    .ARM.Collect$$rtentry$$0000000D          0x000001ee   Section        8  __rtentry2.o(.ARM.Collect$$rtentry$$0000000D)
    .ARM.Collect$$rtexit$$00000000           0x000001f6   Section        2  rtexit.o(.ARM.Collect$$rtexit$$00000000)
    .ARM.Collect$$rtexit$$00000002           0x000001f8   Section        0  rtexit2.o(.ARM.Collect$$rtexit$$00000002)
    .ARM.Collect$$rtexit$$00000003           0x000001f8   Section        4  rtexit2.o(.ARM.Collect$$rtexit$$00000003)
    .ARM.Collect$$rtexit$$00000004           0x000001fc   Section        6  rtexit2.o(.ARM.Collect$$rtexit$$00000004)
    .emb_text                                0x00000204   Section        6  bsp.o(.emb_text)
    $v0                                      0x00000204   Number         0  bsp.o(.emb_text)
    .text                                    0x0000020c   Section       84  startup_msp432.o(.text)
    $v0                                      0x0000020c   Number         0  startup_msp432.o(.text)
    .text                                    0x00000260   Section        0  heapauxi.o(.text)
    .text                                    0x00000266   Section       74  sys_stackheap_outer.o(.text)
    .text                                    0x000002b0   Section        0  exit.o(.text)
    .text                                    0x000002bc   Section        8  libspace.o(.text)
    .text                                    0x000002c4   Section        0  sys_exit.o(.text)
    .text                                    0x000002d0   Section        2  use_no_semi.o(.text)
    .text                                    0x000002d2   Section        0  indicate_semi.o(.text)
    i.BSP_Accelerometer_Init                 0x000002d4   Section        0  bsp.o(i.BSP_Accelerometer_Init)
    i.BSP_Accelerometer_Input                0x00000334   Section        0  bsp.o(i.BSP_Accelerometer_Input)
    i.BSP_Button1_Init                       0x000003c0   Section        0  bsp.o(i.BSP_Button1_Init)
    i.BSP_Button1_Input                      0x000003fc   Section        0  bsp.o(i.BSP_Button1_Input)
    i.BSP_Button2_Init                       0x00000408   Section        0  bsp.o(i.BSP_Button2_Init)
    i.BSP_Button2_Input                      0x00000444   Section        0  bsp.o(i.BSP_Button2_Input)
    i.BSP_Buzzer_Init                        0x00000450   Section        0  bsp.o(i.BSP_Buzzer_Init)
    i.BSP_Buzzer_Set                         0x000004e0   Section        0  bsp.o(i.BSP_Buzzer_Set)
    i.BSP_Clock_InitFastest                  0x00000500   Section        0  bsp.o(i.BSP_Clock_InitFastest)
    i.BSP_Delay1ms                           0x00000688   Section        0  bsp.o(i.BSP_Delay1ms)
    i.BSP_LCD_Color565                       0x0000069e   Section        0  bsp.o(i.BSP_LCD_Color565)
    i.BSP_LCD_DrawChar                       0x000006b8   Section        0  bsp.o(i.BSP_LCD_DrawChar)
    i.BSP_LCD_DrawFastHLine                  0x000007c8   Section        0  bsp.o(i.BSP_LCD_DrawFastHLine)
    i.BSP_LCD_DrawFastVLine                  0x00000844   Section        0  bsp.o(i.BSP_LCD_DrawFastVLine)
    i.BSP_LCD_DrawPixel                      0x000008c0   Section        0  bsp.o(i.BSP_LCD_DrawPixel)
    i.BSP_LCD_DrawString                     0x00000908   Section        0  bsp.o(i.BSP_LCD_DrawString)
    i.BSP_LCD_Drawaxes                       0x00000960   Section        0  bsp.o(i.BSP_LCD_Drawaxes)
    i.BSP_LCD_FillRect                       0x00000a84   Section        0  bsp.o(i.BSP_LCD_FillRect)
    i.BSP_LCD_FillScreen                     0x00000b30   Section        0  bsp.o(i.BSP_LCD_FillScreen)
    i.BSP_LCD_Init                           0x00000b54   Section        0  bsp.o(i.BSP_LCD_Init)
    i.BSP_LCD_OutUDec4                       0x00000b60   Section        0  bsp.o(i.BSP_LCD_OutUDec4)
    i.BSP_LCD_PlotIncrement                  0x00000be8   Section        0  bsp.o(i.BSP_LCD_PlotIncrement)
    i.BSP_LCD_PlotPoint                      0x00000c20   Section        0  bsp.o(i.BSP_LCD_PlotPoint)
    i.BSP_LCD_SetCursor                      0x00000c84   Section        0  bsp.o(i.BSP_LCD_SetCursor)
    i.BSP_LightSensor_End                    0x00000ca4   Section        0  bsp.o(i.BSP_LightSensor_End)
    i.BSP_LightSensor_Init                   0x00000ce8   Section        0  bsp.o(i.BSP_LightSensor_Init)
    i.BSP_LightSensor_Input                  0x00000d28   Section        0  bsp.o(i.BSP_LightSensor_Input)
    i.BSP_LightSensor_Start                  0x00000d5c   Section        0  bsp.o(i.BSP_LightSensor_Start)
    i.BSP_Microphone_Init                    0x00000d78   Section        0  bsp.o(i.BSP_Microphone_Init)
    i.BSP_Microphone_Input                   0x00000db4   Section        0  bsp.o(i.BSP_Microphone_Input)
    i.BSP_RGB_Init                           0x00000e28   Section        0  bsp.o(i.BSP_RGB_Init)
    i.BSP_RGB_Set                            0x00000f4c   Section        0  bsp.o(i.BSP_RGB_Set)
    i.BSP_Time_Get                           0x00000f98   Section        0  bsp.o(i.BSP_Time_Get)
    i.BSP_Time_Init                          0x00000fac   Section        0  bsp.o(i.BSP_Time_Init)
    i.Encrypt                                0x00000fd0   Section        0  texas.o(i.Encrypt)
    Encrypt                                  0x00000fd1   Thumb Code    86  texas.o(i.Encrypt)
    i.Grader                                 0x00001038   Section        0  texas.o(i.Grader)
    i.I2C_Recv2                              0x00001544   Section        0  bsp.o(i.I2C_Recv2)
    I2C_Recv2                                0x00001545   Thumb Code   184  bsp.o(i.I2C_Recv2)
    i.I2C_Send1                              0x00001600   Section        0  bsp.o(i.I2C_Send1)
    I2C_Send1                                0x00001601   Thumb Code   154  bsp.o(i.I2C_Send1)
    i.I2C_Send3                              0x000016a0   Section        0  bsp.o(i.I2C_Send3)
    I2C_Send3                                0x000016a1   Thumb Code   262  bsp.o(i.I2C_Send3)
    i.LogicAnalyzer                          0x000017b0   Section        0  texas.o(i.LogicAnalyzer)
    i.PeriodicTask2_Init                     0x000017c4   Section        0  texas.o(i.PeriodicTask2_Init)
    i.PeriodicTask2_Stop                     0x00001860   Section        0  texas.o(i.PeriodicTask2_Stop)
    i.Profile_Init                           0x0000187c   Section        0  profile.o(i.Profile_Init)
    i.ST7735_InitR                           0x000019d4   Section        0  bsp.o(i.ST7735_InitR)
    ST7735_InitR                             0x000019d5   Thumb Code    86  bsp.o(i.ST7735_InitR)
    i.SetGrade                               0x00001a48   Section        0  texas.o(i.SetGrade)
    SetGrade                                 0x00001a49   Thumb Code   196  texas.o(i.SetGrade)
    i.SystemInit                             0x00001b14   Section        0  system_msp432.o(i.SystemInit)
    i.T32_INT1_IRQHandler                    0x00001b40   Section        0  bsp.o(i.T32_INT1_IRQHandler)
    i.TA1_0_IRQHandler                       0x00001b58   Section        0  bsp.o(i.TA1_0_IRQHandler)
    i.TA2_0_IRQHandler                       0x00001b78   Section        0  bsp.o(i.TA2_0_IRQHandler)
    i.TA3_0_IRQHandler                       0x00001b98   Section        0  texas.o(i.TA3_0_IRQHandler)
    i.TExaS_Init                             0x00001bb8   Section        0  texas.o(i.TExaS_Init)
    i.TExaS_Stop                             0x00001d0c   Section        0  texas.o(i.TExaS_Stop)
    i.TExaS_Task0                            0x00001d14   Section        0  texas.o(i.TExaS_Task0)
    i.TExaS_Task1                            0x00001d80   Section        0  texas.o(i.TExaS_Task1)
    i.TExaS_Task2                            0x00001dec   Section        0  texas.o(i.TExaS_Task2)
    i.TExaS_Task3                            0x00001e58   Section        0  texas.o(i.TExaS_Task3)
    i.TExaS_Task4                            0x00001ec4   Section        0  texas.o(i.TExaS_Task4)
    i.TExaS_Task5                            0x00001f30   Section        0  texas.o(i.TExaS_Task5)
    i.Task0                                  0x00001f9c   Section        0  lab1.o(i.Task0)
    i.Task0_Init                             0x0000205c   Section        0  lab1.o(i.Task0_Init)
    i.Task1                                  0x00002070   Section        0  lab1.o(i.Task1)
    i.Task1_Init                             0x00002218   Section        0  lab1.o(i.Task1_Init)
    i.Task2                                  0x00002278   Section        0  lab1.o(i.Task2)
    i.Task2_Init                             0x000022b0   Section        0  lab1.o(i.Task2_Init)
    i.Task3                                  0x000022d4   Section        0  lab1.o(i.Task3)
    i.Task3_Init                             0x000023f4   Section        0  lab1.o(i.Task3_Init)
    i.Task4                                  0x00002410   Section        0  lab1.o(i.Task4)
    i.Task4_Init                             0x000024a0   Section        0  lab1.o(i.Task4_Init)
    i.Task5                                  0x000024c8   Section        0  lab1.o(i.Task5)
    i.Task5_Init                             0x0000254c   Section        0  lab1.o(i.Task5_Init)
    i.UART_Init                              0x000025a8   Section        0  texas.o(i.UART_Init)
    i.UART_OutChar                           0x00002614   Section        0  texas.o(i.UART_OutChar)
    i.UART_OutString                         0x0000262c   Section        0  texas.o(i.UART_OutString)
    i.UART_OutUDec                           0x00002644   Section        0  texas.o(i.UART_OutUDec)
    i.UART_OutUDec5                          0x00002670   Section        0  texas.o(i.UART_OutUDec5)
    i.UART_OutUDec7                          0x000026b4   Section        0  texas.o(i.UART_OutUDec7)
    i.UART_OutUFix1                          0x000026f8   Section        0  texas.o(i.UART_OutUFix1)
    i.adcinit                                0x00002728   Section        0  bsp.o(i.adcinit)
    adcinit                                  0x00002729   Thumb Code    50  bsp.o(i.adcinit)
    i.commandList                            0x00002768   Section        0  bsp.o(i.commandList)
    commandList                              0x00002769   Thumb Code    86  bsp.o(i.commandList)
    i.commonInit                             0x000027c0   Section        0  bsp.o(i.commonInit)
    commonInit                               0x000027c1   Thumb Code   232  bsp.o(i.commonInit)
    i.drawaxes                               0x000028bc   Section        0  lab1.o(i.drawaxes)
    i.fillmessage                            0x00002980   Section        0  bsp.o(i.fillmessage)
    fillmessage                              0x00002981   Thumb Code    64  bsp.o(i.fillmessage)
    i.fillmessage4                           0x000029c8   Section        0  bsp.o(i.fillmessage4)
    fillmessage4                             0x000029c9   Thumb Code    90  bsp.o(i.fillmessage4)
    i.fillmessage5b                          0x00002a2c   Section        0  texas.o(i.fillmessage5b)
    fillmessage5b                            0x00002a2d   Thumb Code   116  texas.o(i.fillmessage5b)
    i.fillmessage7b                          0x00002aac   Section        0  texas.o(i.fillmessage7b)
    fillmessage7b                            0x00002aad   Thumb Code   174  texas.o(i.fillmessage7b)
    i.fillmessageb                           0x00002b70   Section        0  texas.o(i.fillmessageb)
    fillmessageb                             0x00002b71   Thumb Code    64  texas.o(i.fillmessageb)
    i.i2cinit                                0x00002bb8   Section        0  bsp.o(i.i2cinit)
    i2cinit                                  0x00002bb9   Thumb Code    78  bsp.o(i.i2cinit)
    i.lightsensorend                         0x00002c10   Section        0  bsp.o(i.lightsensorend)
    lightsensorend                           0x00002c11   Thumb Code    80  bsp.o(i.lightsensorend)
    i.lightsensorstart                       0x00002c60   Section        0  bsp.o(i.lightsensorstart)
    lightsensorstart                         0x00002c61   Thumb Code    36  bsp.o(i.lightsensorstart)
    i.main                                   0x00002c84   Section        0  lab1.o(i.main)
    i.pushColor                              0x00002d10   Section        0  bsp.o(i.pushColor)
    pushColor                                0x00002d11   Thumb Code    18  bsp.o(i.pushColor)
    i.setAddrWindow                          0x00002d24   Section        0  bsp.o(i.setAddrWindow)
    setAddrWindow                            0x00002d25   Thumb Code   106  bsp.o(i.setAddrWindow)
    i.sqrt32                                 0x00002d98   Section        0  lab1.o(i.sqrt32)
    i.writecommand                           0x00002db8   Section        0  bsp.o(i.writecommand)
    writecommand                             0x00002db9   Thumb Code    58  bsp.o(i.writecommand)
    i.writedata                              0x00002e00   Section        0  bsp.o(i.writedata)
    writedata                                0x00002e01   Thumb Code    60  bsp.o(i.writedata)
    x$fpl$fpinit                             0x00002e48   Section       10  fpinit.o(x$fpl$fpinit)
    $v0                                      0x00002e48   Number         0  fpinit.o(x$fpl$fpinit)
    .constdata                               0x00002e52   Section     1403  bsp.o(.constdata)
    Font                                     0x00002e52   Data        1275  bsp.o(.constdata)
    Rcmd1                                    0x0000334d   Data          59  bsp.o(.constdata)
    Rcmd2green                               0x00003388   Data          13  bsp.o(.constdata)
    Rcmd2red                                 0x00003395   Data          13  bsp.o(.constdata)
    Rcmd3                                    0x000033a2   Data          43  bsp.o(.constdata)
    .constdata                               0x000033d0   Section       72  texas.o(.constdata)
    .data                                    0x20000000   Section       92  bsp.o(.data)
    ClockFrequency                           0x20000000   Data           4  bsp.o(.data)
    SubsystemFrequency                       0x20000004   Data           4  bsp.o(.data)
    PWMCycles                                0x20000008   Data           2  bsp.o(.data)
    ColStart                                 0x20000016   Data           1  bsp.o(.data)
    RowStart                                 0x20000017   Data           1  bsp.o(.data)
    _width                                   0x20000018   Data           2  bsp.o(.data)
    _height                                  0x2000001a   Data           2  bsp.o(.data)
    .data                                    0x2000005c   Section       70  lab1.o(.data)
    soundSum                                 0x20000098   Data           4  lab1.o(.data)
    time                                     0x2000009c   Data           4  lab1.o(.data)
    prev1                                    0x200000a0   Data           1  lab1.o(.data)
    prev2                                    0x200000a1   Data           1  lab1.o(.data)
    .data                                    0x200000a4   Section      148  texas.o(.data)
    count                                    0x20000134   Data           4  texas.o(.data)
    .data                                    0x20000138   Section        4  system_msp432.o(.data)
    .bss                                     0x2000013c   Section       12  bsp.o(.bss)
    .bss                                     0x20000148   Section     2000  lab1.o(.bss)
    .bss                                     0x20000918   Section    40888  texas.o(.bss)
    .bss                                     0x2000a8d0   Section       96  libspace.o(.bss)
    HEAP                                     0x2000a930   Section        0  startup_msp432.o(HEAP)
    STACK                                    0x2000a930   Section     1024  startup_msp432.o(STACK)
    Heap_Mem                                 0x2000a930   Data           0  startup_msp432.o(HEAP)
    Stack_Mem                                0x2000a930   Data        1024  startup_msp432.o(STACK)
    __initial_sp                             0x2000ad30   Data           0  startup_msp432.o(STACK)

    Global Symbols

    Symbol Name                              Value     Ov Type        Size  Object(Section)

    BuildAttributes$$THM_ISAv4$E$P$D$K$B$S$7EM$VFPi3$EXTD16$VFPS$VFMA$PE$A:L22UL41UL21$X:L11$S22US41US21$IEEE1$IW$USESV6$~STKCKD$USESV7$~SHL$OSPACE$ROPI$EBA8$UX$STANDARDLIB$REQ8$PRES8$EABIv2 0x00000000   Number         0  anon$$obj.o ABSOLUTE
    __ARM_use_no_argv                        0x00000000   Number         0  lab1.o ABSOLUTE
    __Vectors                                0x00000000   Data           4  startup_msp432.o(RESET)
    __ARM_exceptions_init                     - Undefined Weak Reference
    __alloca_initialize                       - Undefined Weak Reference
    __arm_preinit_                            - Undefined Weak Reference
    __cpp_initialize__aeabi_                  - Undefined Weak Reference
    __cxa_finalize                            - Undefined Weak Reference
    __rt_locale                               - Undefined Weak Reference
    __sigvec_lookup                           - Undefined Weak Reference
    _atexit_init                              - Undefined Weak Reference
    _call_atexit_fns                          - Undefined Weak Reference
    _clock_init                               - Undefined Weak Reference
    _fp_trap_init                             - Undefined Weak Reference
    _fp_trap_shutdown                         - Undefined Weak Reference
    _get_lc_collate                           - Undefined Weak Reference
    _get_lc_ctype                             - Undefined Weak Reference
    _get_lc_monetary                          - Undefined Weak Reference
    _get_lc_numeric                           - Undefined Weak Reference
    _get_lc_time                              - Undefined Weak Reference
    _getenv_init                              - Undefined Weak Reference
    _handle_redirection                       - Undefined Weak Reference
    _init_alloc                               - Undefined Weak Reference
    _init_user_alloc                          - Undefined Weak Reference
    _initio                                   - Undefined Weak Reference
    _rand_init                                - Undefined Weak Reference
    _signal_finish                            - Undefined Weak Reference
    _signal_init                              - Undefined Weak Reference
    _terminate_alloc                          - Undefined Weak Reference
    _terminate_user_alloc                     - Undefined Weak Reference
    _terminateio                              - Undefined Weak Reference
    __Vectors_End                            0x00000144   Data           0  startup_msp432.o(RESET)
    __Vectors_Size                           0x00000144   Number         0  startup_msp432.o ABSOLUTE
    __main                                   0x00000145   Thumb Code     8  __main.o(!!!main)
    __scatterload                            0x0000014d   Thumb Code     0  __scatter.o(!!!scatter)
    __scatterload_rt2                        0x0000014d   Thumb Code    44  __scatter.o(!!!scatter)
    __scatterload_rt2_thumb_only             0x0000014d   Thumb Code     0  __scatter.o(!!!scatter)
    __scatterload_null                       0x0000015b   Thumb Code     0  __scatter.o(!!!scatter)
    __decompress                             0x00000181   Thumb Code    58  __dczerorl.o(!!dczerorl)
    __decompress0                            0x00000181   Thumb Code     0  __dczerorl.o(!!dczerorl)
    __scatterload_zeroinit                   0x000001bd   Thumb Code    28  __scatter_zi.o(!!handler_zi)
    __rt_lib_init                            0x000001d9   Thumb Code     0  libinit.o(.ARM.Collect$$libinit$$00000000)
    __rt_lib_init_fp_1                       0x000001db   Thumb Code     0  libinit2.o(.ARM.Collect$$libinit$$00000001)
    __rt_lib_init_alloca_1                   0x000001df   Thumb Code     0  libinit2.o(.ARM.Collect$$libinit$$0000002E)
    __rt_lib_init_argv_1                     0x000001df   Thumb Code     0  libinit2.o(.ARM.Collect$$libinit$$0000002C)
    __rt_lib_init_atexit_1                   0x000001df   Thumb Code     0  libinit2.o(.ARM.Collect$$libinit$$0000001B)
    __rt_lib_init_clock_1                    0x000001df   Thumb Code     0  libinit2.o(.ARM.Collect$$libinit$$00000021)
    __rt_lib_init_cpp_1                      0x000001df   Thumb Code     0  libinit2.o(.ARM.Collect$$libinit$$00000032)
    __rt_lib_init_exceptions_1               0x000001df   Thumb Code     0  libinit2.o(.ARM.Collect$$libinit$$00000030)
    __rt_lib_init_fp_trap_1                  0x000001df   Thumb Code     0  libinit2.o(.ARM.Collect$$libinit$$0000001F)
    __rt_lib_init_getenv_1                   0x000001df   Thumb Code     0  libinit2.o(.ARM.Collect$$libinit$$00000023)
    __rt_lib_init_heap_1                     0x000001df   Thumb Code     0  libinit2.o(.ARM.Collect$$libinit$$0000000A)
    __rt_lib_init_lc_collate_1               0x000001df   Thumb Code     0  libinit2.o(.ARM.Collect$$libinit$$00000011)
    __rt_lib_init_lc_ctype_1                 0x000001df   Thumb Code     0  libinit2.o(.ARM.Collect$$libinit$$00000013)
    __rt_lib_init_lc_monetary_1              0x000001df   Thumb Code     0  libinit2.o(.ARM.Collect$$libinit$$00000015)
    __rt_lib_init_lc_numeric_1               0x000001df   Thumb Code     0  libinit2.o(.ARM.Collect$$libinit$$00000017)
    __rt_lib_init_lc_time_1                  0x000001df   Thumb Code     0  libinit2.o(.ARM.Collect$$libinit$$00000019)
    __rt_lib_init_preinit_1                  0x000001df   Thumb Code     0  libinit2.o(.ARM.Collect$$libinit$$00000004)
    __rt_lib_init_rand_1                     0x000001df   Thumb Code     0  libinit2.o(.ARM.Collect$$libinit$$0000000E)
    __rt_lib_init_return                     0x000001df   Thumb Code     0  libinit2.o(.ARM.Collect$$libinit$$00000033)
    __rt_lib_init_signal_1                   0x000001df   Thumb Code     0  libinit2.o(.ARM.Collect$$libinit$$0000001D)
    __rt_lib_init_stdio_1                    0x000001df   Thumb Code     0  libinit2.o(.ARM.Collect$$libinit$$00000025)
    __rt_lib_init_user_alloc_1               0x000001df   Thumb Code     0  libinit2.o(.ARM.Collect$$libinit$$0000000C)
    __rt_lib_shutdown                        0x000001e1   Thumb Code     0  libshutdown.o(.ARM.Collect$$libshutdown$$00000000)
    __rt_lib_shutdown_fp_trap_1              0x000001e3   Thumb Code     0  libshutdown2.o(.ARM.Collect$$libshutdown$$00000006)
    __rt_lib_shutdown_heap_1                 0x000001e3   Thumb Code     0  libshutdown2.o(.ARM.Collect$$libshutdown$$0000000E)
    __rt_lib_shutdown_return                 0x000001e3   Thumb Code     0  libshutdown2.o(.ARM.Collect$$libshutdown$$0000000F)
    __rt_lib_shutdown_signal_1               0x000001e3   Thumb Code     0  libshutdown2.o(.ARM.Collect$$libshutdown$$00000009)
    __rt_lib_shutdown_stdio_1                0x000001e3   Thumb Code     0  libshutdown2.o(.ARM.Collect$$libshutdown$$00000003)
    __rt_lib_shutdown_user_alloc_1           0x000001e3   Thumb Code     0  libshutdown2.o(.ARM.Collect$$libshutdown$$0000000B)
    __rt_entry                               0x000001e5   Thumb Code     0  __rtentry.o(.ARM.Collect$$rtentry$$00000000)
    __rt_entry_presh_1                       0x000001e5   Thumb Code     0  __rtentry2.o(.ARM.Collect$$rtentry$$00000002)
    __rt_entry_sh                            0x000001e5   Thumb Code     0  __rtentry4.o(.ARM.Collect$$rtentry$$00000004)
    __rt_entry_li                            0x000001eb   Thumb Code     0  __rtentry2.o(.ARM.Collect$$rtentry$$0000000A)
    __rt_entry_postsh_1                      0x000001eb   Thumb Code     0  __rtentry2.o(.ARM.Collect$$rtentry$$00000009)
    __rt_entry_main                          0x000001ef   Thumb Code     0  __rtentry2.o(.ARM.Collect$$rtentry$$0000000D)
    __rt_entry_postli_1                      0x000001ef   Thumb Code     0  __rtentry2.o(.ARM.Collect$$rtentry$$0000000C)
    __rt_exit                                0x000001f7   Thumb Code     0  rtexit.o(.ARM.Collect$$rtexit$$00000000)
    __rt_exit_ls                             0x000001f9   Thumb Code     0  rtexit2.o(.ARM.Collect$$rtexit$$00000003)
    __rt_exit_prels_1                        0x000001f9   Thumb Code     0  rtexit2.o(.ARM.Collect$$rtexit$$00000002)
    __rt_exit_exit                           0x000001fd   Thumb Code     0  rtexit2.o(.ARM.Collect$$rtexit$$00000004)
    parrotdelay                              0x00000205   Thumb Code     6  bsp.o(.emb_text)
    Reset_Handler                            0x0000020d   Thumb Code     8  startup_msp432.o(.text)
    NMI_Handler                              0x00000215   Thumb Code     2  startup_msp432.o(.text)
    HardFault_Handler                        0x00000217   Thumb Code     2  startup_msp432.o(.text)
    MemManage_Handler                        0x00000219   Thumb Code     2  startup_msp432.o(.text)
    BusFault_Handler                         0x0000021b   Thumb Code     2  startup_msp432.o(.text)
    UsageFault_Handler                       0x0000021d   Thumb Code     2  startup_msp432.o(.text)
    SVC_Handler                              0x0000021f   Thumb Code     2  startup_msp432.o(.text)
    DebugMon_Handler                         0x00000221   Thumb Code     2  startup_msp432.o(.text)
    PendSV_Handler                           0x00000223   Thumb Code     2  startup_msp432.o(.text)
    SysTick_Handler                          0x00000225   Thumb Code     2  startup_msp432.o(.text)
    ADC14_IRQHandler                         0x00000227   Thumb Code     0  startup_msp432.o(.text)
    AES256_IRQHandler                        0x00000227   Thumb Code     0  startup_msp432.o(.text)
    COMP_E0_IRQHandler                       0x00000227   Thumb Code     0  startup_msp432.o(.text)
    COMP_E1_IRQHandler                       0x00000227   Thumb Code     0  startup_msp432.o(.text)
    CS_IRQHandler                            0x00000227   Thumb Code     0  startup_msp432.o(.text)
    DMA_ERR_IRQHandler                       0x00000227   Thumb Code     0  startup_msp432.o(.text)
    DMA_INT0_IRQHandler                      0x00000227   Thumb Code     0  startup_msp432.o(.text)
    DMA_INT1_IRQHandler                      0x00000227   Thumb Code     0  startup_msp432.o(.text)
    DMA_INT2_IRQHandler                      0x00000227   Thumb Code     0  startup_msp432.o(.text)
    DMA_INT3_IRQHandler                      0x00000227   Thumb Code     0  startup_msp432.o(.text)
    EUSCIA0_IRQHandler                       0x00000227   Thumb Code     0  startup_msp432.o(.text)
    EUSCIA1_IRQHandler                       0x00000227   Thumb Code     0  startup_msp432.o(.text)
    EUSCIA2_IRQHandler                       0x00000227   Thumb Code     0  startup_msp432.o(.text)
    EUSCIA3_IRQHandler                       0x00000227   Thumb Code     0  startup_msp432.o(.text)
    EUSCIB0_IRQHandler                       0x00000227   Thumb Code     0  startup_msp432.o(.text)
    EUSCIB1_IRQHandler                       0x00000227   Thumb Code     0  startup_msp432.o(.text)
    EUSCIB2_IRQHandler                       0x00000227   Thumb Code     0  startup_msp432.o(.text)
    EUSCIB3_IRQHandler                       0x00000227   Thumb Code     0  startup_msp432.o(.text)
    FLCTL_IRQHandler                         0x00000227   Thumb Code     0  startup_msp432.o(.text)
    FPU_IRQHandler                           0x00000227   Thumb Code     0  startup_msp432.o(.text)
    PCM_IRQHandler                           0x00000227   Thumb Code     0  startup_msp432.o(.text)
    PORT1_IRQHandler                         0x00000227   Thumb Code     0  startup_msp432.o(.text)
    PORT2_IRQHandler                         0x00000227   Thumb Code     0  startup_msp432.o(.text)
    PORT3_IRQHandler                         0x00000227   Thumb Code     0  startup_msp432.o(.text)
    PORT4_IRQHandler                         0x00000227   Thumb Code     0  startup_msp432.o(.text)
    PORT5_IRQHandler                         0x00000227   Thumb Code     0  startup_msp432.o(.text)
    PORT6_IRQHandler                         0x00000227   Thumb Code     0  startup_msp432.o(.text)
    PSS_IRQHandler                           0x00000227   Thumb Code     0  startup_msp432.o(.text)
    RTC_C_IRQHandler                         0x00000227   Thumb Code     0  startup_msp432.o(.text)
    T32_INT2_IRQHandler                      0x00000227   Thumb Code     0  startup_msp432.o(.text)
    T32_INTC_IRQHandler                      0x00000227   Thumb Code     0  startup_msp432.o(.text)
    TA0_0_IRQHandler                         0x00000227   Thumb Code     0  startup_msp432.o(.text)
    TA0_N_IRQHandler                         0x00000227   Thumb Code     0  startup_msp432.o(.text)
    TA1_N_IRQHandler                         0x00000227   Thumb Code     0  startup_msp432.o(.text)
    TA2_N_IRQHandler                         0x00000227   Thumb Code     0  startup_msp432.o(.text)
    TA3_N_IRQHandler                         0x00000227   Thumb Code     0  startup_msp432.o(.text)
    WDT_A_IRQHandler                         0x00000227   Thumb Code     0  startup_msp432.o(.text)
    DisableInterrupts                        0x00000231   Thumb Code     0  startup_msp432.o(.text)
    EnableInterrupts                         0x00000235   Thumb Code     0  startup_msp432.o(.text)
    StartCritical                            0x00000239   Thumb Code     0  startup_msp432.o(.text)
    EndCritical                              0x00000241   Thumb Code     0  startup_msp432.o(.text)
    WaitForInterrupt                         0x00000247   Thumb Code     0  startup_msp432.o(.text)
    __user_initial_stackheap                 0x0000024b   Thumb Code    10  startup_msp432.o(.text)
    __use_two_region_memory                  0x00000261   Thumb Code     2  heapauxi.o(.text)
    __rt_heap_escrow$2region                 0x00000263   Thumb Code     2  heapauxi.o(.text)
    __rt_heap_expand$2region                 0x00000265   Thumb Code     2  heapauxi.o(.text)
    __user_setup_stackheap                   0x00000267   Thumb Code    74  sys_stackheap_outer.o(.text)
    exit                                     0x000002b1   Thumb Code    12  exit.o(.text)
    __user_libspace                          0x000002bd   Thumb Code     8  libspace.o(.text)
    __user_perproc_libspace                  0x000002bd   Thumb Code     0  libspace.o(.text)
    __user_perthread_libspace                0x000002bd   Thumb Code     0  libspace.o(.text)
    _sys_exit                                0x000002c5   Thumb Code     8  sys_exit.o(.text)
    __I$use$semihosting                      0x000002d1   Thumb Code     0  use_no_semi.o(.text)
    __use_no_semihosting_swi                 0x000002d1   Thumb Code     2  use_no_semi.o(.text)
    __semihosting_library_function           0x000002d3   Thumb Code     0  indicate_semi.o(.text)
    BSP_Accelerometer_Init                   0x000002d5   Thumb Code    86  bsp.o(i.BSP_Accelerometer_Init)
    BSP_Accelerometer_Input                  0x00000335   Thumb Code   132  bsp.o(i.BSP_Accelerometer_Input)
    BSP_Button1_Init                         0x000003c1   Thumb Code    54  bsp.o(i.BSP_Button1_Init)
    BSP_Button1_Input                        0x000003fd   Thumb Code     6  bsp.o(i.BSP_Button1_Input)
    BSP_Button2_Init                         0x00000409   Thumb Code    54  bsp.o(i.BSP_Button2_Init)
    BSP_Button2_Input                        0x00000445   Thumb Code     6  bsp.o(i.BSP_Button2_Input)
    BSP_Buzzer_Init                          0x00000451   Thumb Code   132  bsp.o(i.BSP_Buzzer_Init)
    BSP_Buzzer_Set                           0x000004e1   Thumb Code    28  bsp.o(i.BSP_Buzzer_Set)
    BSP_Clock_InitFastest                    0x00000501   Thumb Code   328  bsp.o(i.BSP_Clock_InitFastest)
    BSP_Delay1ms                             0x00000689   Thumb Code    22  bsp.o(i.BSP_Delay1ms)
    BSP_LCD_Color565                         0x0000069f   Thumb Code    24  bsp.o(i.BSP_LCD_Color565)
    BSP_LCD_DrawChar                         0x000006b9   Thumb Code   260  bsp.o(i.BSP_LCD_DrawChar)
    BSP_LCD_DrawFastHLine                    0x000007c9   Thumb Code   116  bsp.o(i.BSP_LCD_DrawFastHLine)
    BSP_LCD_DrawFastVLine                    0x00000845   Thumb Code   116  bsp.o(i.BSP_LCD_DrawFastVLine)
    BSP_LCD_DrawPixel                        0x000008c1   Thumb Code    64  bsp.o(i.BSP_LCD_DrawPixel)
    BSP_LCD_DrawString                       0x00000909   Thumb Code    86  bsp.o(i.BSP_LCD_DrawString)
    BSP_LCD_Drawaxes                         0x00000961   Thumb Code   272  bsp.o(i.BSP_LCD_Drawaxes)
    BSP_LCD_FillRect                         0x00000a85   Thumb Code   164  bsp.o(i.BSP_LCD_FillRect)
    BSP_LCD_FillScreen                       0x00000b31   Thumb Code    28  bsp.o(i.BSP_LCD_FillScreen)
    BSP_LCD_Init                             0x00000b55   Thumb Code    10  bsp.o(i.BSP_LCD_Init)
    BSP_LCD_OutUDec4                         0x00000b61   Thumb Code   116  bsp.o(i.BSP_LCD_OutUDec4)
    BSP_LCD_PlotIncrement                    0x00000be9   Thumb Code    46  bsp.o(i.BSP_LCD_PlotIncrement)
    BSP_LCD_PlotPoint                        0x00000c21   Thumb Code    86  bsp.o(i.BSP_LCD_PlotPoint)
    BSP_LCD_SetCursor                        0x00000c85   Thumb Code    22  bsp.o(i.BSP_LCD_SetCursor)
    BSP_LightSensor_End                      0x00000ca5   Thumb Code    58  bsp.o(i.BSP_LightSensor_End)
    BSP_LightSensor_Init                     0x00000ce9   Thumb Code    60  bsp.o(i.BSP_LightSensor_Init)
    BSP_LightSensor_Input                    0x00000d29   Thumb Code    42  bsp.o(i.BSP_LightSensor_Input)
    BSP_LightSensor_Start                    0x00000d5d   Thumb Code    22  bsp.o(i.BSP_LightSensor_Start)
    BSP_Microphone_Init                      0x00000d79   Thumb Code    50  bsp.o(i.BSP_Microphone_Init)
    BSP_Microphone_Input                     0x00000db5   Thumb Code   106  bsp.o(i.BSP_Microphone_Input)
    BSP_RGB_Init                             0x00000e29   Thumb Code   274  bsp.o(i.BSP_RGB_Init)
    BSP_RGB_Set                              0x00000f4d   Thumb Code    68  bsp.o(i.BSP_RGB_Set)
    BSP_Time_Get                             0x00000f99   Thumb Code    16  bsp.o(i.BSP_Time_Get)
    BSP_Time_Init                            0x00000fad   Thumb Code    32  bsp.o(i.BSP_Time_Init)
    Grader                                   0x00001039   Thumb Code   956  texas.o(i.Grader)
    LogicAnalyzer                            0x000017b1   Thumb Code    12  texas.o(i.LogicAnalyzer)
    PeriodicTask2_Init                       0x000017c5   Thumb Code   140  texas.o(i.PeriodicTask2_Init)
    PeriodicTask2_Stop                       0x00001861   Thumb Code    20  texas.o(i.PeriodicTask2_Stop)
    Profile_Init                             0x0000187d   Thumb Code   338  profile.o(i.Profile_Init)
    SystemInit                               0x00001b15   Thumb Code    28  system_msp432.o(i.SystemInit)
    T32_INT1_IRQHandler                      0x00001b41   Thumb Code    16  bsp.o(i.T32_INT1_IRQHandler)
    TA1_0_IRQHandler                         0x00001b59   Thumb Code    22  bsp.o(i.TA1_0_IRQHandler)
    TA2_0_IRQHandler                         0x00001b79   Thumb Code    22  bsp.o(i.TA2_0_IRQHandler)
    TA3_0_IRQHandler                         0x00001b99   Thumb Code    22  texas.o(i.TA3_0_IRQHandler)
    TExaS_Init                               0x00001bb9   Thumb Code   170  texas.o(i.TExaS_Init)
    TExaS_Stop                               0x00001d0d   Thumb Code     8  texas.o(i.TExaS_Stop)
    TExaS_Task0                              0x00001d15   Thumb Code    84  texas.o(i.TExaS_Task0)
    TExaS_Task1                              0x00001d81   Thumb Code    84  texas.o(i.TExaS_Task1)
    TExaS_Task2                              0x00001ded   Thumb Code    84  texas.o(i.TExaS_Task2)
    TExaS_Task3                              0x00001e59   Thumb Code    84  texas.o(i.TExaS_Task3)
    TExaS_Task4                              0x00001ec5   Thumb Code    84  texas.o(i.TExaS_Task4)
    TExaS_Task5                              0x00001f31   Thumb Code    84  texas.o(i.TExaS_Task5)
    Task0                                    0x00001f9d   Thumb Code   166  lab1.o(i.Task0)
    Task0_Init                               0x0000205d   Thumb Code    14  lab1.o(i.Task0_Init)
    Task1                                    0x00002071   Thumb Code   380  lab1.o(i.Task1)
    Task1_Init                               0x00002219   Thumb Code    70  lab1.o(i.Task1_Init)
    Task2                                    0x00002279   Thumb Code    42  lab1.o(i.Task2)
    Task2_Init                               0x000022b1   Thumb Code    26  lab1.o(i.Task2_Init)
    Task3                                    0x000022d5   Thumb Code   264  lab1.o(i.Task3)
    Task3_Init                               0x000023f5   Thumb Code    28  lab1.o(i.Task3_Init)
    Task4                                    0x00002411   Thumb Code   114  lab1.o(i.Task4)
    Task4_Init                               0x000024a1   Thumb Code    34  lab1.o(i.Task4_Init)
    Task5                                    0x000024c9   Thumb Code   106  lab1.o(i.Task5)
    Task5_Init                               0x0000254d   Thumb Code    60  lab1.o(i.Task5_Init)
    UART_Init                                0x000025a9   Thumb Code   100  texas.o(i.UART_Init)
    UART_OutChar                             0x00002615   Thumb Code    20  texas.o(i.UART_OutChar)
    UART_OutString                           0x0000262d   Thumb Code    24  texas.o(i.UART_OutString)
    UART_OutUDec                             0x00002645   Thumb Code    42  texas.o(i.UART_OutUDec)
    UART_OutUDec5                            0x00002671   Thumb Code    48  texas.o(i.UART_OutUDec5)
    UART_OutUDec7                            0x000026b5   Thumb Code    48  texas.o(i.UART_OutUDec7)
    UART_OutUFix1                            0x000026f9   Thumb Code    46  texas.o(i.UART_OutUFix1)
    drawaxes                                 0x000028bd   Thumb Code   152  lab1.o(i.drawaxes)
    main                                     0x00002c85   Thumb Code   132  lab1.o(i.main)
    sqrt32                                   0x00002d99   Thumb Code    30  lab1.o(i.sqrt32)
    _fp_init                                 0x00002e49   Thumb Code    10  fpinit.o(x$fpl$fpinit)
    __fplib_config_fpu_vfp                   0x00002e51   Thumb Code     0  fpinit.o(x$fpl$fpinit)
    __fplib_config_pureend_doubles           0x00002e51   Thumb Code     0  fpinit.o(x$fpl$fpinit)
    Key                                      0x000033d0   Data           8  texas.o(.constdata)
    Scramble                                 0x000033d8   Data          32  texas.o(.constdata)
    DeScramble                               0x000033f8   Data          32  texas.o(.constdata)
    Region$$Table$$Base                      0x00003418   Number         0  anon$$obj.o(Region$$Table)
    Region$$Table$$Limit                     0x00003438   Number         0  anon$$obj.o(Region$$Table)
    StX                                      0x2000000c   Data           4  bsp.o(.data)
    StY                                      0x20000010   Data           4  bsp.o(.data)
    StTextColor                              0x20000014   Data           2  bsp.o(.data)
    Messageindex                             0x2000001c   Data           4  bsp.o(.data)
    TimeIndex                                0x20000020   Data           4  bsp.o(.data)
    Ymax                                     0x20000024   Data           4  bsp.o(.data)
    Ymin                                     0x20000028   Data           4  bsp.o(.data)
    Yrange                                   0x2000002c   Data           4  bsp.o(.data)
    PlotBGColor                              0x20000030   Data           2  bsp.o(.data)
    Prewait                                  0x20000034   Data           4  bsp.o(.data)
    CPMwait                                  0x20000038   Data           4  bsp.o(.data)
    Postwait                                 0x2000003c   Data           4  bsp.o(.data)
    IFlags                                   0x20000040   Data           4  bsp.o(.data)
    Crystalstable                            0x20000044   Data           4  bsp.o(.data)
    PeriodicTask                             0x20000048   Data           4  bsp.o(.data)
    PeriodicTaskB                            0x2000004c   Data           4  bsp.o(.data)
    PeriodicTaskC                            0x20000050   Data           4  bsp.o(.data)
    LightBusy                                0x20000054   Data           4  bsp.o(.data)
    TempBusy                                 0x20000058   Data           4  bsp.o(.data)
    Time                                     0x2000005c   Data           4  lab1.o(.data)
    Steps                                    0x20000060   Data           4  lab1.o(.data)
    Magnitude                                0x20000064   Data           4  lab1.o(.data)
    EWMA                                     0x20000068   Data           4  lab1.o(.data)
    SoundData                                0x2000006c   Data           2  lab1.o(.data)
    SoundRMS                                 0x20000070   Data           4  lab1.o(.data)
    LightData                                0x20000074   Data           4  lab1.o(.data)
    ReDrawAxes                               0x20000078   Data           4  lab1.o(.data)
    PlotState                                0x2000007c   Data           1  lab1.o(.data)
    AccX                                     0x2000007e   Data           2  lab1.o(.data)
    AccY                                     0x20000080   Data           2  lab1.o(.data)
    AccZ                                     0x20000082   Data           2  lab1.o(.data)
    AlgorithmState                           0x20000084   Data           1  lab1.o(.data)
    LocalMin                                 0x20000088   Data           4  lab1.o(.data)
    LocalMax                                 0x2000008c   Data           4  lab1.o(.data)
    LocalCount                               0x20000090   Data           4  lab1.o(.data)
    Task2Failures                            0x20000094   Data           4  lab1.o(.data)
    LogicData                                0x200000a4   Data           1  texas.o(.data)
    Id                                       0x200000a8   Data           4  texas.o(.data)
    Index0                                   0x200000ac   Data           4  texas.o(.data)
    Index1                                   0x200000b0   Data           4  texas.o(.data)
    Index2                                   0x200000b4   Data           4  texas.o(.data)
    Index3                                   0x200000b8   Data           4  texas.o(.data)
    Index4                                   0x200000bc   Data           4  texas.o(.data)
    Index5                                   0x200000c0   Data           4  texas.o(.data)
    Sum0                                     0x200000c4   Data           4  texas.o(.data)
    Sum1                                     0x200000c8   Data           4  texas.o(.data)
    Sum2                                     0x200000cc   Data           4  texas.o(.data)
    Sum3                                     0x200000d0   Data           4  texas.o(.data)
    Sum4                                     0x200000d4   Data           4  texas.o(.data)
    Sum5                                     0x200000d8   Data           4  texas.o(.data)
    Max0                                     0x200000dc   Data           4  texas.o(.data)
    Max1                                     0x200000e0   Data           4  texas.o(.data)
    Max2                                     0x200000e4   Data           4  texas.o(.data)
    Max3                                     0x200000e8   Data           4  texas.o(.data)
    Max4                                     0x200000ec   Data           4  texas.o(.data)
    Max5                                     0x200000f0   Data           4  texas.o(.data)
    Min0                                     0x200000f4   Data           4  texas.o(.data)
    Min1                                     0x200000f8   Data           4  texas.o(.data)
    Min2                                     0x200000fc   Data           4  texas.o(.data)
    Min3                                     0x20000100   Data           4  texas.o(.data)
    Min4                                     0x20000104   Data           4  texas.o(.data)
    Min5                                     0x20000108   Data           4  texas.o(.data)
    Last0                                    0x2000010c   Data           4  texas.o(.data)
    Last1                                    0x20000110   Data           4  texas.o(.data)
    Last2                                    0x20000114   Data           4  texas.o(.data)
    Last3                                    0x20000118   Data           4  texas.o(.data)
    Last4                                    0x2000011c   Data           4  texas.o(.data)
    Last5                                    0x20000120   Data           4  texas.o(.data)
    PeriodicTask2                            0x20000124   Data           4  texas.o(.data)
    Messageindexb                            0x20000128   Data           4  texas.o(.data)
    Messageb                                 0x2000012c   Data           8  texas.o(.data)
    SystemCoreClock                          0x20000138   Data           4  system_msp432.o(.data)
    Message                                  0x2000013c   Data          12  bsp.o(.bss)
    SoundArray                               0x20000148   Data        2000  lab1.o(.bss)
    MagicCode                                0x20000918   Data          10  texas.o(.bss)
    EncriptedMagicCode                       0x20000922   Data          10  texas.o(.bss)
    TimeBuffer0                              0x2000092c   Data       39600  texas.o(.bss)
    TimeBuffer1                              0x2000a3dc   Data         396  texas.o(.bss)
    TimeBuffer2                              0x2000a568   Data          40  texas.o(.bss)
    TimeBuffer3                              0x2000a590   Data         396  texas.o(.bss)
    TimeBuffer4                              0x2000a71c   Data         396  texas.o(.bss)
    TimeBuffer5                              0x2000a8a8   Data          40  texas.o(.bss)
    __libspace_start                         0x2000a8d0   Data          96  libspace.o(.bss)
    __temporary_stack_top$libspace           0x2000a930   Data           0  libspace.o(.bss)



==============================================================================

Memory Map of the image

  Image Entry point : 0x0000020d

  Load Region LR_1 (Base: 0x00000000, Size: 0x00003574, Max: 0xffffffff, ABSOLUTE, COMPRESSED[0x00003450])

    Execution Region ER_RO (Base: 0x00000000, Size: 0x00003438, Max: 0xffffffff, ABSOLUTE)

    Base Addr    Size         Type   Attr      Idx    E Section Name        Object

    0x00000000   0x00000144   Data   RO          929    RESET               startup_msp432.o
    0x00000144   0x00000008   Code   RO          984  * !!!main             c_w.l(__main.o)
    0x0000014c   0x00000034   Code   RO         1142    !!!scatter          c_w.l(__scatter.o)
    0x00000180   0x0000003a   Code   RO         1140    !!dczerorl          c_w.l(__dczerorl.o)
    0x000001ba   0x00000002   PAD
    0x000001bc   0x0000001c   Code   RO         1144    !!handler_zi        c_w.l(__scatter_zi.o)
    0x000001d8   0x00000002   Code   RO         1011    .ARM.Collect$$libinit$$00000000  c_w.l(libinit.o)
    0x000001da   0x00000004   Code   RO         1017    .ARM.Collect$$libinit$$00000001  c_w.l(libinit2.o)
    0x000001de   0x00000000   Code   RO         1020    .ARM.Collect$$libinit$$00000004  c_w.l(libinit2.o)
    0x000001de   0x00000000   Code   RO         1023    .ARM.Collect$$libinit$$0000000A  c_w.l(libinit2.o)
    0x000001de   0x00000000   Code   RO         1025    .ARM.Collect$$libinit$$0000000C  c_w.l(libinit2.o)
    0x000001de   0x00000000   Code   RO         1027    .ARM.Collect$$libinit$$0000000E  c_w.l(libinit2.o)
    0x000001de   0x00000000   Code   RO         1030    .ARM.Collect$$libinit$$00000011  c_w.l(libinit2.o)
    0x000001de   0x00000000   Code   RO         1032    .ARM.Collect$$libinit$$00000013  c_w.l(libinit2.o)
    0x000001de   0x00000000   Code   RO         1034    .ARM.Collect$$libinit$$00000015  c_w.l(libinit2.o)
    0x000001de   0x00000000   Code   RO         1036    .ARM.Collect$$libinit$$00000017  c_w.l(libinit2.o)
    0x000001de   0x00000000   Code   RO         1038    .ARM.Collect$$libinit$$00000019  c_w.l(libinit2.o)
    0x000001de   0x00000000   Code   RO         1040    .ARM.Collect$$libinit$$0000001B  c_w.l(libinit2.o)
    0x000001de   0x00000000   Code   RO         1042    .ARM.Collect$$libinit$$0000001D  c_w.l(libinit2.o)
    0x000001de   0x00000000   Code   RO         1044    .ARM.Collect$$libinit$$0000001F  c_w.l(libinit2.o)
    0x000001de   0x00000000   Code   RO         1046    .ARM.Collect$$libinit$$00000021  c_w.l(libinit2.o)
    0x000001de   0x00000000   Code   RO         1048    .ARM.Collect$$libinit$$00000023  c_w.l(libinit2.o)
    0x000001de   0x00000000   Code   RO         1050    .ARM.Collect$$libinit$$00000025  c_w.l(libinit2.o)
    0x000001de   0x00000000   Code   RO         1054    .ARM.Collect$$libinit$$0000002C  c_w.l(libinit2.o)
    0x000001de   0x00000000   Code   RO         1056    .ARM.Collect$$libinit$$0000002E  c_w.l(libinit2.o)
    0x000001de   0x00000000   Code   RO         1058    .ARM.Collect$$libinit$$00000030  c_w.l(libinit2.o)
    0x000001de   0x00000000   Code   RO         1060    .ARM.Collect$$libinit$$00000032  c_w.l(libinit2.o)
    0x000001de   0x00000002   Code   RO         1061    .ARM.Collect$$libinit$$00000033  c_w.l(libinit2.o)
    0x000001e0   0x00000002   Code   RO         1081    .ARM.Collect$$libshutdown$$00000000  c_w.l(libshutdown.o)
    0x000001e2   0x00000000   Code   RO         1095    .ARM.Collect$$libshutdown$$00000003  c_w.l(libshutdown2.o)
    0x000001e2   0x00000000   Code   RO         1098    .ARM.Collect$$libshutdown$$00000006  c_w.l(libshutdown2.o)
    0x000001e2   0x00000000   Code   RO         1101    .ARM.Collect$$libshutdown$$00000009  c_w.l(libshutdown2.o)
    0x000001e2   0x00000000   Code   RO         1103    .ARM.Collect$$libshutdown$$0000000B  c_w.l(libshutdown2.o)
    0x000001e2   0x00000000   Code   RO         1106    .ARM.Collect$$libshutdown$$0000000E  c_w.l(libshutdown2.o)
    0x000001e2   0x00000002   Code   RO         1107    .ARM.Collect$$libshutdown$$0000000F  c_w.l(libshutdown2.o)
    0x000001e4   0x00000000   Code   RO          986    .ARM.Collect$$rtentry$$00000000  c_w.l(__rtentry.o)
    0x000001e4   0x00000000   Code   RO          988    .ARM.Collect$$rtentry$$00000002  c_w.l(__rtentry2.o)
    0x000001e4   0x00000006   Code   RO         1000    .ARM.Collect$$rtentry$$00000004  c_w.l(__rtentry4.o)
    0x000001ea   0x00000000   Code   RO          990    .ARM.Collect$$rtentry$$00000009  c_w.l(__rtentry2.o)
    0x000001ea   0x00000004   Code   RO          991    .ARM.Collect$$rtentry$$0000000A  c_w.l(__rtentry2.o)
    0x000001ee   0x00000000   Code   RO          993    .ARM.Collect$$rtentry$$0000000C  c_w.l(__rtentry2.o)
    0x000001ee   0x00000008   Code   RO          994    .ARM.Collect$$rtentry$$0000000D  c_w.l(__rtentry2.o)
    0x000001f6   0x00000002   Code   RO         1015    .ARM.Collect$$rtexit$$00000000  c_w.l(rtexit.o)
    0x000001f8   0x00000000   Code   RO         1063    .ARM.Collect$$rtexit$$00000002  c_w.l(rtexit2.o)
    0x000001f8   0x00000004   Code   RO         1064    .ARM.Collect$$rtexit$$00000003  c_w.l(rtexit2.o)
    0x000001fc   0x00000006   Code   RO         1065    .ARM.Collect$$rtexit$$00000004  c_w.l(rtexit2.o)
    0x00000202   0x00000002   PAD
    0x00000204   0x00000006   Code   RO            4    .emb_text           bsp.o
    0x0000020a   0x00000002   PAD
    0x0000020c   0x00000054   Code   RO          930  * .text               startup_msp432.o
    0x00000260   0x00000006   Code   RO          982    .text               c_w.l(heapauxi.o)
    0x00000266   0x0000004a   Code   RO         1002    .text               c_w.l(sys_stackheap_outer.o)
    0x000002b0   0x0000000c   Code   RO         1004    .text               c_w.l(exit.o)
    0x000002bc   0x00000008   Code   RO         1012    .text               c_w.l(libspace.o)
    0x000002c4   0x0000000c   Code   RO         1073    .text               c_w.l(sys_exit.o)
    0x000002d0   0x00000002   Code   RO         1084    .text               c_w.l(use_no_semi.o)
    0x000002d2   0x00000000   Code   RO         1086    .text               c_w.l(indicate_semi.o)
    0x000002d2   0x00000002   PAD
    0x000002d4   0x00000060   Code   RO            5    i.BSP_Accelerometer_Init  bsp.o
    0x00000334   0x0000008c   Code   RO            6    i.BSP_Accelerometer_Input  bsp.o
    0x000003c0   0x0000003c   Code   RO            7    i.BSP_Button1_Init  bsp.o
    0x000003fc   0x0000000c   Code   RO            8    i.BSP_Button1_Input  bsp.o
    0x00000408   0x0000003c   Code   RO            9    i.BSP_Button2_Init  bsp.o
    0x00000444   0x0000000c   Code   RO           10    i.BSP_Button2_Input  bsp.o
    0x00000450   0x00000090   Code   RO           11    i.BSP_Buzzer_Init   bsp.o
    0x000004e0   0x00000020   Code   RO           12    i.BSP_Buzzer_Set    bsp.o
    0x00000500   0x00000188   Code   RO           14    i.BSP_Clock_InitFastest  bsp.o
    0x00000688   0x00000016   Code   RO           15    i.BSP_Delay1ms      bsp.o
    0x0000069e   0x00000018   Code   RO           18    i.BSP_LCD_Color565  bsp.o
    0x000006b6   0x00000002   PAD
    0x000006b8   0x00000110   Code   RO           20    i.BSP_LCD_DrawChar  bsp.o
    0x000007c8   0x0000007c   Code   RO           22    i.BSP_LCD_DrawFastHLine  bsp.o
    0x00000844   0x0000007c   Code   RO           23    i.BSP_LCD_DrawFastVLine  bsp.o
    0x000008c0   0x00000048   Code   RO           24    i.BSP_LCD_DrawPixel  bsp.o
    0x00000908   0x00000056   Code   RO           25    i.BSP_LCD_DrawString  bsp.o
    0x0000095e   0x00000002   PAD
    0x00000960   0x00000124   Code   RO           26    i.BSP_LCD_Drawaxes  bsp.o
    0x00000a84   0x000000ac   Code   RO           27    i.BSP_LCD_FillRect  bsp.o
    0x00000b30   0x00000024   Code   RO           28    i.BSP_LCD_FillScreen  bsp.o
    0x00000b54   0x0000000a   Code   RO           29    i.BSP_LCD_Init      bsp.o
    0x00000b5e   0x00000002   PAD
    0x00000b60   0x00000088   Code   RO           31    i.BSP_LCD_OutUDec4  bsp.o
    0x00000be8   0x00000038   Code   RO           35    i.BSP_LCD_PlotIncrement  bsp.o
    0x00000c20   0x00000064   Code   RO           36    i.BSP_LCD_PlotPoint  bsp.o
    0x00000c84   0x00000020   Code   RO           37    i.BSP_LCD_SetCursor  bsp.o
    0x00000ca4   0x00000044   Code   RO           39    i.BSP_LightSensor_End  bsp.o
    0x00000ce8   0x00000040   Code   RO           40    i.BSP_LightSensor_Init  bsp.o
    0x00000d28   0x00000034   Code   RO           41    i.BSP_LightSensor_Input  bsp.o
    0x00000d5c   0x0000001c   Code   RO           42    i.BSP_LightSensor_Start  bsp.o
    0x00000d78   0x0000003c   Code   RO           43    i.BSP_Microphone_Init  bsp.o
    0x00000db4   0x00000074   Code   RO           44    i.BSP_Microphone_Input  bsp.o
    0x00000e28   0x00000124   Code   RO           54    i.BSP_RGB_Init      bsp.o
    0x00000f4c   0x0000004c   Code   RO           55    i.BSP_RGB_Set       bsp.o
    0x00000f98   0x00000014   Code   RO           60    i.BSP_Time_Get      bsp.o
    0x00000fac   0x00000024   Code   RO           61    i.BSP_Time_Init     bsp.o
    0x00000fd0   0x00000068   Code   RO          692    i.Encrypt           texas.o
    0x00001038   0x0000050c   Code   RO          693    i.Grader            texas.o
    0x00001544   0x000000bc   Code   RO           62    i.I2C_Recv2         bsp.o
    0x00001600   0x000000a0   Code   RO           63    i.I2C_Send1         bsp.o
    0x000016a0   0x00000110   Code   RO           64    i.I2C_Send3         bsp.o
    0x000017b0   0x00000014   Code   RO          694    i.LogicAnalyzer     texas.o
    0x000017c4   0x0000009c   Code   RO          695    i.PeriodicTask2_Init  texas.o
    0x00001860   0x0000001c   Code   RO          696    i.PeriodicTask2_Stop  texas.o
    0x0000187c   0x00000158   Code   RO          663    i.Profile_Init      profile.o
    0x000019d4   0x00000074   Code   RO           65    i.ST7735_InitR      bsp.o
    0x00001a48   0x000000cc   Code   RO          697    i.SetGrade          texas.o
    0x00001b14   0x0000002c   Code   RO          938    i.SystemInit        system_msp432.o
    0x00001b40   0x00000018   Code   RO           66    i.T32_INT1_IRQHandler  bsp.o
    0x00001b58   0x00000020   Code   RO           67    i.TA1_0_IRQHandler  bsp.o
    0x00001b78   0x00000020   Code   RO           68    i.TA2_0_IRQHandler  bsp.o
    0x00001b98   0x00000020   Code   RO          698    i.TA3_0_IRQHandler  texas.o
    0x00001bb8   0x00000154   Code   RO          699    i.TExaS_Init        texas.o
    0x00001d0c   0x00000008   Code   RO          700    i.TExaS_Stop        texas.o
    0x00001d14   0x0000006c   Code   RO          701    i.TExaS_Task0       texas.o
    0x00001d80   0x0000006c   Code   RO          702    i.TExaS_Task1       texas.o
    0x00001dec   0x0000006c   Code   RO          703    i.TExaS_Task2       texas.o
    0x00001e58   0x0000006c   Code   RO          704    i.TExaS_Task3       texas.o
    0x00001ec4   0x0000006c   Code   RO          705    i.TExaS_Task4       texas.o
    0x00001f30   0x0000006c   Code   RO          706    i.TExaS_Task5       texas.o
    0x00001f9c   0x000000c0   Code   RO          543    i.Task0             lab1.o
    0x0000205c   0x00000014   Code   RO          544    i.Task0_Init        lab1.o
    0x00002070   0x000001a8   Code   RO          545    i.Task1             lab1.o
    0x00002218   0x00000060   Code   RO          546    i.Task1_Init        lab1.o
    0x00002278   0x00000038   Code   RO          547    i.Task2             lab1.o
    0x000022b0   0x00000024   Code   RO          548    i.Task2_Init        lab1.o
    0x000022d4   0x00000120   Code   RO          549    i.Task3             lab1.o
    0x000023f4   0x0000001c   Code   RO          550    i.Task3_Init        lab1.o
    0x00002410   0x00000090   Code   RO          551    i.Task4             lab1.o
    0x000024a0   0x00000028   Code   RO          552    i.Task4_Init        lab1.o
    0x000024c8   0x00000084   Code   RO          553    i.Task5             lab1.o
    0x0000254c   0x0000005c   Code   RO          554    i.Task5_Init        lab1.o
    0x000025a8   0x0000006c   Code   RO          711    i.UART_Init         texas.o
    0x00002614   0x00000018   Code   RO          712    i.UART_OutChar      texas.o
    0x0000262c   0x00000018   Code   RO          713    i.UART_OutString    texas.o
    0x00002644   0x0000002a   Code   RO          714    i.UART_OutUDec      texas.o
    0x0000266e   0x00000002   PAD
    0x00002670   0x00000044   Code   RO          716    i.UART_OutUDec5     texas.o
    0x000026b4   0x00000044   Code   RO          717    i.UART_OutUDec7     texas.o
    0x000026f8   0x0000002e   Code   RO          718    i.UART_OutUFix1     texas.o
    0x00002726   0x00000002   PAD
    0x00002728   0x00000040   Code   RO           69    i.adcinit           bsp.o
    0x00002768   0x00000056   Code   RO           70    i.commandList       bsp.o
    0x000027be   0x00000002   PAD
    0x000027c0   0x000000fc   Code   RO           71    i.commonInit        bsp.o
    0x000028bc   0x000000c4   Code   RO          555    i.drawaxes          lab1.o
    0x00002980   0x00000048   Code   RO           72    i.fillmessage       bsp.o
    0x000029c8   0x00000064   Code   RO           75    i.fillmessage4      bsp.o
    0x00002a2c   0x00000080   Code   RO          721    i.fillmessage5b     texas.o
    0x00002aac   0x000000c4   Code   RO          722    i.fillmessage7b     texas.o
    0x00002b70   0x00000048   Code   RO          723    i.fillmessageb      texas.o
    0x00002bb8   0x00000058   Code   RO           77    i.i2cinit           bsp.o
    0x00002c10   0x00000050   Code   RO           78    i.lightsensorend    bsp.o
    0x00002c60   0x00000024   Code   RO           79    i.lightsensorstart  bsp.o
    0x00002c84   0x0000008c   Code   RO          556    i.main              lab1.o
    0x00002d10   0x00000012   Code   RO           80    i.pushColor         bsp.o
    0x00002d22   0x00000002   PAD
    0x00002d24   0x00000074   Code   RO           81    i.setAddrWindow     bsp.o
    0x00002d98   0x0000001e   Code   RO          558    i.sqrt32            lab1.o
    0x00002db6   0x00000002   PAD
    0x00002db8   0x00000048   Code   RO           84    i.writecommand      bsp.o
    0x00002e00   0x00000048   Code   RO           85    i.writedata         bsp.o
    0x00002e48   0x0000000a   Code   RO         1071    x$fpl$fpinit        fz_wm.l(fpinit.o)
    0x00002e52   0x0000057b   Data   RO           87    .constdata          bsp.o
    0x000033cd   0x00000003   PAD
    0x000033d0   0x00000048   Data   RO          725    .constdata          texas.o
    0x00003418   0x00000020   Data   RO         1138    Region$$Table       anon$$obj.o


    Execution Region ER_RW (Base: 0x20000000, Size: 0x0000013c, Max: 0xffffffff, ABSOLUTE, COMPRESSED[0x00000018])

    Base Addr    Size         Type   Attr      Idx    E Section Name        Object

    0x20000000   0x0000005c   Data   RW           88    .data               bsp.o
    0x2000005c   0x00000046   Data   RW          560    .data               lab1.o
    0x200000a2   0x00000002   PAD
    0x200000a4   0x00000094   Data   RW          726    .data               texas.o
    0x20000138   0x00000004   Data   RW          939    .data               system_msp432.o


    Execution Region ER_ZI (Base: 0x2000013c, Size: 0x0000abf4, Max: 0xffffffff, ABSOLUTE)

    Base Addr    Size         Type   Attr      Idx    E Section Name        Object

    0x2000013c   0x0000000c   Zero   RW           86    .bss                bsp.o
    0x20000148   0x000007d0   Zero   RW          559    .bss                lab1.o
    0x20000918   0x00009fb8   Zero   RW          724    .bss                texas.o
    0x2000a8d0   0x00000060   Zero   RW         1013    .bss                c_w.l(libspace.o)
    0x2000a930   0x00000000   Zero   RW          928    HEAP                startup_msp432.o
    0x2000a930   0x00000400   Zero   RW          927    STACK               startup_msp432.o


==============================================================================

Image component sizes


      Code (inc. data)   RO Data    RW Data    ZI Data      Debug   Object Name

      5204        508       1403         92         12      39549   bsp.o
      1914        296          0         70       2000       9663   lab1.o
       344          6          0          0          0        555   profile.o
        84         20        324          0       1024        936   startup_msp432.o
        44         16          0          4          0        763   system_msp432.o
      3608        812         72        148      40888      19928   texas.o

    ----------------------------------------------------------------------
     11216       1658       1834        316      43924      71394   Object Totals
         0          0         32          0          0          0   (incl. Generated)
        18          0          3          2          0          0   (incl. Padding)

    ----------------------------------------------------------------------

      Code (inc. data)   RO Data    RW Data    ZI Data      Debug   Library Member Name

        58          0          0          0          0          0   __dczerorl.o
         8          0          0          0          0         68   __main.o
         0          0          0          0          0          0   __rtentry.o
        12          0          0          0          0          0   __rtentry2.o
         6          0          0          0          0          0   __rtentry4.o
        52          8          0          0          0          0   __scatter.o
        28          0          0          0          0          0   __scatter_zi.o
        12          0          0          0          0         72   exit.o
         6          0          0          0          0        152   heapauxi.o
         0          0          0          0          0          0   indicate_semi.o
         2          0          0          0          0          0   libinit.o
         6          0          0          0          0          0   libinit2.o
         2          0          0          0          0          0   libshutdown.o
         2          0          0          0          0          0   libshutdown2.o
         8          4          0          0         96         68   libspace.o
         2          0          0          0          0          0   rtexit.o
        10          0          0          0          0          0   rtexit2.o
        12          4          0          0          0         68   sys_exit.o
        74          0          0          0          0         80   sys_stackheap_outer.o
         2          0          0          0          0         68   use_no_semi.o
        10          0          0          0          0        116   fpinit.o

    ----------------------------------------------------------------------
       318         16          0          0         96        692   Library Totals
         6          0          0          0          0          0   (incl. Padding)

    ----------------------------------------------------------------------

      Code (inc. data)   RO Data    RW Data    ZI Data      Debug   Library Name

       302         16          0          0         96        576   c_w.l
        10          0          0          0          0        116   fz_wm.l

    ----------------------------------------------------------------------
       318         16          0          0         96        692   Library Totals

    ----------------------------------------------------------------------

==============================================================================


      Code (inc. data)   RO Data    RW Data    ZI Data      Debug   

     11534       1674       1834        316      44020      62830   Grand Totals
     11534       1674       1834         24      44020      62830   ELF Image Totals (compressed)
     11534       1674       1834         24          0          0   ROM Totals

==============================================================================

    Total RO  Size (Code + RO Data)                13368 (  13.05kB)
    Total RW  Size (RW Data + ZI Data)             44336 (  43.30kB)
    Total ROM Size (Code + RO Data + RW Data)      13392 (  13.08kB)

==============================================================================

